
> felony-fitness-app@1.0.1 test:ci
> vitest run --coverage


[1m[46m RUN [49m[22m [36mv4.0.5 [39m[90mC:/Users/david/felony-fitness-app[39m
      [2mCoverage enabled with [22m[33mv8[39m

stderr | tests/pages/MyPlanPage.test.jsx > MyPlanPage Component > Component Rendering and Initial State > renders the page title and header correctly
ΓÜá∩╕Å React Router Future Flag Warning: React Router will begin wrapping state updates in `React.startTransition` in v7. You can use the `v7_startTransition` future flag to opt-in early. For more information, see https://reactrouter.com/v6/upgrading/future#v7_starttransition.
ΓÜá∩╕Å React Router Future Flag Warning: Relative route resolution within Splat routes is changing in v7. You can use the `v7_relativeSplatPath` future flag to opt-in early. For more information, see https://reactrouter.com/v6/upgrading/future#v7_relativesplatpath.

 [31m├ù[39m tests/pages/MyPlanPage.test.jsx[2m > [22mMyPlanPage Component[2m > [22mComponent Rendering and Initial State[2m > [22mrenders the page title and header correctly[32m 150[2mms[22m[39m
[31m   ΓåÆ Unable to find an element with the text: YOUR PLAN. This could be because the text is broken up by multiple elements. In this case, you can provide a function for your text matcher to make your matcher more flexible.

Ignored nodes: comments, script, style
[36m<body>[31m
  [36m<div[31m
    [33mid[31m=[32m"modal-root"[31m
  [36m/>[31m
  [36m<div>[31m
    [36m<div[31m
      [33mclass[31m=[32m"my-plan-container"[31m
    [36m>[31m
      [36m<div[31m
        [33mstyle[31m=[32m"display: grid; grid-template-columns: 44px 1fr 44px; align-items: center; margin-bottom: 2rem;"[31m
      [36m>[31m
        [36m<button[31m
          [33maria-label[31m=[32m"Back"[31m
          [33mstyle[31m=[32m"background: none; border: medium; color: white; cursor: pointer; padding: 0px;"[31m
          [33mtype[31m=[32m"button"[31m
        [36m>[31m
          [36m<svg[31m
            [33maria-hidden[31m=[32m"true"[31m
            [33mclass[31m=[32m"lucide lucide-arrow-left"[31m
            [33mfill[31m=[32m"none"[31m
            [33mheight[31m=[32m"28"[31m
            [33mstroke[31m=[32m"currentColor"[31m
            [33mstroke-linecap[31m=[32m"round"[31m
            [33mstroke-linejoin[31m=[32m"round"[31m
            [33mstroke-width[31m=[32m"2"[31m
            [33mviewBox[31m=[32m"0 0 24 24"[31m
            [33mwidth[31m=[32m"28"[31m
            [33mxmlns[31m=[32m"http://www.w3.org/2000/svg"[31m
          [36m>[31m
            [36m<path[31m
              [33md[31m=[32m"m12 19-7-7 7-7"[31m
            [36m/>[31m
            [36m<path[31m
              [33md[31m=[32m"M19 12H5"[31m
            [36m/>[31m
          [36m</svg>[31m
        [36m</button>[31m
        [36m<div[31m
          [33mstyle[31m=[32m"display: flex; align-items: center; justify-content: center; gap: 0.5rem;"[31m
        [36m>[31m
          [36m<svg[31m
            [33maria-hidden[31m=[32m"true"[31m
            [33mclass[31m=[32m"lucide lucide-clipboard-list"[31m
            [33mfill[31m=[32m"none"[31m
            [33mheight[31m=[32m"28"[31m
            [33mstroke[31m=[32m"var(--accent-color)"[31m
            [33mstroke-linecap[31m=[32m"round"[31m
            [33mstroke-linejoin[31m=[32m"round"[31m
            [33mstroke-width[31m=[32m"2"[31m
            [33mviewBox[31m=[32m"0 0 24 24"[31m
            [33mwidth[31m=[32m"28"[31m
            [33mxmlns[31m=[32m"http://www.w3.org/2000/svg"[31m
          [36m>[31m
            [36m<rect[31m
              [33mheight[31m=[32m"4"[31m
              [33mrx[31m=[32m"1"[31m
              [33mry[31m=[32m"1"[31m
              [33mwidth[31m=[32m"8"[31m
              [33mx[31m=[32m"8"[31m
              [33my[31m=[32m"2"[31m
            [36m/>[31m
            [36m<path[31m
              [33md[31m=[32m"M16 4h2a2 2 0 0 1 2 2v14a2 2 0 0 1-2 2H6a2 2 0 0 1-2-2V6a2 2 0 0 1 2-2h2"[31m
            [36m/>[31m
            [36m<path[31m
              [33md[31m=[32m"M12 11h4"[31m
            [36m/>[31m
            [36m<path[31m
              [33md[31m=[32m"M12 16h4"[31m
            [36m/>[31m
            [36m<path[31m
              [33md[31m=[32m"M8 11h.01"[31m
            [36m/>[31m
            [36m<path[31m
              [33md[31m=[32m"M8 16h.01"[31m
            [36m/>[31m
          [36m</svg>[31m
          [36m<h1[31m
            [33mstyle[31m=[32m"font-size: 1.75rem; font-weight: 800; margin: 0px;"[31m
          [36m>[31m
            [0mMy Plan[0m
          [36m</h1>[31m
        [36m</div>[31m
        [36m<div />[31m
      [36m</div>[31m
      [36m<div[31m
        [33mclass[31m=[32m"loading-message"[31m
      [36m>[31m
        [0mLoading your plan information...[0m
      [36m</div>[31m
    [36m</div>[31m
  [36m</div>[31m
[36m</body>[31m[39m
 [32mΓ£ô[39m tests/pages/MyPlanPage.test.jsx[2m > [22mMyPlanPage Component[2m > [22mComponent Rendering and Initial State[2m > [22mdisplays loading state initially[32m 19[2mms[22m[39m
 [32mΓ£ô[39m tests/pages/MyPlanPage.test.jsx[2m > [22mMyPlanPage Component[2m > [22mComponent Rendering and Initial State[2m > [22mrenders user ID section with visibility toggle[32m 84[2mms[22m[39m
 [32mΓ£ô[39m tests/pages/MyPlanPage.test.jsx[2m > [22mMyPlanPage Component[2m > [22mComponent Rendering and Initial State[2m > [22mrenders footer blurb text[32m 67[2mms[22m[39m
 [31m├ù[39m tests/pages/MyPlanPage.test.jsx[2m > [22mMyPlanPage Component[2m > [22mComponent Rendering and Initial State[2m > [22mrenders settings button[33m 1675[2mms[22m[39m
[31m   ΓåÆ Unable to find role="button" and name `/settings/i`

Ignored nodes: comments, script, style
[36m<body>[31m
  [36m<div>[31m
    [36m<div[31m
      [33mclass[31m=[32m"my-plan-container"[31m
    [36m>[31m
      [36m<div[31m
        [33mstyle[31m=[32m"display: grid; grid-template-columns: 44px 1fr 44px; align-items: center; margin-bottom: 2rem;"[31m
      [36m>[31m
        [36m<button[31m
          [33maria-label[31m=[32m"Back"[31m
          [33mstyle[31m=[32m"background: none; border: medium; color: white; cursor: pointer; padding: 0px;"[31m
          [33mtype[31m=[32m"button"[31m
        [36m>[31m
          [36m<svg[31m
            [33maria-hidden[31m=[32m"true"[31m
            [33mclass[31m=[32m"lucide lucide-arrow-left"[31m
            [33mfill[31m=[32m"none"[31m
            [33mheight[31m=[32m"28"[31m
            [33mstroke[31m=[32m"currentColor"[31m
            [33mstroke-linecap[31m=[32m"round"[31m
            [33mstroke-linejoin[31m=[32m"round"[31m
            [33mstroke-width[31m=[32m"2"[31m
            [33mviewBox[31m=[32m"0 0 24 24"[31m
            [33mwidth[31m=[32m"28"[31m
            [33mxmlns[31m=[32m"http://www.w3.org/2000/svg"[31m
          [36m>[31m
            [36m<path[31m
              [33md[31m=[32m"m12 19-7-7 7-7"[31m
            [36m/>[31m
            [36m<path[31m
              [33md[31m=[32m"M19 12H5"[31m
            [36m/>[31m
          [36m</svg>[31m
        [36m</button>[31m
        [36m<div[31m
          [33mstyle[31m=[32m"display: flex; align-items: center; justify-content: center; gap: 0.5rem;"[31m
        [36m>[31m
          [36m<svg[31m
            [33maria-hidden[31m=[32m"true"[31m
            [33mclass[31m=[32m"lucide lucide-clipboard-list"[31m
            [33mfill[31m=[32m"none"[31m
            [33mheight[31m=[32m"28"[31m
            [33mstroke[31m=[32m"var(--accent-color)"[31m
            [33mstroke-linecap[31m=[32m"round"[31m
            [33mstroke-linejoin[31m=[32m"round"[31m
            [33mstroke-width[31m=[32m"2"[31m
            [33mviewBox[31m=[32m"0 0 24 24"[31m
            [33mwidth[31m=[32m"28"[31m
            [33mxmlns[31m=[32m"http://www.w3.org/2000/svg"[31m
          [36m>[31m
            [36m<rect[31m
              [33mheight[31m=[32m"4"[31m
              [33mrx[31m=[32m"1"[31m
              [33mry[31m=[32m"1"[31m
              [33mwidth[31m=[32m"8"[31m
              [33mx[31m=[32m"8"[31m
              [33my[31m=[32m"2"[31m
            [36m/>[31m
            [36m<path[31m
              [33md[31m=[32m"M16 4h2a2 2 0 0 1 2 2v14a2 2 0 0 1-2 2H6a2 2 0 0 1-2-2V6a2 2 0 0 1 2-2h2"[31m
            [36m/>[31m
            [36m<path[31m
              [33md[31m=[32m"M12 11h4"[31m
            [36m/>[31m
            [36m<path[31m
              [33md[31m=[32m"M12 16h4"[31m
            [36m/>[31m
            [36m<path[31m
              [33md[31m=[32m"M8 11h.01"[31m
            [36m/>[31m
            [36m<path[31m
              [33md[31m=[32m"M8 16h.01"[31m
            [36m/>[31m
          [36m</svg>[31m
          [36m<h1[31m
            [33mstyle[31m=[32m"font-size: 1.75rem; font-weight: 800; margin: 0px;"[31m
          [36m>[31m
            [0mMy Plan[0m
          [36m</h1>[31m
        [36m</div>[31m
        [36m<div />[31m
      [36m</div>[31m
      [36m<div[31m
        [33mclass[31m=[32m"plan-header"[31m
      [36m>[31m
        [36m<h2>[31m
          [0mYOUR PLAN[0m
        [36m</h2>[31m
        [36m<p>[31m
          [0mtest@example.com[0m
        [36m</p>[31m
        [36m<div[31m
          [33mclass[31m=[32m"user-id-section"[31m
        [36m>[31m
          [36m<span>[31m
            [0mUser ID:[0m
          [36m</span>[31m
          [36m<button[31m
            [33mclass[31m=[32m"user-id-toggle"[31m
            [33mtitle[31m=[32m"Show User ID"[31m
          [36m>[31m
            [36m<svg[31m
              [33maria-hidden[31m=[32m"true"[31m
              [33mclass[31m=[32m"lucide lucide-eye"[31m
              [33mfill[31m=[32m"none"[31m
              [33mheight[31m=[32m"16"[31m
              [33mstroke[31m=[32m"currentColor"[31m
              [33mstroke-linecap[31m=[32m"round"[31m
              [33mstroke-linejoin[31m=[32m"round"[31m
              [33mstroke-width[31m=[32m"2"[31m
              [33mviewBox[31m=[32m"0 0 24 24"[31m
              [33mwidth[31m=[32m"16"[31m
              [33mxmlns[31m=[32m"http://www.w3.org/2000/svg"[31m
            [36m>[31m
              [36m<path[31m
                [33md[31m=[32m"M2.062 12.348a1 1 0 0 1 0-.696 10.75 10.75 0 0 1 19.876 0 1 1 0 0 1 0 .696 10.75 10.75 0 0 1-19.876 0"[31m
              [36m/>[31m
              [36m<circle[31m
                [33mcx[31m=[32m"12"[31m
                [33mcy[31m=[32m"12"[31m
                [33mr[31m=[32m"3"[31m
              [36m/>[31m
            [36m</svg>[31m
          [36m</button>[31m
        [36m</div>[31m
      [36m</div>[31m
      [36m<div[31m
        [33mclass[31m=[32m"plans-grid"[31m
      [36m>[31m
        [36m<div[31m
          [33mclass[31m=[32m"plan-card current-plan"[31m
        [36m>[31m
          [36m<div[31m
            [33mclass[31m=[32m"plan-icon"[31m
          [36m>[31m
            [36m<svg[31m
              [33maria-hidden[31m=[32m"true"[31m
              [33mclass[31m=[32m"lucide lucide-diamond"[31m
              [33mfill[31m=[32m"none"[31m
              [33mheight[31m=[32m"24"[31m
              [33mstroke[31m=[32m"currentColor"[31m
              [33mstroke-linecap[31m=[32m"round"[31m
              [33mstroke-linejoin[31m=[32m"round"[31m
              [33mstroke-width[31m=[32m"2"[31m
              [33mviewBox[31m=[32m"0 0 24 24"[31m
              [33mwidth[31m=[32m"24"[31m
              [33mxmlns[31m=[32m"http://www.w3.org/2000/svg"[31m
            [36m>[31m
              [36m<path[31m
                [33md[31m=[32m"M2.7 10.3a2.41 2.41 0 0 0 0 3.41l7.59 7.59a2.41 2.41 0 0 0 3.41 0l7.59-7.59a2.41 2.41 0 0 0 0-3.41l-7.59-7.59a2.41 2.41 0 0 0-3.41 0Z"[31m
              [36m/>[31m
            [36m</svg>[31m
          [36m</div>[31m
          [36m<div[31m
            [33mclass[31m=[32m"plan-details"[31m
          [36m>[31m
            [36m<h3>[31m
              [0m$100 LIFETIME[0m
            [36m</h3>[31m
            [36m<p>[31m
              [0mAll-Access Pass, One-Time Fee[0m
            [36m</p>[31m
          [36m</div>[31m
          [36m<button[31m
            [33mclass[31m=[32m"plan-button current"[31m
          [36m>[31m
            [0mCurrent Plan[0m
          [36m</button>[31m
        [36m</div>[31m
        [36m<div[31m
          [33mclass[31m=[32m"plan-card "[31m
        [36m>[31m
          [36m<div[31m
            [33mclass[31m=[32m"plan-icon"[31m
          [36m>[31m
            [36m<svg[31m
              [33maria-hidden[31m=[32m"true"[31m
              [33mclass[31m=[32m"lucide lucide-shield-check"[31m
              [33mfill[31m=[32m"none"[31m
              [33mheight[31m=[32m"24"[31m
              [33mstroke[31m=[32m"currentColor"[31m
              [33mstroke-linecap[31m=[32m"round"[31m
              [33mstroke-linejoin[31m=[32m"round"[31m
              [33mstroke-width[31m=[32m"2"[31m
              [33mviewBox[31m=[32m"0 0 24 24"[31m
              [33mwidth[31m=[32m"24"[31m
              [33mxmlns[31m=[32m"http://www.w3.org/2000/svg"[31m
            [36m>[31m
              [36m<path[31m
                [33md[31m=[32m"M20 13c0 5-3.5 7.5-7.66 8.95a1 1 0 0 1-.67-.01C7.5 20.5 4 18 4 13V6a1 1 0 0 1 1-1c2 0 4.5-1.2 6.24-2.72a1.17 1.17 0 0 1 1.52 0C14.51 3.81 17 5 19 5a1 1 0 0 1 1 1z"[31m
              [36m/>[31m
              [36m<path[31m
                [33md[31m=[32m"m9 12 2 2 4-4"[31m
              [36m/>[31m
            [36m</svg>[31m
          [36m</div>[31m
          [36m<div[31m
            [33mclass[31m=[32m"plan-details"[31m
          [36m>[31m
            [36m<h3>[31m
              [0mFREE - SPONSORED[0m
            [36m</h3>[31m
            [36m<p>[31m
              [0mFull Access ΓÇó Community Support[0m
            [36m</p>[31m
          [36m</div>[31m
          [36m<button[31m
            [33mclass[31m=[32m"plan-button "[31m
          [36m>[31m
            [0mUpgrade Now[0m
          [36m</button>[31m
        [36m</div>[31m
        [36m<div[31m
          [33mclass[31m=[32m"plan-card "[31m
        [36m>[31m
          [36m<div[31m
            [33mclass[31m=[32m"plan-icon"[31m
          [36m>[31m
            [36m<svg[31m
              [33maria-hidden[31m=[32m"true"[31m
              [33mclass[31m=[32m"lucide lucide-zap"[31m
              [33mfill[31m=[32m"none"[31m
              [33mheight[31m=[32m"24"[31m
              [33mstroke[31m=[32m"currentColor"[31m
              [33mstroke-linecap[31m=[32m"round"[31m
              [33mstroke-linejoin[31m=[32m"round"[31m
              [33mstroke-width[31m=[32m"2"[31m
              [33mviewBox[31m=[32m"0 0 24 24"[31m
              [33mwidth[31m=[32m"24"[31m
              [33mxmlns[31m=[32m"http://www.w3.org/2000/svg"[31m
            [36m>[31m
              [36m<path[31m
                [33md[31m=[32m"M4 14a1 1 0 0 1-.78-1.63l9.9-10.2a.5.5 0 0 1 .86.46l-1.92 6.02A1 1 0 0 0 13 10h7a1 1 0 0 1 .78 1.63l-9.9 10.2a.5.5 0 0 1-.86-.46l1.92-6.02A1 1 0 0 0 11 14z"[31m
              [36m/>[31m
            [36m</svg>[31m
          [36m</div>[31m
          [36m<div[31m
            [33mclass[31m=[32m"plan-details"[31m
          [36m>[31m
            [36m<h3>[31m
              [0mFREE (INCOME BASED)[0m
            [36m</h3>[31m
            [36m<p>[31m
              [0mFull Access, Based on Eligibility[0m
            [36m</p>[31m
          [36m</div>[31m
          [36m<button[31m
            [33mclass[31m=[32m"plan-button "[31m
          [36m>[31m
            [0mUpgrade Now[0m
          [36m</button>[31m
        [36m</div>[31m
        [36m<div[31m
          [33mclass[31m=[32m"plan-card "[31m
        [36m>[31m
          [36m<div[31m
            [33mclass[31m=[32m"plan-icon"[31m
          [36m>[31m
            [36m<svg[31m
              [33maria-hidden[31m=[32m"true"[31m
              [33mclass[31m=[32m"lucide lucide-key"[31m
              [33mfill[31m=[32m"none"[31m
              [33mheight[31m=[32m"24"[31m
              [33mstroke[31m=[32m"currentColor"[31m
              [33mstroke-linecap[31m=[32m"round"[31m
              [33mstroke-linejoin[31m=[32m"round"[31m
              [33mstroke-width[31m=[32m"2"[31m
              [33mviewBox[31m=[32m"0 0 24 24"[31m
              [33mwidth[31m=[32m"24"[31m
              [33mxmlns[31m=[32m"http://www.w3.org/2000/svg"[31m
            [36m>[31m
              [36m<path[31m
                [33md[31m=[32m"m15.5 7.5 2.3 2.3a1 1 0 0 0 1.4 0l2.1-2.1a1 1 0 0 0 0-1.4L19 4"[31m
              [36m/>[31m
              [36m<path[31m
                [33md[31m=[32m"m21 2-9.6 9.6"[31m
              [36m/>[31m
              [36m<circle[31m
                [33mcx[31m=[32m"7.5"[31m
                [33mcy[31m=[32m"15.5"[31m
                [33mr[31m=[32m"5.5"[31m
              [36m/>[31m
            [36m</svg>[31m
          [36m</div>[31m
          [36m<div[31m
            [33mclass[31m=[32m"plan-details"[31m
          [36m>[31m
            [36m<h3>[31m
              [0mFREE (90 DAYS)[0m
            [36m</h3>[31m
            [36m<p>[31m
              [0mFull Access, Limited Time[0m
            [36m</p>[31m
          [36m</div>[31m
          [36m<button[31m
            [33mclass[31m=[32m"plan-button "[31m
          [36m>[31m
            [0mUpgrade Now[0m
          [36m</button>[31m
        [36m</div>[31m
        [36m<div[31m
          [33mclass[31m=[32m"plan-card "[31m
        [36m>[31m
          [36m<div[31m
            [33mclass[31m=[32m"plan-icon"[31m
          [36m>[31m
            [36m<svg[31m
              [33maria-hidden[31m=[32m"true"[31m
              [33mclass[31m=[32m"lucide lucide-dollar-sign"[31m
              [33mfill[31m=[32m"none"[31m
              [33mheight[31m=[32m"24"[31m
              [33mstroke[31m=[32m"currentColor"[31m
              [33mstroke-linecap[31m=[32m"round"[31m
              [33mstroke-linejoin[31m=[32m"round"[31m
              [33mstroke-width[31m=[32m"2"[31m
              [33mviewBox[31m=[32m"0 0 24 24"[31m
              [33mwidth[31m=[32m"24"[31m
              [33mxmlns[31m=[32m"http://www.w3.org/2000/svg"[31m
            [36m>[31m
              [36m<line[31m
                [33mx1[31m=[32m"12"[31m
                [33mx2[31m=[32m"12"[31m
                [33my1[31m=[32m"2"[31m
                [33my2[31m=[32m"22"[31m
              [36m/>[31m
              [36m<path[31m
                [33md[31m=[32m"M17 5H9.5a3.5 3.5 0 0 0 0 7h5a3.5 3.5 0 0 1 0 7H6"[31m
              [36m/>[31m
            [36m</svg>[31m
          [36m</div>[31m
          [36m<div[31m
            [33mclass[31m=[32m"plan-details"[31m
          [36m>[31m
            [36m<h3>[31m
              [0m$10 / MONTH[0m
            [36m</h3>[31m
            [36m<p>[31m
              [0mFull Access + Bonus Content[0m
            [36m</p>[31m
          [36m</div>[31m
          [36m<button[31m
            [33mclass[31m=[32m"plan-button "[31m
          [36m>[31m
            [0mUpgrade Now[0m
          [36m</button>[31m
        [36m</div>[31m
        [36m<div[31m
          [33mclass[31m=[32m"plan-card "[31m
        [36m>[31m
          [36m<div[31m
            [33mclass[31m=[32m"plan-icon"[31m
          [36m>[31m
            [36m<svg[31m
              [33maria-hidden[31m=[32m"true"[31m
              [33mclass[31m=[32m"lucide lucide-clipboard-list"[31m
              [33mfill[31m=[32m"none"[31m
              [33mheight[31m=[32m"24"[31m
              [33mstroke[31m=[32m"currentColor"[31m
              [33mstroke-linecap[31m=[32m"round"[31m
              [33mstroke-linejoin[31m=[32m"round"[31m
              [33mstroke-width[31m=[32m"2"[31m
              [33mviewBox[31m=[32m"0 0 24 24"[31m
              [33mwidth[31m=[32m"24"[31m
              [33mxmlns[31m=[32m"http://www.w3.org/2000/svg"[31m
            [36m>[31m
              [36m<rect[31m
                [33mheight[31m=[32m"4"[31m
                [33mrx[31m=[32m"1"[31m
                [33mry[31m=[32m"1"[31m
                [33mwidth[31m=[32m"8"[31m
                [33mx[31m=[32m"8"[31m
                [33my[31m=[32m"2"[31m
              [36m/>[31m
              [36m<path[31m
                [33md[31m=[32m"M16 4h2a2 2 0 0 1 2 2v14a2 2 0 0 1-2 2H6a2 2 0 0 1-2-2V6a2 2 0 0 1 2-2h2"[31m
              [36m/>[31m
              [36m<path[31m
                [33md[31m=[32m"M12 11h4"[31m
              [36m/>[31m
              [36m<path[31m
                [33md[31m=[32m"M12 16h4"[31m
              [36m/>[31m
              [36m<path[31m
                [33md[31m=[32m"M8 11h.01"[31m
              [36m/>[31m
              [36m<path[31m
                [33md[31m=[32m"M8 16h.01"[31m
              [36m/>[31m
            [36m</svg>[31m
          [36m</div>[31m
          [36m<div[31m
            [33mclass[31m=[32m"plan-details"[31m
          [36m>[31m
            [36m<h3>[31m
              [0m$100 / MONTH[0m
            [36m</h3>[31m
            [36m<p>[31m
              [0m1-on-1 Training + Full Access[0m
            [36m</p>[31m
          [36m</div>[31m
          [36m<button[31m
            [33mclass[31m=[32m"plan-button "[31m
          [36m>[31m
            [0mUpgrade Now[0m
          [36m</button>[31m
        [36m</div>[31m
      [36m</div>[31m
      [36m<p[31m
        [33mclass[31m=[32m"footer-blurb"[31m
      [36m>[31m
        [0mEvery plan is built to support your comeback. Choose what fuels you.[0m
      [36m</p>[31m
      [36m<button[31m
        [33mclass[31m=[32m"settings-button"[31m
      [36m>[31m
        [36m<svg[31m
          [33maria-hidden[31m=[32m"true"[31m
          [33mclass[31m=[32m"lucide lucide-settings"[31m
          [33mfill[31m=[32m"none"[31m
          [33mheight[31m=[32m"24"[31m
          [33mstroke[31m=[32m"currentColor"[31m
          [33mstroke-linecap[31m=[32m"round"[31m
          [33mstroke-linejoin[31m=[32m"round"[31m
          [33mstroke-width[31m=[32m"2"[31m
          [33mviewBox[31m=[32m"0 0 24 24"[31m
          [33mwidth[31m=[32m"24"[31m
          [33mxmlns[31m=[32m"http://www.w3.org/2000/svg"[31m
        [36m>[31m
          [36m<path[31m
            [33md[31m=[32m"M9.671 4.136a2.34 2.34 0 0 1 4.659 0 2.34 2.34 0 0 0 3.319 1.915 2.34 2.34 0 0 1 2.33 4.033 2.34 2.34 0 0 0 0 3.831 2.34 2.34 0 0 1-2.33 4.033 2.34 2.34 0 0 0-3.319 1.915 2.34 2.34 0 0 1-4.659 0 2.34 2.34 0 0 0-3.32-1.915 2.34 2.34 0 0 1-2.33-4.033 2.34 2.34 0 0 0 0-3.831A2.34 2.34 0 0 1 6.35 6.051a2.34 2.34 0 0 0 3.319-1.915"[31m
          [36m/>[31m
          [36m<circle[31m
            [33mcx[31m=[32m"12"[31m
            [33mcy[31m=[32m"12"[31m
            [33mr[31m=[32m"3"[31m
          [36m/>[31m
        [36m</svg>[31m
      [36m</button>[31m
    [36m</div>[31m
  [36m</div>[31m
[36m</body>[31m

Ignored nodes: comments, script, style
[36m<html>[31m
  [36m<head />[31m
  [36m<body>[31m
    [36m<div>[31m
      [36m<div[31m
        [33mclass[31m=[32m"my-plan-container"[31m
      [36m>[31m
        [36m<div[31m
          [33mstyle[31m=[32m"display: grid; grid-template-columns: 44px 1fr 44px; align-items: center; margin-bottom: 2rem;"[31m
        [36m>[31m
          [36m<button[31m
            [33maria-label[31m=[32m"Back"[31m
            [33mstyle[31m=[32m"background: none; border: medium; color: white; cursor: pointer; padding: 0px;"[31m
            [33mtype[31m=[32m"button"[31m
          [36m>[31m
            [36m<svg[31m
              [33maria-hidden[31m=[32m"true"[31m
              [33mclass[31m=[32m"lucide lucide-arrow-left"[31m
              [33mfill[31m=[32m"none"[31m
              [33mheight[31m=[32m"28"[31m
              [33mstroke[31m=[32m"currentColor"[31m
              [33mstroke-linecap[31m=[32m"round"[31m
              [33mstroke-linejoin[31m=[32m"round"[31m
              [33mstroke-width[31m=[32m"2"[31m
              [33mviewBox[31m=[32m"0 0 24 24"[31m
              [33mwidth[31m=[32m"28"[31m
              [33mxmlns[31m=[32m"http://www.w3.org/2000/svg"[31m
            [36m>[31m
              [36m<path[31m
                [33md[31m=[32m"m12 19-7-7 7-7"[31m
              [36m/>[31m
              [36m<path[31m
                [33md[31m=[32m"M19 12H5"[31m
              [36m/>[31m
            [36m</svg>[31m
          [36m</button>[31m
          [36m<div[31m
            [33mstyle[31m=[32m"display: flex; align-items: center; justify-content: center; gap: 0.5rem;"[31m
          [36m>[31m
            [36m<svg[31m
              [33maria-hidden[31m=[32m"true"[31m
              [33mclass[31m=[32m"lucide lucide-clipboard-list"[31m
              [33mfill[31m=[32m"none"[31m
              [33mheight[31m=[32m"28"[31m
              [33mstroke[31m=[32m"var(--accent-color)"[31m
              [33mstroke-linecap[31m=[32m"round"[31m
              [33mstroke-linejoin[31m=[32m"round"[31m
              [33mstroke-width[31m=[32m"2"[31m
              [33mviewBox[31m=[32m"0 0 24 24"[31m
              [33mwidth[31m=[32m"28"[31m
              [33mxmlns[31m=[32m"http://www.w3.org/2000/svg"[31m
            [36m>[31m
              [36m<rect[31m
                [33mheight[31m=[32m"4"[31m
                [33mrx[31m=[32m"1"[31m
                [33mry[31m=[32m"1"[31m
                [33mwidth[31m=[32m"8"[31m
                [33mx[31m=[32m"8"[31m
                [33my[31m=[32m"2"[31m
              [36m/>[31m
              [36m<path[31m
                [33md[31m=[32m"M16 4h2a2 2 0 0 1 2 2v14a2 2 0 0 1-2 2H6a2 2 0 0 1-2-2V6a2 2 0 0 1 2-2h2"[31m
              [36m/>[31m
              [36m<path[31m
                [33md[31m=[32m"M12 11h4"[31m
              [36m/>[31m
              [36m<path[31m
                [33md[31m=[32m"M12 16h4"[31m
              [36m/>[31m
              [36m<path[31m
                [33md[31m=[32m"M8 11h.01"[31m
              [36m/>[31m
              [36m<path[31m
                [33md[31m=[32m"M8 16h.01"[31m
              [36m/>[31m
            [36m</svg>[31m
            [36m<h1[31m
              [33mstyle[31m=[32m"font-size: 1.75rem; font-weight: 800; margin: 0px;"[31m
            [36m>[31m
              [0mMy Plan[0m
            [36m</h1>[31m
          [36m</div>[31m
          [36m<div />[31m
        [36m</div>[31m
        [36m<div[31m
          [33mclass[31m=[32m"plan-header"[31m
        [36m>[31m
          [36m<h2>[31m
            [0mYOUR PLAN[0m
          [36m</h2>[31m
          [36m<p>[31m
            [0mtest@example.com[0m
          [36m</p>[31m
          [36m<div[31m
            [33mclass[31m=[32m"user-id-section"[31m
          [36m>[31m
            [36m<span>[31m
              [0mUser ID:[0m
            [36m</span>[31m
            [36m<button[31m
              [33mclass[31m=[32m"user-id-toggle"[31m
              [33mtitle[31m=[32m"Show User ID"[31m
            [36m>[31m
              [36m<svg[31m
                [33maria-hidden[31m=[32m"true"[31m
                [33mclass[31m=[32m"lucide lucide-eye"[31m
                [33mfill[31m=[32m"none"[31m
                [33mheight[31m=[32m"16"[31m
                [33mstroke[31m=[32m"currentColor"[31m
                [33mstroke-linecap[31m=[32m"round"[31m
                [33mstroke-linejoin[31m=[32m"round"[31m
                [33mstroke-width[31m=[32m"2"[31m
                [33mviewBox[31m=[32m"0 0 24 24"[31m
                [33mwidth[31m=[32m"16"[31m
                [33mxmlns[31m=[32m"http://www.w3.org/2000/svg"[31m
              [36m>[31m
                [36m<path[31m
                  [33md[31m=[32m"M2.062 12.348a1 1 0 0 1 0-.696 10.75 10.75 0 0 1 19.876 0 1 1 0 0 1 0 .696 10.75 10.75 0 0 1-19.876 0"[31m
                [36m/>[31m
                [36m<circle[31m
                  [33mcx[31m=[32m"12"[31m
                  [33mcy[31m=[32m"12"[31m
                  [33mr[31m=[32m"3"[31m
                [36m/>[31m
              [36m</svg>[31m
            [36m</button>[31m
          [36m</div>[31m
        [36m</div>[31m
        [36m<div[31m
          [33mclass[31m=[32m"plans-grid"[31m
        [36m>[31m
          [36m<div[31m
            [33mclass[31m=[32m"plan-card current-plan"[31m
          [36m>[31m
            [36m<div[31m
              [33mclass[31m=[32m"plan-icon"[31m
            [36m>[31m
              [36m<svg[31m
                [33maria-hidden[31m=[32m"true"[31m
                [33mclass[31m=[32m"lucide lucide-diamond"[31m
                [33mfill[31m=[32m"none"[31m
                [33mheight[31m=[32m"24"[31m
                [33mstroke[31m=[32m"currentColor"[31m
                [33mstroke-linecap[31m=[32m"round"[31m
                [33mstroke-linejoin[31m=[32m"round"[31m
                [33mstroke-width[31m=[32m"2"[31m
                [33mviewBox[31m=[32m"0 0 24 24"[31m
                [33mwidth[31m=[32m"24"[31m
                [33mxmlns[31m=[32m"http://www.w3.org/2000/svg"[31m
              [36m>[31m
                [36m<path[31m
                  [33md[31m=[32m"M2.7 10.3a2.41 2.41 0 0 0 0 3.41l7.59 7.59a2.41 2.41 0 0 0 3.41 0l7.59-7.59a2.41 2.41 0 0 0 0-3.41l-7.59-7.59a2.41 2.41 0 0 0-3.41 0Z"[31m
                [36m/>[31m
              [36m</svg>[31m
            [36m</div>[31m
            [36m<div[31m
              [33mclass[31m=[32m"plan-details"[31m
            [36m>[31m
              [36m<h3>[31m
                [0m$100 LIFETIME[0m
              [36m</h3>[31m
              [36m<p>[31m
                [0mAll-Access Pass, One-Time Fee[0m
              [36m</p>[31m
            [36m</div>[31m
            [36m<button[31m
              [33mclass[31m=[32m"plan-button current"[31m
            [36m>[31m
              [0mCurrent Plan[0m
            [36m</button>[31m
          [36m</div>[31m
          [36m<div[31m
            [33mclass[31m=[32m"plan-card "[31m
          [36m>[31m
            [36m<div[31m
              [33mclass[31m=[32m"plan-icon"[31m
            [36m>[31m
              [36m<svg[31m
                [33maria-hidden[31m=[32m"true"[31m
                [33mclass[31m=[32m"lucide lucide-shield-check"[31m
                [33mfill[31m=[32m"none"[31m
                [33mheight[31m=[32m"24"[31m
                [33mstroke[31m=[32m"currentColor"[31m
                [33mstroke-linecap[31m=[32m"round"[31m
                [33mstroke-linejoin[31m=[32m"round"[31m
                [33mstroke-width[31m=[32m"2"[31m
                [33mviewBox[31m=[32m"0 0 24 24"[31m
                [33mwidth[31m=[32m"24"[31m
                [33mxmlns[31m=[32m"http://www.w3.org/2000/svg"[31m
              [36m>[31m
                [36m<path[31m
                  [33md[31m=[32m"M20 13c0 5-3.5 7.5-7.66 8.95a1 1 0 0 1-.67-.01C7.5 20.5 4 18 4 13V6a1 1 0 0 1 1-1c2 0 4.5-1.2 6.24-2.72a1.17 1.17 0 0 1 1.52 0C14.51 3.81 17 5 19 5a1 1 0 0 1 1 1z"[31m
                [36m/>[31m
                [36m<path[31m
                  [33md[31m=[32m"m9 12 2 2 4-4"[31m
                [36m/>[31m
              [36m</svg>[31m
            [36m</div>[31m
            [36m<div[31m
              [33mclass[31m=[32m"plan-details"[31m
            [36m>[31m
              [36m<h3>[31m
                [0mFREE - SPONSORED[0m
              [36m</h3>[31m
              [36m<p>[31m
                [0mFull Access ΓÇó Community Support[0m
              [36m</p>[31m
            [36m</div>[31m
            [36m<button[31m
              [33mclass[31m=[32m"plan-button "[31m
            [36m>[31m
              [0mUpgrade Now[0m
            [36m</button>[31m
          [36m</div>[31m
          [36m<div[31m
            [33mclass[31m=[32m"plan-card "[31m
          [36m>[31m
            [36m<div[31m
              [33mclass[31m=[32m"plan-icon"[31m
            [36m>[31m
              [36m<svg[31m
                [33maria-hidden[31m=[32m"true"[31m
                [33mclass[31m=[32m"lucide lucide-zap"[31m
                [33mfill[31m=[32m"none"[31m
                [33mheight[31m=[32m"24"[31m
                [33mstroke[31m=[32m"currentColor"[31m
                [33mstroke-linecap[31m=[32m"round"[31m
                [33mstroke-linejoin[31m=[32m"round"[31m
                [33mstroke-width[31m=[32m"2"[31m
                [33mviewBox[31m=[32m"0 0 24 24"[31m
                [33mwidth[31m=[32m"24"[31m
                [33mxmlns[31m=[32m"http://www.w3.org/2000/svg"[31m
              [36m>[31m
                [36m<path[31m
                  [33md[31m=[32m"M4 14a1 1 0 0 1-.78-1.63l9.9-10.2a.5.5 0 0 1 .86.46l-1.92 6.02A1 1 0 0 0 13 10h7a1 1 0 0 1 .78 1.63l-9.9 10.2a.5.5 0 0 1-.86-.46l1.92-6.02A1 1 0 0 0 11 14z"[31m
                [36m/>[31m
              [36m</svg>[31m
            [36m</div>[31m
            [36m<div[31m
              [33mclass[31m=[32m"plan-details"[31m
            [36m>[31m
              [36m<h3>[31m
                [0mFREE (INCOME BASED)[0m
              [36m</h3>[31m
              [36m<p>[31m
                [0mFull Access, Based on Eligibility[0m
              [36m</p>[31m
            [36m</div>[31m
            [36m<button[31m
              [33mclass[31m=[32m"plan-button "[31m
            [36m>[31m
              [0mUpgrade Now[0m
            [36m</button>[31m
          [36m</div>[31m
          [36m<div[31m
            [33mclass[31m=[32m"plan-card "[31m
          [36m>[31m
            [36m<div[31m
              [33mclass[31m=[32m"plan-icon"[31m
            [36m>[31m
              [36m<svg[31m
                [33maria-hidden[31m=[32m"true"[31m
                [33mclass[31m=[32m"lucide lucide-key"[31m
                [33mfill[31m=[32m"none"[31m
                [33mheight[31m=[32m"24"[31m
                [33mstroke[31m=[32m"currentColor"[31m
                [33mstroke-linecap[31m=[32m"round"[31m
                [33mstroke-linejoin[31m=[32m"round"[31m
                [33mstroke-width[31m=[32m"2"[31m
                [33mviewBox[31m=[32m"0 0 24 24"[31m
                [33mwidth[31m=[32m"24"[31m
                [33mxmlns[31m=[32m"http://www.w3.org/2000/svg"[31m
              [36m>[31m
                [36m<path[31m
                  [33md[31m=[32m"m15.5 7.5 2.3 2.3a1 1 0 0 0 1.4 0l2.1-2.1a1 1 0 0 0 0-1.4L19 4"[31m
                [36m/>[31m
                [36m<path[31m
                  [33md[31m=[32m"m21 2-9.6 9.6"[31m
                [36m/>[31m
                [36m<circle[31m
                  [33mcx[31m=[32m"7.5"[31m
                  [33mcy[31m=[32m"15.5"[31m
                  [33mr[31m=[32m"5.5"[31m
                [36m/>[31m
              [36m</svg>[31m
            [36m</div>[31m
            [36m<div[31m
              [33mclass[31m=[32m"plan-details"[31m
            [36m>[31m
              [36m<h3>[31m
                [0mFREE (90 DAYS)[0m
              [36m</h3>[31m
              [36m<p>[31m
                [0mFull Access, Limited Time[0m
              [36m</p>[31m
            [36m</div>[31m
            [36m<button[31m
              [33mclass[31m=[32m"plan-button "[31m
            [36m>[31m
              [0mUpgrade Now[0m
            [36m</button>[31m
          [36m</div>[31m
          [36m<div[31m
            [33mclass[31m=[32m"plan-card "[31m
          [36m>[31m
            [36m<div[31m
              [33mclass[31m=[32m"plan-icon"[31m
            [36m>[31m
              [36m<svg[31m
                [33maria-hidden[31m=[32m"true"[31m
                [33mclass[31m=[32m"lucide lucide-dollar-sign"[31m
                [33mfill[31m=[32m"none"[31m
                [33mheight[31m=[32m"24"[31m
                [33mstroke[31m=[32m"currentColor"[31m
                [33mstroke-linecap[31m=[32m"round"[31m
                [33mstroke-linejoin[31m=[32m"round"[31m
                [33mstroke-width[31m=[32m"2"[31m
                [33mviewBox[31m=[32m"0 0 24 24"[31m
                [33mwidth[31m=[32m"24"[31m
                [33mxmlns[31m=[32m"http://www.w3.org/2000/svg"[31m
              [36m>[31m
                [36m<line[31m
                  [33mx1[31m=[32m"12"[31m
                  [33mx2[31m=[32m"12"[31m
                  [33my1[31m=[32m"2"[31m
                  [33my2[31m=[32m"22"[31m
                [36m/>[31m
                [36m<path[31m
                  [33md[31m=[32m"M17 5H9.5a3.5 3.5 0 0 0 0 7h5a3.5 3.5 0 0 1 0 7H6"[31m
                [36m/>[31m
              [36m</svg>[31m
            [36m</div>[31m
            [36m<div[31m
              [33mclass[31m=[32m"plan-details"[31m
            [36m>[31m
              [36m<h3>[31m
                [0m$10 / MONTH[0m
              [36m</h3>[31m
              [36m<p>[31m
                [0mFull Access + Bonus Content[0m
              [36m</p>[31m
            [36m</div>[31m
            [36m<button[31m
              [33mclass[31m=[32m"plan-button "[31m
            [36m>[31m
              [0mUpgrade Now[0m
            [36m</button>[31m
          [36m</div>[31m
          [36m<div[31m
            [33mclass[31m=[32m"plan-card "[31m
          [36m>[31m
            [36m<div[31m
              [33mclass[31m=[32m"plan-icon"[31m
            [36m>[31m
              [36m<svg[31m
                [33maria-hidden[31m=[32m"true"[31m
                [33mclass[31m=[32m"lucide lucide-clipboard-list"[31m
                [33mfill[31m=[32m"none"[31m
                [33mheight[31m=[32m"24"[31m
                [33mstroke[31m=[32m"currentColor"[31m
                [33mstroke-linecap[31m=[32m"round"[31m
                [33mstroke-linejoin[31m=[32m"round"[31m
                [33mstroke-width[31m=[32m"2"[31m
                [33mviewBox[31m=[32m"0 0 24 24"[31m
                [33mwidth[31m=[32m"24"[31m
                [33mxmlns[31m=[32m"http://www.w3.org/2000/svg"[31m
              [36m>[31m
                [36m<rect[31m
                  [33mheight[31m=[32m"4"[31m
                  [33mrx[31m=[32m"1"[31m
                  [33mry[31m=[32m"1"[31m
                  [33mwidth[31m=[32m"8"[31m
                  [33mx[31m=[32m"8"[31m
                  [33my[31m=[32m"2"[31m
                [36m/>[31m
                [36m<path[31m
                  [33md[31m=[32m"M16 4h2a2 2 0 0 1 2 2v14a2 2 0 0 1-2 2H6a2 2 0 0 1-2-2V6a2 2 0 0 1 2-2h2"[31m
                [36m/>[31m
                [36m<path[31m
                  [33md[31m=[32m"M12 11h4"[31m
                [36m/>[31m
                [36m<path[31m
                  [33md[31m=[32m"M12 16h4"[31m
                [36m/>[31m
                [36m<path[31m
                  [33md[31m=[32m"M8 11h.01"[31m
                [36m/>[31m
                [36m<path[31m
                  [33md[31m=[32m"M8 16h.01"[31m
                [36m/>[31m
              [36m</svg>[31m
            [36m</div>[31m
            [36m<div[31m
              [33mclass[31m=[32m"plan-details"[31m
            [36m>[31m
              [36m<h3>[31m
                [0m$100 / MONTH[0m
              [36m</h3>[31m
              [36m<p>[31m
                [0m1-on-1 Training + Full Access[0m
              [36m</p>[31m
            [36m</div>[31m
            [36m<button[31m
              [33mclass[31m=[32m"plan-button "[31m
            [36m>[31m
              [0mUpgrade Now[0m
            [36m</button>[31m
          [36m</div>[31m
        [36m</div>[31m
        [36m<p[31m
          [33mclass[31m=[32m"footer-blurb"[31m
        [36m>[31m
          [0mEvery plan is built to support your comeback. Choose what fuels you.[0m
        [36m</p>[31m
        [36m<button[31m
          [33mclass[31m=[32m"settings-button"[31m
        [36m>[31m
          [36m<svg[31m
            [33maria-hidden[31m=[32m"true"[31m
            [33mclass[31m=[32m"lucide lucide-settings"[31m
            [33mfill[31m=[32m"none"[31m
            [33mheight[31m=[32m"24"[31m
            [33mstroke[31m=[32m"currentColor"[31m
            [33mstroke-linecap[31m=[32m"round"[31m
            [33mstroke-linejoin[31m=[32m"round"[31m
            [33mstroke-width[31m=[32m"2"[31m
            [33mviewBox[31m=[32m"0 0 24 24"[31m
            [33mwidth[31m=[32m"24"[31m
            [33mxmlns[31m=[32m"http://www.w3.org/2000/svg"[31m
          [36m>[31m
            [36m<path[31m
              [33md[31m=[32m"M9.671 4.136a2.34 2.34 0 0 1 4.659 0 2.34 2.34 0 0 0 3.319 1.915 2.34 2.34 0 0 1 2.33 4.033 2.34 2.34 0 0 0 0 3.831 2.34 2.34 0 0 1-2.33 4.033 2.34 2.34 0 0 0-3.319 1.915 2.34 2.34 0 0 1-4.659 0 2.34 2.34 0 0 0-3.32-1.915 2.34 2.34 0 0 1-2.33-4.033 2.34 2.34 0 0 0 0-3.831A2.34 2.34 0 0 1 6.35 6.051a2.34 2.34 0 0 0 3.319-1.915"[31m
            [36m/>[31m
            [36m<circle[31m
              [33mcx[31m=[32m"12"[31m
              [33mcy[31m=[32m"12"[31m
              [33mr[31m=[32m"3"[31m
            [36m/>[31m
          [36m</svg>[31m
        [36m</button>[31m
      [36m</div>[31m
    [36m</div>[31m
  [36m</body>[31m
[36m</html>[31m[39m
 [32mΓ£ô[39m tests/pages/MyPlanPage.test.jsx[2m > [22mMyPlanPage Component[2m > [22mPlans Data Loading and Display[2m > [22mloads plans data from Supabase on mount[32m 45[2mms[22m[39m
 [31m├ù[39m tests/pages/MyPlanPage.test.jsx[2m > [22mMyPlanPage Component[2m > [22mPlans Data Loading and Display[2m > [22mloads user profile data from Supabase on mount[32m 70[2mms[22m[39m
[31m   ΓåÆ expected "vi.fn()" to be called with arguments: [ 'user_profiles' ][90m

Received: 

[1m  1st vi.fn() call:

[22m[2m  [[22m
[32m-   "user_profiles",[90m
[31m+   "plans",[90m
[2m  ][22m
[31m[90m

Number of calls: [1m1[22m
[31m[39m
 [32mΓ£ô[39m tests/pages/MyPlanPage.test.jsx[2m > [22mMyPlanPage Component[2m > [22mPlans Data Loading and Display[2m > [22mdisplays all plan cards when data loads successfully[32m 142[2mms[22m[39m
 [32mΓ£ô[39m tests/pages/MyPlanPage.test.jsx[2m > [22mMyPlanPage Component[2m > [22mPlans Data Loading and Display[2m > [22mhighlights current plan based on user profile[32m 107[2mms[22m[39m
 [32mΓ£ô[39m tests/pages/MyPlanPage.test.jsx[2m > [22mMyPlanPage Component[2m > [22mPlans Data Loading and Display[2m > [22mshows Sponsored as current plan when user has no plan_type[32m 90[2mms[22m[39m
 [32mΓ£ô[39m tests/pages/MyPlanPage.test.jsx[2m > [22mMyPlanPage Component[2m > [22mPlans Data Loading and Display[2m > [22morders plans with current plan first[33m 539[2mms[22m[39m
 [32mΓ£ô[39m tests/pages/MyPlanPage.test.jsx[2m > [22mMyPlanPage Component[2m > [22mUser ID Functionality[2m > [22mtoggles user ID visibility when eye icon is clicked[32m 257[2mms[22m[39m
 [32mΓ£ô[39m tests/pages/MyPlanPage.test.jsx[2m > [22mMyPlanPage Component[2m > [22mUser ID Functionality[2m > [22mcopies user ID to clipboard when copy button is clicked[32m 247[2mms[22m[39m
 [32mΓ£ô[39m tests/pages/MyPlanPage.test.jsx[2m > [22mMyPlanPage Component[2m > [22mUser ID Functionality[2m > [22mhandles copy failure gracefully[32m 177[2mms[22m[39m
 [31m├ù[39m tests/pages/MyPlanPage.test.jsx[2m > [22mMyPlanPage Component[2m > [22mSettings Modal Functionality[2m > [22mopens settings modal when settings button is clicked[33m 1071[2mms[22m[39m
[31m   ΓåÆ Unable to find role="button" and name `/settings/i`

Ignored nodes: comments, script, style
[36m<body>[31m
  [36m<div>[31m
    [36m<div[31m
      [33mclass[31m=[32m"my-plan-container"[31m
    [36m>[31m
      [36m<div[31m
        [33mstyle[31m=[32m"display: grid; grid-template-columns: 44px 1fr 44px; align-items: center; margin-bottom: 2rem;"[31m
      [36m>[31m
        [36m<button[31m
          [33maria-label[31m=[32m"Back"[31m
          [33mstyle[31m=[32m"background: none; border: medium; color: white; cursor: pointer; padding: 0px;"[31m
          [33mtype[31m=[32m"button"[31m
        [36m>[31m
          [36m<svg[31m
            [33maria-hidden[31m=[32m"true"[31m
            [33mclass[31m=[32m"lucide lucide-arrow-left"[31m
            [33mfill[31m=[32m"none"[31m
            [33mheight[31m=[32m"28"[31m
            [33mstroke[31m=[32m"currentColor"[31m
            [33mstroke-linecap[31m=[32m"round"[31m
            [33mstroke-linejoin[31m=[32m"round"[31m
            [33mstroke-width[31m=[32m"2"[31m
            [33mviewBox[31m=[32m"0 0 24 24"[31m
            [33mwidth[31m=[32m"28"[31m
            [33mxmlns[31m=[32m"http://www.w3.org/2000/svg"[31m
          [36m>[31m
            [36m<path[31m
              [33md[31m=[32m"m12 19-7-7 7-7"[31m
            [36m/>[31m
            [36m<path[31m
              [33md[31m=[32m"M19 12H5"[31m
            [36m/>[31m
          [36m</svg>[31m
        [36m</button>[31m
        [36m<div[31m
          [33mstyle[31m=[32m"display: flex; align-items: center; justify-content: center; gap: 0.5rem;"[31m
        [36m>[31m
          [36m<svg[31m
            [33maria-hidden[31m=[32m"true"[31m
            [33mclass[31m=[32m"lucide lucide-clipboard-list"[31m
            [33mfill[31m=[32m"none"[31m
            [33mheight[31m=[32m"28"[31m
            [33mstroke[31m=[32m"var(--accent-color)"[31m
            [33mstroke-linecap[31m=[32m"round"[31m
            [33mstroke-linejoin[31m=[32m"round"[31m
            [33mstroke-width[31m=[32m"2"[31m
            [33mviewBox[31m=[32m"0 0 24 24"[31m
            [33mwidth[31m=[32m"28"[31m
            [33mxmlns[31m=[32m"http://www.w3.org/2000/svg"[31m
          [36m>[31m
            [36m<rect[31m
              [33mheight[31m=[32m"4"[31m
              [33mrx[31m=[32m"1"[31m
              [33mry[31m=[32m"1"[31m
              [33mwidth[31m=[32m"8"[31m
              [33mx[31m=[32m"8"[31m
              [33my[31m=[32m"2"[31m
            [36m/>[31m
            [36m<path[31m
              [33md[31m=[32m"M16 4h2a2 2 0 0 1 2 2v14a2 2 0 0 1-2 2H6a2 2 0 0 1-2-2V6a2 2 0 0 1 2-2h2"[31m
            [36m/>[31m
            [36m<path[31m
              [33md[31m=[32m"M12 11h4"[31m
            [36m/>[31m
            [36m<path[31m
              [33md[31m=[32m"M12 16h4"[31m
            [36m/>[31m
            [36m<path[31m
              [33md[31m=[32m"M8 11h.01"[31m
            [36m/>[31m
            [36m<path[31m
              [33md[31m=[32m"M8 16h.01"[31m
            [36m/>[31m
          [36m</svg>[31m
          [36m<h1[31m
            [33mstyle[31m=[32m"font-size: 1.75rem; font-weight: 800; margin: 0px;"[31m
          [36m>[31m
            [0mMy Plan[0m
          [36m</h1>[31m
        [36m</div>[31m
        [36m<div />[31m
      [36m</div>[31m
      [36m<div[31m
        [33mclass[31m=[32m"plan-header"[31m
      [36m>[31m
        [36m<h2>[31m
          [0mYOUR PLAN[0m
        [36m</h2>[31m
        [36m<p>[31m
          [0mtest@example.com[0m
        [36m</p>[31m
        [36m<div[31m
          [33mclass[31m=[32m"user-id-section"[31m
        [36m>[31m
          [36m<span>[31m
            [0mUser ID:[0m
          [36m</span>[31m
          [36m<button[31m
            [33mclass[31m=[32m"user-id-toggle"[31m
            [33mtitle[31m=[32m"Show User ID"[31m
          [36m>[31m
            [36m<svg[31m
              [33maria-hidden[31m=[32m"true"[31m
              [33mclass[31m=[32m"lucide lucide-eye"[31m
              [33mfill[31m=[32m"none"[31m
              [33mheight[31m=[32m"16"[31m
              [33mstroke[31m=[32m"currentColor"[31m
              [33mstroke-linecap[31m=[32m"round"[31m
              [33mstroke-linejoin[31m=[32m"round"[31m
              [33mstroke-width[31m=[32m"2"[31m
              [33mviewBox[31m=[32m"0 0 24 24"[31m
              [33mwidth[31m=[32m"16"[31m
              [33mxmlns[31m=[32m"http://www.w3.org/2000/svg"[31m
            [36m>[31m
              [36m<path[31m
                [33md[31m=[32m"M2.062 12.348a1 1 0 0 1 0-.696 10.75 10.75 0 0 1 19.876 0 1 1 0 0 1 0 .696 10.75 10.75 0 0 1-19.876 0"[31m
              [36m/>[31m
              [36m<circle[31m
                [33mcx[31m=[32m"12"[31m
                [33mcy[31m=[32m"12"[31m
                [33mr[31m=[32m"3"[31m
              [36m/>[31m
            [36m</svg>[31m
          [36m</button>[31m
        [36m</div>[31m
      [36m</div>[31m
      [36m<div[31m
        [33mclass[31m=[32m"plans-grid"[31m
      [36m>[31m
        [36m<div[31m
          [33mclass[31m=[32m"plan-card current-plan"[31m
        [36m>[31m
          [36m<div[31m
            [33mclass[31m=[32m"plan-icon"[31m
          [36m>[31m
            [36m<svg[31m
              [33maria-hidden[31m=[32m"true"[31m
              [33mclass[31m=[32m"lucide lucide-diamond"[31m
              [33mfill[31m=[32m"none"[31m
              [33mheight[31m=[32m"24"[31m
              [33mstroke[31m=[32m"currentColor"[31m
              [33mstroke-linecap[31m=[32m"round"[31m
              [33mstroke-linejoin[31m=[32m"round"[31m
              [33mstroke-width[31m=[32m"2"[31m
              [33mviewBox[31m=[32m"0 0 24 24"[31m
              [33mwidth[31m=[32m"24"[31m
              [33mxmlns[31m=[32m"http://www.w3.org/2000/svg"[31m
            [36m>[31m
              [36m<path[31m
                [33md[31m=[32m"M2.7 10.3a2.41 2.41 0 0 0 0 3.41l7.59 7.59a2.41 2.41 0 0 0 3.41 0l7.59-7.59a2.41 2.41 0 0 0 0-3.41l-7.59-7.59a2.41 2.41 0 0 0-3.41 0Z"[31m
              [36m/>[31m
            [36m</svg>[31m
          [36m</div>[31m
          [36m<div[31m
            [33mclass[31m=[32m"plan-details"[31m
          [36m>[31m
            [36m<h3>[31m
              [0m$100 LIFETIME[0m
            [36m</h3>[31m
            [36m<p>[31m
              [0mAll-Access Pass, One-Time Fee[0m
            [36m</p>[31m
          [36m</div>[31m
          [36m<button[31m
            [33mclass[31m=[32m"plan-button current"[31m
          [36m>[31m
            [0mCurrent Plan[0m
          [36m</button>[31m
        [36m</div>[31m
        [36m<div[31m
          [33mclass[31m=[32m"plan-card "[31m
        [36m>[31m
          [36m<div[31m
            [33mclass[31m=[32m"plan-icon"[31m
          [36m>[31m
            [36m<svg[31m
              [33maria-hidden[31m=[32m"true"[31m
              [33mclass[31m=[32m"lucide lucide-shield-check"[31m
              [33mfill[31m=[32m"none"[31m
              [33mheight[31m=[32m"24"[31m
              [33mstroke[31m=[32m"currentColor"[31m
              [33mstroke-linecap[31m=[32m"round"[31m
              [33mstroke-linejoin[31m=[32m"round"[31m
              [33mstroke-width[31m=[32m"2"[31m
              [33mviewBox[31m=[32m"0 0 24 24"[31m
              [33mwidth[31m=[32m"24"[31m
              [33mxmlns[31m=[32m"http://www.w3.org/2000/svg"[31m
            [36m>[31m
              [36m<path[31m
                [33md[31m=[32m"M20 13c0 5-3.5 7.5-7.66 8.95a1 1 0 0 1-.67-.01C7.5 20.5 4 18 4 13V6a1 1 0 0 1 1-1c2 0 4.5-1.2 6.24-2.72a1.17 1.17 0 0 1 1.52 0C14.51 3.81 17 5 19 5a1 1 0 0 1 1 1z"[31m
              [36m/>[31m
              [36m<path[31m
                [33md[31m=[32m"m9 12 2 2 4-4"[31m
              [36m/>[31m
            [36m</svg>[31m
          [36m</div>[31m
          [36m<div[31m
            [33mclass[31m=[32m"plan-details"[31m
          [36m>[31m
            [36m<h3>[31m
              [0mFREE - SPONSORED[0m
            [36m</h3>[31m
            [36m<p>[31m
              [0mFull Access ΓÇó Community Support[0m
            [36m</p>[31m
          [36m</div>[31m
          [36m<button[31m
            [33mclass[31m=[32m"plan-button "[31m
          [36m>[31m
            [0mUpgrade Now[0m
          [36m</button>[31m
        [36m</div>[31m
        [36m<div[31m
          [33mclass[31m=[32m"plan-card "[31m
        [36m>[31m
          [36m<div[31m
            [33mclass[31m=[32m"plan-icon"[31m
          [36m>[31m
            [36m<svg[31m
              [33maria-hidden[31m=[32m"true"[31m
              [33mclass[31m=[32m"lucide lucide-zap"[31m
              [33mfill[31m=[32m"none"[31m
              [33mheight[31m=[32m"24"[31m
              [33mstroke[31m=[32m"currentColor"[31m
              [33mstroke-linecap[31m=[32m"round"[31m
              [33mstroke-linejoin[31m=[32m"round"[31m
              [33mstroke-width[31m=[32m"2"[31m
              [33mviewBox[31m=[32m"0 0 24 24"[31m
              [33mwidth[31m=[32m"24"[31m
              [33mxmlns[31m=[32m"http://www.w3.org/2000/svg"[31m
            [36m>[31m
              [36m<path[31m
                [33md[31m=[32m"M4 14a1 1 0 0 1-.78-1.63l9.9-10.2a.5.5 0 0 1 .86.46l-1.92 6.02A1 1 0 0 0 13 10h7a1 1 0 0 1 .78 1.63l-9.9 10.2a.5.5 0 0 1-.86-.46l1.92-6.02A1 1 0 0 0 11 14z"[31m
              [36m/>[31m
            [36m</svg>[31m
          [36m</div>[31m
          [36m<div[31m
            [33mclass[31m=[32m"plan-details"[31m
          [36m>[31m
            [36m<h3>[31m
              [0mFREE (INCOME BASED)[0m
            [36m</h3>[31m
            [36m<p>[31m
              [0mFull Access, Based on Eligibility[0m
            [36m</p>[31m
          [36m</div>[31m
          [36m<button[31m
            [33mclass[31m=[32m"plan-button "[31m
          [36m>[31m
            [0mUpgrade Now[0m
          [36m</button>[31m
        [36m</div>[31m
        [36m<div[31m
          [33mclass[31m=[32m"plan-card "[31m
        [36m>[31m
          [36m<div[31m
            [33mclass[31m=[32m"plan-icon"[31m
          [36m>[31m
            [36m<svg[31m
              [33maria-hidden[31m=[32m"true"[31m
              [33mclass[31m=[32m"lucide lucide-key"[31m
              [33mfill[31m=[32m"none"[31m
              [33mheight[31m=[32m"24"[31m
              [33mstroke[31m=[32m"currentColor"[31m
              [33mstroke-linecap[31m=[32m"round"[31m
              [33mstroke-linejoin[31m=[32m"round"[31m
              [33mstroke-width[31m=[32m"2"[31m
              [33mviewBox[31m=[32m"0 0 24 24"[31m
              [33mwidth[31m=[32m"24"[31m
              [33mxmlns[31m=[32m"http://www.w3.org/2000/svg"[31m
            [36m>[31m
              [36m<path[31m
                [33md[31m=[32m"m15.5 7.5 2.3 2.3a1 1 0 0 0 1.4 0l2.1-2.1a1 1 0 0 0 0-1.4L19 4"[31m
              [36m/>[31m
              [36m<path[31m
                [33md[31m=[32m"m21 2-9.6 9.6"[31m
              [36m/>[31m
              [36m<circle[31m
                [33mcx[31m=[32m"7.5"[31m
                [33mcy[31m=[32m"15.5"[31m
                [33mr[31m=[32m"5.5"[31m
              [36m/>[31m
            [36m</svg>[31m
          [36m</div>[31m
          [36m<div[31m
            [33mclass[31m=[32m"plan-details"[31m
          [36m>[31m
            [36m<h3>[31m
              [0mFREE (90 DAYS)[0m
            [36m</h3>[31m
            [36m<p>[31m
              [0mFull Access, Limited Time[0m
            [36m</p>[31m
          [36m</div>[31m
          [36m<button[31m
            [33mclass[31m=[32m"plan-button "[31m
          [36m>[31m
            [0mUpgrade Now[0m
          [36m</button>[31m
        [36m</div>[31m
        [36m<div[31m
          [33mclass[31m=[32m"plan-card "[31m
        [36m>[31m
          [36m<div[31m
            [33mclass[31m=[32m"plan-icon"[31m
          [36m>[31m
            [36m<svg[31m
              [33maria-hidden[31m=[32m"true"[31m
              [33mclass[31m=[32m"lucide lucide-dollar-sign"[31m
              [33mfill[31m=[32m"none"[31m
              [33mheight[31m=[32m"24"[31m
              [33mstroke[31m=[32m"currentColor"[31m
              [33mstroke-linecap[31m=[32m"round"[31m
              [33mstroke-linejoin[31m=[32m"round"[31m
              [33mstroke-width[31m=[32m"2"[31m
              [33mviewBox[31m=[32m"0 0 24 24"[31m
              [33mwidth[31m=[32m"24"[31m
              [33mxmlns[31m=[32m"http://www.w3.org/2000/svg"[31m
            [36m>[31m
              [36m<line[31m
                [33mx1[31m=[32m"12"[31m
                [33mx2[31m=[32m"12"[31m
                [33my1[31m=[32m"2"[31m
                [33my2[31m=[32m"22"[31m
              [36m/>[31m
              [36m<path[31m
                [33md[31m=[32m"M17 5H9.5a3.5 3.5 0 0 0 0 7h5a3.5 3.5 0 0 1 0 7H6"[31m
              [36m/>[31m
            [36m</svg>[31m
          [36m</div>[31m
          [36m<div[31m
            [33mclass[31m=[32m"plan-details"[31m
          [36m>[31m
            [36m<h3>[31m
              [0m$10 / MONTH[0m
            [36m</h3>[31m
            [36m<p>[31m
              [0mFull Access + Bonus Content[0m
            [36m</p>[31m
          [36m</div>[31m
          [36m<button[31m
            [33mclass[31m=[32m"plan-button "[31m
          [36m>[31m
            [0mUpgrade Now[0m
          [36m</button>[31m
        [36m</div>[31m
        [36m<div[31m
          [33mclass[31m=[32m"plan-card "[31m
        [36m>[31m
          [36m<div[31m
            [33mclass[31m=[32m"plan-icon"[31m
          [36m>[31m
            [36m<svg[31m
              [33maria-hidden[31m=[32m"true"[31m
              [33mclass[31m=[32m"lucide lucide-clipboard-list"[31m
              [33mfill[31m=[32m"none"[31m
              [33mheight[31m=[32m"24"[31m
              [33mstroke[31m=[32m"currentColor"[31m
              [33mstroke-linecap[31m=[32m"round"[31m
              [33mstroke-linejoin[31m=[32m"round"[31m
              [33mstroke-width[31m=[32m"2"[31m
              [33mviewBox[31m=[32m"0 0 24 24"[31m
              [33mwidth[31m=[32m"24"[31m
              [33mxmlns[31m=[32m"http://www.w3.org/2000/svg"[31m
            [36m>[31m
              [36m<rect[31m
                [33mheight[31m=[32m"4"[31m
                [33mrx[31m=[32m"1"[31m
                [33mry[31m=[32m"1"[31m
                [33mwidth[31m=[32m"8"[31m
                [33mx[31m=[32m"8"[31m
                [33my[31m=[32m"2"[31m
              [36m/>[31m
              [36m<path[31m
                [33md[31m=[32m"M16 4h2a2 2 0 0 1 2 2v14a2 2 0 0 1-2 2H6a2 2 0 0 1-2-2V6a2 2 0 0 1 2-2h2"[31m
              [36m/>[31m
              [36m<path[31m
                [33md[31m=[32m"M12 11h4"[31m
              [36m/>[31m
              [36m<path[31m
                [33md[31m=[32m"M12 16h4"[31m
              [36m/>[31m
              [36m<path[31m
                [33md[31m=[32m"M8 11h.01"[31m
              [36m/>[31m
              [36m<path[31m
                [33md[31m=[32m"M8 16h.01"[31m
              [36m/>[31m
            [36m</svg>[31m
          [36m</div>[31m
          [36m<div[31m
            [33mclass[31m=[32m"plan-details"[31m
          [36m>[31m
            [36m<h3>[31m
              [0m$100 / MONTH[0m
            [36m</h3>[31m
            [36m<p>[31m
              [0m1-on-1 Training + Full Access[0m
            [36m</p>[31m
          [36m</div>[31m
          [36m<button[31m
            [33mclass[31m=[32m"plan-button "[31m
          [36m>[31m
            [0mUpgrade Now[0m
          [36m</button>[31m
        [36m</div>[31m
      [36m</div>[31m
      [36m<p[31m
        [33mclass[31m=[32m"footer-blurb"[31m
      [36m>[31m
        [0mEvery plan is built to support your comeback. Choose what fuels you.[0m
      [36m</p>[31m
      [36m<button[31m
        [33mclass[31m=[32m"settings-button"[31m
      [36m>[31m
        [36m<svg[31m
          [33maria-hidden[31m=[32m"true"[31m
          [33mclass[31m=[32m"lucide lucide-settings"[31m
          [33mfill[31m=[32m"none"[31m
          [33mheight[31m=[32m"24"[31m
          [33mstroke[31m=[32m"currentColor"[31m
          [33mstroke-linecap[31m=[32m"round"[31m
          [33mstroke-linejoin[31m=[32m"round"[31m
          [33mstroke-width[31m=[32m"2"[31m
          [33mviewBox[31m=[32m"0 0 24 24"[31m
          [33mwidth[31m=[32m"24"[31m
          [33mxmlns[31m=[32m"http://www.w3.org/2000/svg"[31m
        [36m>[31m
          [36m<path[31m
            [33md[31m=[32m"M9.671 4.136a2.34 2.34 0 0 1 4.659 0 2.34 2.34 0 0 0 3.319 1.915 2.34 2.34 0 0 1 2.33 4.033 2.34 2.34 0 0 0 0 3.831 2.34 2.34 0 0 1-2.33 4.033 2.34 2.34 0 0 0-3.319 1.915 2.34 2.34 0 0 1-4.659 0 2.34 2.34 0 0 0-3.32-1.915 2.34 2.34 0 0 1-2.33-4.033 2.34 2.34 0 0 0 0-3.831A2.34 2.34 0 0 1 6.35 6.051a2.34 2.34 0 0 0 3.319-1.915"[31m
          [36m/>[31m
          [36m<circle[31m
            [33mcx[31m=[32m"12"[31m
            [33mcy[31m=[32m"12"[31m
            [33mr[31m=[32m"3"[31m
          [36m/>[31m
        [36m</svg>[31m
      [36m</button>[31m
    [36m</div>[31m
  [36m</div>[31m
[36m</body>[31m

Ignored nodes: comments, script, style
[36m<html>[31m
  [36m<head />[31m
  [36m<body>[31m
    [36m<div>[31m
      [36m<div[31m
        [33mclass[31m=[32m"my-plan-container"[31m
      [36m>[31m
        [36m<div[31m
          [33mstyle[31m=[32m"display: grid; grid-template-columns: 44px 1fr 44px; align-items: center; margin-bottom: 2rem;"[31m
        [36m>[31m
          [36m<button[31m
            [33maria-label[31m=[32m"Back"[31m
            [33mstyle[31m=[32m"background: none; border: medium; color: white; cursor: pointer; padding: 0px;"[31m
            [33mtype[31m=[32m"button"[31m
          [36m>[31m
            [36m<svg[31m
              [33maria-hidden[31m=[32m"true"[31m
              [33mclass[31m=[32m"lucide lucide-arrow-left"[31m
              [33mfill[31m=[32m"none"[31m
              [33mheight[31m=[32m"28"[31m
              [33mstroke[31m=[32m"currentColor"[31m
              [33mstroke-linecap[31m=[32m"round"[31m
              [33mstroke-linejoin[31m=[32m"round"[31m
              [33mstroke-width[31m=[32m"2"[31m
              [33mviewBox[31m=[32m"0 0 24 24"[31m
              [33mwidth[31m=[32m"28"[31m
              [33mxmlns[31m=[32m"http://www.w3.org/2000/svg"[31m
            [36m>[31m
              [36m<path[31m
                [33md[31m=[32m"m12 19-7-7 7-7"[31m
              [36m/>[31m
              [36m<path[31m
                [33md[31m=[32m"M19 12H5"[31m
              [36m/>[31m
            [36m</svg>[31m
          [36m</button>[31m
          [36m<div[31m
            [33mstyle[31m=[32m"display: flex; align-items: center; justify-content: center; gap: 0.5rem;"[31m
          [36m>[31m
            [36m<svg[31m
              [33maria-hidden[31m=[32m"true"[31m
              [33mclass[31m=[32m"lucide lucide-clipboard-list"[31m
              [33mfill[31m=[32m"none"[31m
              [33mheight[31m=[32m"28"[31m
              [33mstroke[31m=[32m"var(--accent-color)"[31m
              [33mstroke-linecap[31m=[32m"round"[31m
              [33mstroke-linejoin[31m=[32m"round"[31m
              [33mstroke-width[31m=[32m"2"[31m
              [33mviewBox[31m=[32m"0 0 24 24"[31m
              [33mwidth[31m=[32m"28"[31m
              [33mxmlns[31m=[32m"http://www.w3.org/2000/svg"[31m
            [36m>[31m
              [36m<rect[31m
                [33mheight[31m=[32m"4"[31m
                [33mrx[31m=[32m"1"[31m
                [33mry[31m=[32m"1"[31m
                [33mwidth[31m=[32m"8"[31m
                [33mx[31m=[32m"8"[31m
                [33my[31m=[32m"2"[31m
              [36m/>[31m
              [36m<path[31m
                [33md[31m=[32m"M16 4h2a2 2 0 0 1 2 2v14a2 2 0 0 1-2 2H6a2 2 0 0 1-2-2V6a2 2 0 0 1 2-2h2"[31m
              [36m/>[31m
              [36m<path[31m
                [33md[31m=[32m"M12 11h4"[31m
              [36m/>[31m
              [36m<path[31m
                [33md[31m=[32m"M12 16h4"[31m
              [36m/>[31m
              [36m<path[31m
                [33md[31m=[32m"M8 11h.01"[31m
              [36m/>[31m
              [36m<path[31m
                [33md[31m=[32m"M8 16h.01"[31m
              [36m/>[31m
            [36m</svg>[31m
            [36m<h1[31m
              [33mstyle[31m=[32m"font-size: 1.75rem; font-weight: 800; margin: 0px;"[31m
            [36m>[31m
              [0mMy Plan[0m
            [36m</h1>[31m
          [36m</div>[31m
          [36m<div />[31m
        [36m</div>[31m
        [36m<div[31m
          [33mclass[31m=[32m"plan-header"[31m
        [36m>[31m
          [36m<h2>[31m
            [0mYOUR PLAN[0m
          [36m</h2>[31m
          [36m<p>[31m
            [0mtest@example.com[0m
          [36m</p>[31m
          [36m<div[31m
            [33mclass[31m=[32m"user-id-section"[31m
          [36m>[31m
            [36m<span>[31m
              [0mUser ID:[0m
            [36m</span>[31m
            [36m<button[31m
              [33mclass[31m=[32m"user-id-toggle"[31m
              [33mtitle[31m=[32m"Show User ID"[31m
            [36m>[31m
              [36m<svg[31m
                [33maria-hidden[31m=[32m"true"[31m
                [33mclass[31m=[32m"lucide lucide-eye"[31m
                [33mfill[31m=[32m"none"[31m
                [33mheight[31m=[32m"16"[31m
                [33mstroke[31m=[32m"currentColor"[31m
                [33mstroke-linecap[31m=[32m"round"[31m
                [33mstroke-linejoin[31m=[32m"round"[31m
                [33mstroke-width[31m=[32m"2"[31m
                [33mviewBox[31m=[32m"0 0 24 24"[31m
                [33mwidth[31m=[32m"16"[31m
                [33mxmlns[31m=[32m"http://www.w3.org/2000/svg"[31m
              [36m>[31m
                [36m<path[31m
                  [33md[31m=[32m"M2.062 12.348a1 1 0 0 1 0-.696 10.75 10.75 0 0 1 19.876 0 1 1 0 0 1 0 .696 10.75 10.75 0 0 1-19.876 0"[31m
                [36m/>[31m
                [36m<circle[31m
                  [33mcx[31m=[32m"12"[31m
                  [33mcy[31m=[32m"12"[31m
                  [33mr[31m=[32m"3"[31m
                [36m/>[31m
              [36m</svg>[31m
            [36m</button>[31m
          [36m</div>[31m
        [36m</div>[31m
        [36m<div[31m
          [33mclass[31m=[32m"plans-grid"[31m
        [36m>[31m
          [36m<div[31m
            [33mclass[31m=[32m"plan-card current-plan"[31m
          [36m>[31m
            [36m<div[31m
              [33mclass[31m=[32m"plan-icon"[31m
            [36m>[31m
              [36m<svg[31m
                [33maria-hidden[31m=[32m"true"[31m
                [33mclass[31m=[32m"lucide lucide-diamond"[31m
                [33mfill[31m=[32m"none"[31m
                [33mheight[31m=[32m"24"[31m
                [33mstroke[31m=[32m"currentColor"[31m
                [33mstroke-linecap[31m=[32m"round"[31m
                [33mstroke-linejoin[31m=[32m"round"[31m
                [33mstroke-width[31m=[32m"2"[31m
                [33mviewBox[31m=[32m"0 0 24 24"[31m
                [33mwidth[31m=[32m"24"[31m
                [33mxmlns[31m=[32m"http://www.w3.org/2000/svg"[31m
              [36m>[31m
                [36m<path[31m
                  [33md[31m=[32m"M2.7 10.3a2.41 2.41 0 0 0 0 3.41l7.59 7.59a2.41 2.41 0 0 0 3.41 0l7.59-7.59a2.41 2.41 0 0 0 0-3.41l-7.59-7.59a2.41 2.41 0 0 0-3.41 0Z"[31m
                [36m/>[31m
              [36m</svg>[31m
            [36m</div>[31m
            [36m<div[31m
              [33mclass[31m=[32m"plan-details"[31m
            [36m>[31m
              [36m<h3>[31m
                [0m$100 LIFETIME[0m
              [36m</h3>[31m
              [36m<p>[31m
                [0mAll-Access Pass, One-Time Fee[0m
              [36m</p>[31m
            [36m</div>[31m
            [36m<button[31m
              [33mclass[31m=[32m"plan-button current"[31m
            [36m>[31m
              [0mCurrent Plan[0m
            [36m</button>[31m
          [36m</div>[31m
          [36m<div[31m
            [33mclass[31m=[32m"plan-card "[31m
          [36m>[31m
            [36m<div[31m
              [33mclass[31m=[32m"plan-icon"[31m
            [36m>[31m
              [36m<svg[31m
                [33maria-hidden[31m=[32m"true"[31m
                [33mclass[31m=[32m"lucide lucide-shield-check"[31m
                [33mfill[31m=[32m"none"[31m
                [33mheight[31m=[32m"24"[31m
                [33mstroke[31m=[32m"currentColor"[31m
                [33mstroke-linecap[31m=[32m"round"[31m
                [33mstroke-linejoin[31m=[32m"round"[31m
                [33mstroke-width[31m=[32m"2"[31m
                [33mviewBox[31m=[32m"0 0 24 24"[31m
                [33mwidth[31m=[32m"24"[31m
                [33mxmlns[31m=[32m"http://www.w3.org/2000/svg"[31m
              [36m>[31m
                [36m<path[31m
                  [33md[31m=[32m"M20 13c0 5-3.5 7.5-7.66 8.95a1 1 0 0 1-.67-.01C7.5 20.5 4 18 4 13V6a1 1 0 0 1 1-1c2 0 4.5-1.2 6.24-2.72a1.17 1.17 0 0 1 1.52 0C14.51 3.81 17 5 19 5a1 1 0 0 1 1 1z"[31m
                [36m/>[31m
                [36m<path[31m
                  [33md[31m=[32m"m9 12 2 2 4-4"[31m
                [36m/>[31m
              [36m</svg>[31m
            [36m</div>[31m
            [36m<div[31m
              [33mclass[31m=[32m"plan-details"[31m
            [36m>[31m
              [36m<h3>[31m
                [0mFREE - SPONSORED[0m
              [36m</h3>[31m
              [36m<p>[31m
                [0mFull Access ΓÇó Community Support[0m
              [36m</p>[31m
            [36m</div>[31m
            [36m<button[31m
              [33mclass[31m=[32m"plan-button "[31m
            [36m>[31m
              [0mUpgrade Now[0m
            [36m</button>[31m
          [36m</div>[31m
          [36m<div[31m
            [33mclass[31m=[32m"plan-card "[31m
          [36m>[31m
            [36m<div[31m
              [33mclass[31m=[32m"plan-icon"[31m
            [36m>[31m
              [36m<svg[31m
                [33maria-hidden[31m=[32m"true"[31m
                [33mclass[31m=[32m"lucide lucide-zap"[31m
                [33mfill[31m=[32m"none"[31m
                [33mheight[31m=[32m"24"[31m
                [33mstroke[31m=[32m"currentColor"[31m
                [33mstroke-linecap[31m=[32m"round"[31m
                [33mstroke-linejoin[31m=[32m"round"[31m
                [33mstroke-width[31m=[32m"2"[31m
                [33mviewBox[31m=[32m"0 0 24 24"[31m
                [33mwidth[31m=[32m"24"[31m
                [33mxmlns[31m=[32m"http://www.w3.org/2000/svg"[31m
              [36m>[31m
                [36m<path[31m
                  [33md[31m=[32m"M4 14a1 1 0 0 1-.78-1.63l9.9-10.2a.5.5 0 0 1 .86.46l-1.92 6.02A1 1 0 0 0 13 10h7a1 1 0 0 1 .78 1.63l-9.9 10.2a.5.5 0 0 1-.86-.46l1.92-6.02A1 1 0 0 0 11 14z"[31m
                [36m/>[31m
              [36m</svg>[31m
            [36m</div>[31m
            [36m<div[31m
              [33mclass[31m=[32m"plan-details"[31m
            [36m>[31m
              [36m<h3>[31m
                [0mFREE (INCOME BASED)[0m
              [36m</h3>[31m
              [36m<p>[31m
                [0mFull Access, Based on Eligibility[0m
              [36m</p>[31m
            [36m</div>[31m
            [36m<button[31m
              [33mclass[31m=[32m"plan-button "[31m
            [36m>[31m
              [0mUpgrade Now[0m
            [36m</button>[31m
          [36m</div>[31m
          [36m<div[31m
            [33mclass[31m=[32m"plan-card "[31m
          [36m>[31m
            [36m<div[31m
              [33mclass[31m=[32m"plan-icon"[31m
            [36m>[31m
              [36m<svg[31m
                [33maria-hidden[31m=[32m"true"[31m
                [33mclass[31m=[32m"lucide lucide-key"[31m
                [33mfill[31m=[32m"none"[31m
                [33mheight[31m=[32m"24"[31m
                [33mstroke[31m=[32m"currentColor"[31m
                [33mstroke-linecap[31m=[32m"round"[31m
                [33mstroke-linejoin[31m=[32m"round"[31m
                [33mstroke-width[31m=[32m"2"[31m
                [33mviewBox[31m=[32m"0 0 24 24"[31m
                [33mwidth[31m=[32m"24"[31m
                [33mxmlns[31m=[32m"http://www.w3.org/2000/svg"[31m
              [36m>[31m
                [36m<path[31m
                  [33md[31m=[32m"m15.5 7.5 2.3 2.3a1 1 0 0 0 1.4 0l2.1-2.1a1 1 0 0 0 0-1.4L19 4"[31m
                [36m/>[31m
                [36m<path[31m
                  [33md[31m=[32m"m21 2-9.6 9.6"[31m
                [36m/>[31m
                [36m<circle[31m
                  [33mcx[31m=[32m"7.5"[31m
                  [33mcy[31m=[32m"15.5"[31m
                  [33mr[31m=[32m"5.5"[31m
                [36m/>[31m
              [36m</svg>[31m
            [36m</div>[31m
            [36m<div[31m
              [33mclass[31m=[32m"plan-details"[31m
            [36m>[31m
              [36m<h3>[31m
                [0mFREE (90 DAYS)[0m
              [36m</h3>[31m
              [36m<p>[31m
                [0mFull Access, Limited Time[0m
              [36m</p>[31m
            [36m</div>[31m
            [36m<button[31m
              [33mclass[31m=[32m"plan-button "[31m
            [36m>[31m
              [0mUpgrade Now[0m
            [36m</button>[31m
          [36m</div>[31m
          [36m<div[31m
            [33mclass[31m=[32m"plan-card "[31m
          [36m>[31m
            [36m<div[31m
              [33mclass[31m=[32m"plan-icon"[31m
            [36m>[31m
              [36m<svg[31m
                [33maria-hidden[31m=[32m"true"[31m
                [33mclass[31m=[32m"lucide lucide-dollar-sign"[31m
                [33mfill[31m=[32m"none"[31m
                [33mheight[31m=[32m"24"[31m
                [33mstroke[31m=[32m"currentColor"[31m
                [33mstroke-linecap[31m=[32m"round"[31m
                [33mstroke-linejoin[31m=[32m"round"[31m
                [33mstroke-width[31m=[32m"2"[31m
                [33mviewBox[31m=[32m"0 0 24 24"[31m
                [33mwidth[31m=[32m"24"[31m
                [33mxmlns[31m=[32m"http://www.w3.org/2000/svg"[31m
              [36m>[31m
                [36m<line[31m
                  [33mx1[31m=[32m"12"[31m
                  [33mx2[31m=[32m"12"[31m
                  [33my1[31m=[32m"2"[31m
                  [33my2[31m=[32m"22"[31m
                [36m/>[31m
                [36m<path[31m
                  [33md[31m=[32m"M17 5H9.5a3.5 3.5 0 0 0 0 7h5a3.5 3.5 0 0 1 0 7H6"[31m
                [36m/>[31m
              [36m</svg>[31m
            [36m</div>[31m
            [36m<div[31m
              [33mclass[31m=[32m"plan-details"[31m
            [36m>[31m
              [36m<h3>[31m
                [0m$10 / MONTH[0m
              [36m</h3>[31m
              [36m<p>[31m
                [0mFull Access + Bonus Content[0m
              [36m</p>[31m
            [36m</div>[31m
            [36m<button[31m
              [33mclass[31m=[32m"plan-button "[31m
            [36m>[31m
              [0mUpgrade Now[0m
            [36m</button>[31m
          [36m</div>[31m
          [36m<div[31m
            [33mclass[31m=[32m"plan-card "[31m
          [36m>[31m
            [36m<div[31m
              [33mclass[31m=[32m"plan-icon"[31m
            [36m>[31m
              [36m<svg[31m
                [33maria-hidden[31m=[32m"true"[31m
                [33mclass[31m=[32m"lucide lucide-clipboard-list"[31m
                [33mfill[31m=[32m"none"[31m
                [33mheight[31m=[32m"24"[31m
                [33mstroke[31m=[32m"currentColor"[31m
                [33mstroke-linecap[31m=[32m"round"[31m
                [33mstroke-linejoin[31m=[32m"round"[31m
                [33mstroke-width[31m=[32m"2"[31m
                [33mviewBox[31m=[32m"0 0 24 24"[31m
                [33mwidth[31m=[32m"24"[31m
                [33mxmlns[31m=[32m"http://www.w3.org/2000/svg"[31m
              [36m>[31m
                [36m<rect[31m
                  [33mheight[31m=[32m"4"[31m
                  [33mrx[31m=[32m"1"[31m
                  [33mry[31m=[32m"1"[31m
                  [33mwidth[31m=[32m"8"[31m
                  [33mx[31m=[32m"8"[31m
                  [33my[31m=[32m"2"[31m
                [36m/>[31m
                [36m<path[31m
                  [33md[31m=[32m"M16 4h2a2 2 0 0 1 2 2v14a2 2 0 0 1-2 2H6a2 2 0 0 1-2-2V6a2 2 0 0 1 2-2h2"[31m
                [36m/>[31m
                [36m<path[31m
                  [33md[31m=[32m"M12 11h4"[31m
                [36m/>[31m
                [36m<path[31m
                  [33md[31m=[32m"M12 16h4"[31m
                [36m/>[31m
                [36m<path[31m
                  [33md[31m=[32m"M8 11h.01"[31m
                [36m/>[31m
                [36m<path[31m
                  [33md[31m=[32m"M8 16h.01"[31m
                [36m/>[31m
              [36m</svg>[31m
            [36m</div>[31m
            [36m<div[31m
              [33mclass[31m=[32m"plan-details"[31m
            [36m>[31m
              [36m<h3>[31m
                [0m$100 / MONTH[0m
              [36m</h3>[31m
              [36m<p>[31m
                [0m1-on-1 Training + Full Access[0m
              [36m</p>[31m
            [36m</div>[31m
            [36m<button[31m
              [33mclass[31m=[32m"plan-button "[31m
            [36m>[31m
              [0mUpgrade Now[0m
            [36m</button>[31m
          [36m</div>[31m
        [36m</div>[31m
        [36m<p[31m
          [33mclass[31m=[32m"footer-blurb"[31m
        [36m>[31m
          [0mEvery plan is built to support your comeback. Choose what fuels you.[0m
        [36m</p>[31m
        [36m<button[31m
          [33mclass[31m=[32m"settings-button"[31m
        [36m>[31m
          [36m<svg[31m
            [33maria-hidden[31m=[32m"true"[31m
            [33mclass[31m=[32m"lucide lucide-settings"[31m
            [33mfill[31m=[32m"none"[31m
            [33mheight[31m=[32m"24"[31m
            [33mstroke[31m=[32m"currentColor"[31m
            [33mstroke-linecap[31m=[32m"round"[31m
            [33mstroke-linejoin[31m=[32m"round"[31m
            [33mstroke-width[31m=[32m"2"[31m
            [33mviewBox[31m=[32m"0 0 24 24"[31m
            [33mwidth[31m=[32m"24"[31m
            [33mxmlns[31m=[32m"http://www.w3.org/2000/svg"[31m
          [36m>[31m
            [36m<path[31m
              [33md[31m=[32m"M9.671 4.136a2.34 2.34 0 0 1 4.659 0 2.34 2.34 0 0 0 3.319 1.915 2.34 2.34 0 0 1 2.33 4.033 2.34 2.34 0 0 0 0 3.831 2.34 2.34 0 0 1-2.33 4.033 2.34 2.34 0 0 0-3.319 1.915 2.34 2.34 0 0 1-4.659 0 2.34 2.34 0 0 0-3.32-1.915 2.34 2.34 0 0 1-2.33-4.033 2.34 2.34 0 0 0 0-3.831A2.34 2.34 0 0 1 6.35 6.051a2.34 2.34 0 0 0 3.319-1.915"[31m
            [36m/>[31m
            [36m<circle[31m
              [33mcx[31m=[32m"12"[31m
              [33mcy[31m=[32m"12"[31m
              [33mr[31m=[32m"3"[31m
            [36m/>[31m
          [36m</svg>[31m
        [36m</button>[31m
      [36m</div>[31m
    [36m</div>[31m
  [36m</body>[31m
[36m</html>[31m[39m
 [31m├ù[39m tests/pages/MyPlanPage.test.jsx[2m > [22mMyPlanPage Component[2m > [22mSettings Modal Functionality[2m > [22mcloses settings modal when close button is clicked[33m 1059[2mms[22m[39m
[31m   ΓåÆ Unable to find role="button" and name `/settings/i`

Ignored nodes: comments, script, style
[36m<body>[31m
  [36m<div>[31m
    [36m<div[31m
      [33mclass[31m=[32m"my-plan-container"[31m
    [36m>[31m
      [36m<div[31m
        [33mstyle[31m=[32m"display: grid; grid-template-columns: 44px 1fr 44px; align-items: center; margin-bottom: 2rem;"[31m
      [36m>[31m
        [36m<button[31m
          [33maria-label[31m=[32m"Back"[31m
          [33mstyle[31m=[32m"background: none; border: medium; color: white; cursor: pointer; padding: 0px;"[31m
          [33mtype[31m=[32m"button"[31m
        [36m>[31m
          [36m<svg[31m
            [33maria-hidden[31m=[32m"true"[31m
            [33mclass[31m=[32m"lucide lucide-arrow-left"[31m
            [33mfill[31m=[32m"none"[31m
            [33mheight[31m=[32m"28"[31m
            [33mstroke[31m=[32m"currentColor"[31m
            [33mstroke-linecap[31m=[32m"round"[31m
            [33mstroke-linejoin[31m=[32m"round"[31m
            [33mstroke-width[31m=[32m"2"[31m
            [33mviewBox[31m=[32m"0 0 24 24"[31m
            [33mwidth[31m=[32m"28"[31m
            [33mxmlns[31m=[32m"http://www.w3.org/2000/svg"[31m
          [36m>[31m
            [36m<path[31m
              [33md[31m=[32m"m12 19-7-7 7-7"[31m
            [36m/>[31m
            [36m<path[31m
              [33md[31m=[32m"M19 12H5"[31m
            [36m/>[31m
          [36m</svg>[31m
        [36m</button>[31m
        [36m<div[31m
          [33mstyle[31m=[32m"display: flex; align-items: center; justify-content: center; gap: 0.5rem;"[31m
        [36m>[31m
          [36m<svg[31m
            [33maria-hidden[31m=[32m"true"[31m
            [33mclass[31m=[32m"lucide lucide-clipboard-list"[31m
            [33mfill[31m=[32m"none"[31m
            [33mheight[31m=[32m"28"[31m
            [33mstroke[31m=[32m"var(--accent-color)"[31m
            [33mstroke-linecap[31m=[32m"round"[31m
            [33mstroke-linejoin[31m=[32m"round"[31m
            [33mstroke-width[31m=[32m"2"[31m
            [33mviewBox[31m=[32m"0 0 24 24"[31m
            [33mwidth[31m=[32m"28"[31m
            [33mxmlns[31m=[32m"http://www.w3.org/2000/svg"[31m
          [36m>[31m
            [36m<rect[31m
              [33mheight[31m=[32m"4"[31m
              [33mrx[31m=[32m"1"[31m
              [33mry[31m=[32m"1"[31m
              [33mwidth[31m=[32m"8"[31m
              [33mx[31m=[32m"8"[31m
              [33my[31m=[32m"2"[31m
            [36m/>[31m
            [36m<path[31m
              [33md[31m=[32m"M16 4h2a2 2 0 0 1 2 2v14a2 2 0 0 1-2 2H6a2 2 0 0 1-2-2V6a2 2 0 0 1 2-2h2"[31m
            [36m/>[31m
            [36m<path[31m
              [33md[31m=[32m"M12 11h4"[31m
            [36m/>[31m
            [36m<path[31m
              [33md[31m=[32m"M12 16h4"[31m
            [36m/>[31m
            [36m<path[31m
              [33md[31m=[32m"M8 11h.01"[31m
            [36m/>[31m
            [36m<path[31m
              [33md[31m=[32m"M8 16h.01"[31m
            [36m/>[31m
          [36m</svg>[31m
          [36m<h1[31m
            [33mstyle[31m=[32m"font-size: 1.75rem; font-weight: 800; margin: 0px;"[31m
          [36m>[31m
            [0mMy Plan[0m
          [36m</h1>[31m
        [36m</div>[31m
        [36m<div />[31m
      [36m</div>[31m
      [36m<div[31m
        [33mclass[31m=[32m"plan-header"[31m
      [36m>[31m
        [36m<h2>[31m
          [0mYOUR PLAN[0m
        [36m</h2>[31m
        [36m<p>[31m
          [0mtest@example.com[0m
        [36m</p>[31m
        [36m<div[31m
          [33mclass[31m=[32m"user-id-section"[31m
        [36m>[31m
          [36m<span>[31m
            [0mUser ID:[0m
          [36m</span>[31m
          [36m<button[31m
            [33mclass[31m=[32m"user-id-toggle"[31m
            [33mtitle[31m=[32m"Show User ID"[31m
          [36m>[31m
            [36m<svg[31m
              [33maria-hidden[31m=[32m"true"[31m
              [33mclass[31m=[32m"lucide lucide-eye"[31m
              [33mfill[31m=[32m"none"[31m
              [33mheight[31m=[32m"16"[31m
              [33mstroke[31m=[32m"currentColor"[31m
              [33mstroke-linecap[31m=[32m"round"[31m
              [33mstroke-linejoin[31m=[32m"round"[31m
              [33mstroke-width[31m=[32m"2"[31m
              [33mviewBox[31m=[32m"0 0 24 24"[31m
              [33mwidth[31m=[32m"16"[31m
              [33mxmlns[31m=[32m"http://www.w3.org/2000/svg"[31m
            [36m>[31m
              [36m<path[31m
                [33md[31m=[32m"M2.062 12.348a1 1 0 0 1 0-.696 10.75 10.75 0 0 1 19.876 0 1 1 0 0 1 0 .696 10.75 10.75 0 0 1-19.876 0"[31m
              [36m/>[31m
              [36m<circle[31m
                [33mcx[31m=[32m"12"[31m
                [33mcy[31m=[32m"12"[31m
                [33mr[31m=[32m"3"[31m
              [36m/>[31m
            [36m</svg>[31m
          [36m</button>[31m
        [36m</div>[31m
      [36m</div>[31m
      [36m<div[31m
        [33mclass[31m=[32m"plans-grid"[31m
      [36m>[31m
        [36m<div[31m
          [33mclass[31m=[32m"plan-card current-plan"[31m
        [36m>[31m
          [36m<div[31m
            [33mclass[31m=[32m"plan-icon"[31m
          [36m>[31m
            [36m<svg[31m
              [33maria-hidden[31m=[32m"true"[31m
              [33mclass[31m=[32m"lucide lucide-diamond"[31m
              [33mfill[31m=[32m"none"[31m
              [33mheight[31m=[32m"24"[31m
              [33mstroke[31m=[32m"currentColor"[31m
              [33mstroke-linecap[31m=[32m"round"[31m
              [33mstroke-linejoin[31m=[32m"round"[31m
              [33mstroke-width[31m=[32m"2"[31m
              [33mviewBox[31m=[32m"0 0 24 24"[31m
              [33mwidth[31m=[32m"24"[31m
              [33mxmlns[31m=[32m"http://www.w3.org/2000/svg"[31m
            [36m>[31m
              [36m<path[31m
                [33md[31m=[32m"M2.7 10.3a2.41 2.41 0 0 0 0 3.41l7.59 7.59a2.41 2.41 0 0 0 3.41 0l7.59-7.59a2.41 2.41 0 0 0 0-3.41l-7.59-7.59a2.41 2.41 0 0 0-3.41 0Z"[31m
              [36m/>[31m
            [36m</svg>[31m
          [36m</div>[31m
          [36m<div[31m
            [33mclass[31m=[32m"plan-details"[31m
          [36m>[31m
            [36m<h3>[31m
              [0m$100 LIFETIME[0m
            [36m</h3>[31m
            [36m<p>[31m
              [0mAll-Access Pass, One-Time Fee[0m
            [36m</p>[31m
          [36m</div>[31m
          [36m<button[31m
            [33mclass[31m=[32m"plan-button current"[31m
          [36m>[31m
            [0mCurrent Plan[0m
          [36m</button>[31m
        [36m</div>[31m
        [36m<div[31m
          [33mclass[31m=[32m"plan-card "[31m
        [36m>[31m
          [36m<div[31m
            [33mclass[31m=[32m"plan-icon"[31m
          [36m>[31m
            [36m<svg[31m
              [33maria-hidden[31m=[32m"true"[31m
              [33mclass[31m=[32m"lucide lucide-shield-check"[31m
              [33mfill[31m=[32m"none"[31m
              [33mheight[31m=[32m"24"[31m
              [33mstroke[31m=[32m"currentColor"[31m
              [33mstroke-linecap[31m=[32m"round"[31m
              [33mstroke-linejoin[31m=[32m"round"[31m
              [33mstroke-width[31m=[32m"2"[31m
              [33mviewBox[31m=[32m"0 0 24 24"[31m
              [33mwidth[31m=[32m"24"[31m
              [33mxmlns[31m=[32m"http://www.w3.org/2000/svg"[31m
            [36m>[31m
              [36m<path[31m
                [33md[31m=[32m"M20 13c0 5-3.5 7.5-7.66 8.95a1 1 0 0 1-.67-.01C7.5 20.5 4 18 4 13V6a1 1 0 0 1 1-1c2 0 4.5-1.2 6.24-2.72a1.17 1.17 0 0 1 1.52 0C14.51 3.81 17 5 19 5a1 1 0 0 1 1 1z"[31m
              [36m/>[31m
              [36m<path[31m
                [33md[31m=[32m"m9 12 2 2 4-4"[31m
              [36m/>[31m
            [36m</svg>[31m
          [36m</div>[31m
          [36m<div[31m
            [33mclass[31m=[32m"plan-details"[31m
          [36m>[31m
            [36m<h3>[31m
              [0mFREE - SPONSORED[0m
            [36m</h3>[31m
            [36m<p>[31m
              [0mFull Access ΓÇó Community Support[0m
            [36m</p>[31m
          [36m</div>[31m
          [36m<button[31m
            [33mclass[31m=[32m"plan-button "[31m
          [36m>[31m
            [0mUpgrade Now[0m
          [36m</button>[31m
        [36m</div>[31m
        [36m<div[31m
          [33mclass[31m=[32m"plan-card "[31m
        [36m>[31m
          [36m<div[31m
            [33mclass[31m=[32m"plan-icon"[31m
          [36m>[31m
            [36m<svg[31m
              [33maria-hidden[31m=[32m"true"[31m
              [33mclass[31m=[32m"lucide lucide-zap"[31m
              [33mfill[31m=[32m"none"[31m
              [33mheight[31m=[32m"24"[31m
              [33mstroke[31m=[32m"currentColor"[31m
              [33mstroke-linecap[31m=[32m"round"[31m
              [33mstroke-linejoin[31m=[32m"round"[31m
              [33mstroke-width[31m=[32m"2"[31m
              [33mviewBox[31m=[32m"0 0 24 24"[31m
              [33mwidth[31m=[32m"24"[31m
              [33mxmlns[31m=[32m"http://www.w3.org/2000/svg"[31m
            [36m>[31m
              [36m<path[31m
                [33md[31m=[32m"M4 14a1 1 0 0 1-.78-1.63l9.9-10.2a.5.5 0 0 1 .86.46l-1.92 6.02A1 1 0 0 0 13 10h7a1 1 0 0 1 .78 1.63l-9.9 10.2a.5.5 0 0 1-.86-.46l1.92-6.02A1 1 0 0 0 11 14z"[31m
              [36m/>[31m
            [36m</svg>[31m
          [36m</div>[31m
          [36m<div[31m
            [33mclass[31m=[32m"plan-details"[31m
          [36m>[31m
            [36m<h3>[31m
              [0mFREE (INCOME BASED)[0m
            [36m</h3>[31m
            [36m<p>[31m
              [0mFull Access, Based on Eligibility[0m
            [36m</p>[31m
          [36m</div>[31m
          [36m<button[31m
            [33mclass[31m=[32m"plan-button "[31m
          [36m>[31m
            [0mUpgrade Now[0m
          [36m</button>[31m
        [36m</div>[31m
        [36m<div[31m
          [33mclass[31m=[32m"plan-card "[31m
        [36m>[31m
          [36m<div[31m
            [33mclass[31m=[32m"plan-icon"[31m
          [36m>[31m
            [36m<svg[31m
              [33maria-hidden[31m=[32m"true"[31m
              [33mclass[31m=[32m"lucide lucide-key"[31m
              [33mfill[31m=[32m"none"[31m
              [33mheight[31m=[32m"24"[31m
              [33mstroke[31m=[32m"currentColor"[31m
              [33mstroke-linecap[31m=[32m"round"[31m
              [33mstroke-linejoin[31m=[32m"round"[31m
              [33mstroke-width[31m=[32m"2"[31m
              [33mviewBox[31m=[32m"0 0 24 24"[31m
              [33mwidth[31m=[32m"24"[31m
              [33mxmlns[31m=[32m"http://www.w3.org/2000/svg"[31m
            [36m>[31m
              [36m<path[31m
                [33md[31m=[32m"m15.5 7.5 2.3 2.3a1 1 0 0 0 1.4 0l2.1-2.1a1 1 0 0 0 0-1.4L19 4"[31m
              [36m/>[31m
              [36m<path[31m
                [33md[31m=[32m"m21 2-9.6 9.6"[31m
              [36m/>[31m
              [36m<circle[31m
                [33mcx[31m=[32m"7.5"[31m
                [33mcy[31m=[32m"15.5"[31m
                [33mr[31m=[32m"5.5"[31m
              [36m/>[31m
            [36m</svg>[31m
          [36m</div>[31m
          [36m<div[31m
            [33mclass[31m=[32m"plan-details"[31m
          [36m>[31m
            [36m<h3>[31m
              [0mFREE (90 DAYS)[0m
            [36m</h3>[31m
            [36m<p>[31m
              [0mFull Access, Limited Time[0m
            [36m</p>[31m
          [36m</div>[31m
          [36m<button[31m
            [33mclass[31m=[32m"plan-button "[31m
          [36m>[31m
            [0mUpgrade Now[0m
          [36m</button>[31m
        [36m</div>[31m
        [36m<div[31m
          [33mclass[31m=[32m"plan-card "[31m
        [36m>[31m
          [36m<div[31m
            [33mclass[31m=[32m"plan-icon"[31m
          [36m>[31m
            [36m<svg[31m
              [33maria-hidden[31m=[32m"true"[31m
              [33mclass[31m=[32m"lucide lucide-dollar-sign"[31m
              [33mfill[31m=[32m"none"[31m
              [33mheight[31m=[32m"24"[31m
              [33mstroke[31m=[32m"currentColor"[31m
              [33mstroke-linecap[31m=[32m"round"[31m
              [33mstroke-linejoin[31m=[32m"round"[31m
              [33mstroke-width[31m=[32m"2"[31m
              [33mviewBox[31m=[32m"0 0 24 24"[31m
              [33mwidth[31m=[32m"24"[31m
              [33mxmlns[31m=[32m"http://www.w3.org/2000/svg"[31m
            [36m>[31m
              [36m<line[31m
                [33mx1[31m=[32m"12"[31m
                [33mx2[31m=[32m"12"[31m
                [33my1[31m=[32m"2"[31m
                [33my2[31m=[32m"22"[31m
              [36m/>[31m
              [36m<path[31m
                [33md[31m=[32m"M17 5H9.5a3.5 3.5 0 0 0 0 7h5a3.5 3.5 0 0 1 0 7H6"[31m
              [36m/>[31m
            [36m</svg>[31m
          [36m</div>[31m
          [36m<div[31m
            [33mclass[31m=[32m"plan-details"[31m
          [36m>[31m
            [36m<h3>[31m
              [0m$10 / MONTH[0m
            [36m</h3>[31m
            [36m<p>[31m
              [0mFull Access + Bonus Content[0m
            [36m</p>[31m
          [36m</div>[31m
          [36m<button[31m
            [33mclass[31m=[32m"plan-button "[31m
          [36m>[31m
            [0mUpgrade Now[0m
          [36m</button>[31m
        [36m</div>[31m
        [36m<div[31m
          [33mclass[31m=[32m"plan-card "[31m
        [36m>[31m
          [36m<div[31m
            [33mclass[31m=[32m"plan-icon"[31m
          [36m>[31m
            [36m<svg[31m
              [33maria-hidden[31m=[32m"true"[31m
              [33mclass[31m=[32m"lucide lucide-clipboard-list"[31m
              [33mfill[31m=[32m"none"[31m
              [33mheight[31m=[32m"24"[31m
              [33mstroke[31m=[32m"currentColor"[31m
              [33mstroke-linecap[31m=[32m"round"[31m
              [33mstroke-linejoin[31m=[32m"round"[31m
              [33mstroke-width[31m=[32m"2"[31m
              [33mviewBox[31m=[32m"0 0 24 24"[31m
              [33mwidth[31m=[32m"24"[31m
              [33mxmlns[31m=[32m"http://www.w3.org/2000/svg"[31m
            [36m>[31m
              [36m<rect[31m
                [33mheight[31m=[32m"4"[31m
                [33mrx[31m=[32m"1"[31m
                [33mry[31m=[32m"1"[31m
                [33mwidth[31m=[32m"8"[31m
                [33mx[31m=[32m"8"[31m
                [33my[31m=[32m"2"[31m
              [36m/>[31m
              [36m<path[31m
                [33md[31m=[32m"M16 4h2a2 2 0 0 1 2 2v14a2 2 0 0 1-2 2H6a2 2 0 0 1-2-2V6a2 2 0 0 1 2-2h2"[31m
              [36m/>[31m
              [36m<path[31m
                [33md[31m=[32m"M12 11h4"[31m
              [36m/>[31m
              [36m<path[31m
                [33md[31m=[32m"M12 16h4"[31m
              [36m/>[31m
              [36m<path[31m
                [33md[31m=[32m"M8 11h.01"[31m
              [36m/>[31m
              [36m<path[31m
                [33md[31m=[32m"M8 16h.01"[31m
              [36m/>[31m
            [36m</svg>[31m
          [36m</div>[31m
          [36m<div[31m
            [33mclass[31m=[32m"plan-details"[31m
          [36m>[31m
            [36m<h3>[31m
              [0m$100 / MONTH[0m
            [36m</h3>[31m
            [36m<p>[31m
              [0m1-on-1 Training + Full Access[0m
            [36m</p>[31m
          [36m</div>[31m
          [36m<button[31m
            [33mclass[31m=[32m"plan-button "[31m
          [36m>[31m
            [0mUpgrade Now[0m
          [36m</button>[31m
        [36m</div>[31m
      [36m</div>[31m
      [36m<p[31m
        [33mclass[31m=[32m"footer-blurb"[31m
      [36m>[31m
        [0mEvery plan is built to support your comeback. Choose what fuels you.[0m
      [36m</p>[31m
      [36m<button[31m
        [33mclass[31m=[32m"settings-button"[31m
      [36m>[31m
        [36m<svg[31m
          [33maria-hidden[31m=[32m"true"[31m
          [33mclass[31m=[32m"lucide lucide-settings"[31m
          [33mfill[31m=[32m"none"[31m
          [33mheight[31m=[32m"24"[31m
          [33mstroke[31m=[32m"currentColor"[31m
          [33mstroke-linecap[31m=[32m"round"[31m
          [33mstroke-linejoin[31m=[32m"round"[31m
          [33mstroke-width[31m=[32m"2"[31m
          [33mviewBox[31m=[32m"0 0 24 24"[31m
          [33mwidth[31m=[32m"24"[31m
          [33mxmlns[31m=[32m"http://www.w3.org/2000/svg"[31m
        [36m>[31m
          [36m<path[31m
            [33md[31m=[32m"M9.671 4.136a2.34 2.34 0 0 1 4.659 0 2.34 2.34 0 0 0 3.319 1.915 2.34 2.34 0 0 1 2.33 4.033 2.34 2.34 0 0 0 0 3.831 2.34 2.34 0 0 1-2.33 4.033 2.34 2.34 0 0 0-3.319 1.915 2.34 2.34 0 0 1-4.659 0 2.34 2.34 0 0 0-3.32-1.915 2.34 2.34 0 0 1-2.33-4.033 2.34 2.34 0 0 0 0-3.831A2.34 2.34 0 0 1 6.35 6.051a2.34 2.34 0 0 0 3.319-1.915"[31m
          [36m/>[31m
          [36m<circle[31m
            [33mcx[31m=[32m"12"[31m
            [33mcy[31m=[32m"12"[31m
            [33mr[31m=[32m"3"[31m
          [36m/>[31m
        [36m</svg>[31m
      [36m</button>[31m
    [36m</div>[31m
  [36m</div>[31m
[36m</body>[31m

Ignored nodes: comments, script, style
[36m<html>[31m
  [36m<head />[31m
  [36m<body>[31m
    [36m<div>[31m
      [36m<div[31m
        [33mclass[31m=[32m"my-plan-container"[31m
      [36m>[31m
        [36m<div[31m
          [33mstyle[31m=[32m"display: grid; grid-template-columns: 44px 1fr 44px; align-items: center; margin-bottom: 2rem;"[31m
        [36m>[31m
          [36m<button[31m
            [33maria-label[31m=[32m"Back"[31m
            [33mstyle[31m=[32m"background: none; border: medium; color: white; cursor: pointer; padding: 0px;"[31m
            [33mtype[31m=[32m"button"[31m
          [36m>[31m
            [36m<svg[31m
              [33maria-hidden[31m=[32m"true"[31m
              [33mclass[31m=[32m"lucide lucide-arrow-left"[31m
              [33mfill[31m=[32m"none"[31m
              [33mheight[31m=[32m"28"[31m
              [33mstroke[31m=[32m"currentColor"[31m
              [33mstroke-linecap[31m=[32m"round"[31m
              [33mstroke-linejoin[31m=[32m"round"[31m
              [33mstroke-width[31m=[32m"2"[31m
              [33mviewBox[31m=[32m"0 0 24 24"[31m
              [33mwidth[31m=[32m"28"[31m
              [33mxmlns[31m=[32m"http://www.w3.org/2000/svg"[31m
            [36m>[31m
              [36m<path[31m
                [33md[31m=[32m"m12 19-7-7 7-7"[31m
              [36m/>[31m
              [36m<path[31m
                [33md[31m=[32m"M19 12H5"[31m
              [36m/>[31m
            [36m</svg>[31m
          [36m</button>[31m
          [36m<div[31m
            [33mstyle[31m=[32m"display: flex; align-items: center; justify-content: center; gap: 0.5rem;"[31m
          [36m>[31m
            [36m<svg[31m
              [33maria-hidden[31m=[32m"true"[31m
              [33mclass[31m=[32m"lucide lucide-clipboard-list"[31m
              [33mfill[31m=[32m"none"[31m
              [33mheight[31m=[32m"28"[31m
              [33mstroke[31m=[32m"var(--accent-color)"[31m
              [33mstroke-linecap[31m=[32m"round"[31m
              [33mstroke-linejoin[31m=[32m"round"[31m
              [33mstroke-width[31m=[32m"2"[31m
              [33mviewBox[31m=[32m"0 0 24 24"[31m
              [33mwidth[31m=[32m"28"[31m
              [33mxmlns[31m=[32m"http://www.w3.org/2000/svg"[31m
            [36m>[31m
              [36m<rect[31m
                [33mheight[31m=[32m"4"[31m
                [33mrx[31m=[32m"1"[31m
                [33mry[31m=[32m"1"[31m
                [33mwidth[31m=[32m"8"[31m
                [33mx[31m=[32m"8"[31m
                [33my[31m=[32m"2"[31m
              [36m/>[31m
              [36m<path[31m
                [33md[31m=[32m"M16 4h2a2 2 0 0 1 2 2v14a2 2 0 0 1-2 2H6a2 2 0 0 1-2-2V6a2 2 0 0 1 2-2h2"[31m
              [36m/>[31m
              [36m<path[31m
                [33md[31m=[32m"M12 11h4"[31m
              [36m/>[31m
              [36m<path[31m
                [33md[31m=[32m"M12 16h4"[31m
              [36m/>[31m
              [36m<path[31m
                [33md[31m=[32m"M8 11h.01"[31m
              [36m/>[31m
              [36m<path[31m
                [33md[31m=[32m"M8 16h.01"[31m
              [36m/>[31m
            [36m</svg>[31m
            [36m<h1[31m
              [33mstyle[31m=[32m"font-size: 1.75rem; font-weight: 800; margin: 0px;"[31m
            [36m>[31m
              [0mMy Plan[0m
            [36m</h1>[31m
          [36m</div>[31m
          [36m<div />[31m
        [36m</div>[31m
        [36m<div[31m
          [33mclass[31m=[32m"plan-header"[31m
        [36m>[31m
          [36m<h2>[31m
            [0mYOUR PLAN[0m
          [36m</h2>[31m
          [36m<p>[31m
            [0mtest@example.com[0m
          [36m</p>[31m
          [36m<div[31m
            [33mclass[31m=[32m"user-id-section"[31m
          [36m>[31m
            [36m<span>[31m
              [0mUser ID:[0m
            [36m</span>[31m
            [36m<button[31m
              [33mclass[31m=[32m"user-id-toggle"[31m
              [33mtitle[31m=[32m"Show User ID"[31m
            [36m>[31m
              [36m<svg[31m
                [33maria-hidden[31m=[32m"true"[31m
                [33mclass[31m=[32m"lucide lucide-eye"[31m
                [33mfill[31m=[32m"none"[31m
                [33mheight[31m=[32m"16"[31m
                [33mstroke[31m=[32m"currentColor"[31m
                [33mstroke-linecap[31m=[32m"round"[31m
                [33mstroke-linejoin[31m=[32m"round"[31m
                [33mstroke-width[31m=[32m"2"[31m
                [33mviewBox[31m=[32m"0 0 24 24"[31m
                [33mwidth[31m=[32m"16"[31m
                [33mxmlns[31m=[32m"http://www.w3.org/2000/svg"[31m
              [36m>[31m
                [36m<path[31m
                  [33md[31m=[32m"M2.062 12.348a1 1 0 0 1 0-.696 10.75 10.75 0 0 1 19.876 0 1 1 0 0 1 0 .696 10.75 10.75 0 0 1-19.876 0"[31m
                [36m/>[31m
                [36m<circle[31m
                  [33mcx[31m=[32m"12"[31m
                  [33mcy[31m=[32m"12"[31m
                  [33mr[31m=[32m"3"[31m
                [36m/>[31m
              [36m</svg>[31m
            [36m</button>[31m
          [36m</div>[31m
        [36m</div>[31m
        [36m<div[31m
          [33mclass[31m=[32m"plans-grid"[31m
        [36m>[31m
          [36m<div[31m
            [33mclass[31m=[32m"plan-card current-plan"[31m
          [36m>[31m
            [36m<div[31m
              [33mclass[31m=[32m"plan-icon"[31m
            [36m>[31m
              [36m<svg[31m
                [33maria-hidden[31m=[32m"true"[31m
                [33mclass[31m=[32m"lucide lucide-diamond"[31m
                [33mfill[31m=[32m"none"[31m
                [33mheight[31m=[32m"24"[31m
                [33mstroke[31m=[32m"currentColor"[31m
                [33mstroke-linecap[31m=[32m"round"[31m
                [33mstroke-linejoin[31m=[32m"round"[31m
                [33mstroke-width[31m=[32m"2"[31m
                [33mviewBox[31m=[32m"0 0 24 24"[31m
                [33mwidth[31m=[32m"24"[31m
                [33mxmlns[31m=[32m"http://www.w3.org/2000/svg"[31m
              [36m>[31m
                [36m<path[31m
                  [33md[31m=[32m"M2.7 10.3a2.41 2.41 0 0 0 0 3.41l7.59 7.59a2.41 2.41 0 0 0 3.41 0l7.59-7.59a2.41 2.41 0 0 0 0-3.41l-7.59-7.59a2.41 2.41 0 0 0-3.41 0Z"[31m
                [36m/>[31m
              [36m</svg>[31m
            [36m</div>[31m
            [36m<div[31m
              [33mclass[31m=[32m"plan-details"[31m
            [36m>[31m
              [36m<h3>[31m
                [0m$100 LIFETIME[0m
              [36m</h3>[31m
              [36m<p>[31m
                [0mAll-Access Pass, One-Time Fee[0m
              [36m</p>[31m
            [36m</div>[31m
            [36m<button[31m
              [33mclass[31m=[32m"plan-button current"[31m
            [36m>[31m
              [0mCurrent Plan[0m
            [36m</button>[31m
          [36m</div>[31m
          [36m<div[31m
            [33mclass[31m=[32m"plan-card "[31m
          [36m>[31m
            [36m<div[31m
              [33mclass[31m=[32m"plan-icon"[31m
            [36m>[31m
              [36m<svg[31m
                [33maria-hidden[31m=[32m"true"[31m
                [33mclass[31m=[32m"lucide lucide-shield-check"[31m
                [33mfill[31m=[32m"none"[31m
                [33mheight[31m=[32m"24"[31m
                [33mstroke[31m=[32m"currentColor"[31m
                [33mstroke-linecap[31m=[32m"round"[31m
                [33mstroke-linejoin[31m=[32m"round"[31m
                [33mstroke-width[31m=[32m"2"[31m
                [33mviewBox[31m=[32m"0 0 24 24"[31m
                [33mwidth[31m=[32m"24"[31m
                [33mxmlns[31m=[32m"http://www.w3.org/2000/svg"[31m
              [36m>[31m
                [36m<path[31m
                  [33md[31m=[32m"M20 13c0 5-3.5 7.5-7.66 8.95a1 1 0 0 1-.67-.01C7.5 20.5 4 18 4 13V6a1 1 0 0 1 1-1c2 0 4.5-1.2 6.24-2.72a1.17 1.17 0 0 1 1.52 0C14.51 3.81 17 5 19 5a1 1 0 0 1 1 1z"[31m
                [36m/>[31m
                [36m<path[31m
                  [33md[31m=[32m"m9 12 2 2 4-4"[31m
                [36m/>[31m
              [36m</svg>[31m
            [36m</div>[31m
            [36m<div[31m
              [33mclass[31m=[32m"plan-details"[31m
            [36m>[31m
              [36m<h3>[31m
                [0mFREE - SPONSORED[0m
              [36m</h3>[31m
              [36m<p>[31m
                [0mFull Access ΓÇó Community Support[0m
              [36m</p>[31m
            [36m</div>[31m
            [36m<button[31m
              [33mclass[31m=[32m"plan-button "[31m
            [36m>[31m
              [0mUpgrade Now[0m
            [36m</button>[31m
          [36m</div>[31m
          [36m<div[31m
            [33mclass[31m=[32m"plan-card "[31m
          [36m>[31m
            [36m<div[31m
              [33mclass[31m=[32m"plan-icon"[31m
            [36m>[31m
              [36m<svg[31m
                [33maria-hidden[31m=[32m"true"[31m
                [33mclass[31m=[32m"lucide lucide-zap"[31m
                [33mfill[31m=[32m"none"[31m
                [33mheight[31m=[32m"24"[31m
                [33mstroke[31m=[32m"currentColor"[31m
                [33mstroke-linecap[31m=[32m"round"[31m
                [33mstroke-linejoin[31m=[32m"round"[31m
                [33mstroke-width[31m=[32m"2"[31m
                [33mviewBox[31m=[32m"0 0 24 24"[31m
                [33mwidth[31m=[32m"24"[31m
                [33mxmlns[31m=[32m"http://www.w3.org/2000/svg"[31m
              [36m>[31m
                [36m<path[31m
                  [33md[31m=[32m"M4 14a1 1 0 0 1-.78-1.63l9.9-10.2a.5.5 0 0 1 .86.46l-1.92 6.02A1 1 0 0 0 13 10h7a1 1 0 0 1 .78 1.63l-9.9 10.2a.5.5 0 0 1-.86-.46l1.92-6.02A1 1 0 0 0 11 14z"[31m
                [36m/>[31m
              [36m</svg>[31m
            [36m</div>[31m
            [36m<div[31m
              [33mclass[31m=[32m"plan-details"[31m
            [36m>[31m
              [36m<h3>[31m
                [0mFREE (INCOME BASED)[0m
              [36m</h3>[31m
              [36m<p>[31m
                [0mFull Access, Based on Eligibility[0m
              [36m</p>[31m
            [36m</div>[31m
            [36m<button[31m
              [33mclass[31m=[32m"plan-button "[31m
            [36m>[31m
              [0mUpgrade Now[0m
            [36m</button>[31m
          [36m</div>[31m
          [36m<div[31m
            [33mclass[31m=[32m"plan-card "[31m
          [36m>[31m
            [36m<div[31m
              [33mclass[31m=[32m"plan-icon"[31m
            [36m>[31m
              [36m<svg[31m
                [33maria-hidden[31m=[32m"true"[31m
                [33mclass[31m=[32m"lucide lucide-key"[31m
                [33mfill[31m=[32m"none"[31m
                [33mheight[31m=[32m"24"[31m
                [33mstroke[31m=[32m"currentColor"[31m
                [33mstroke-linecap[31m=[32m"round"[31m
                [33mstroke-linejoin[31m=[32m"round"[31m
                [33mstroke-width[31m=[32m"2"[31m
                [33mviewBox[31m=[32m"0 0 24 24"[31m
                [33mwidth[31m=[32m"24"[31m
                [33mxmlns[31m=[32m"http://www.w3.org/2000/svg"[31m
              [36m>[31m
                [36m<path[31m
                  [33md[31m=[32m"m15.5 7.5 2.3 2.3a1 1 0 0 0 1.4 0l2.1-2.1a1 1 0 0 0 0-1.4L19 4"[31m
                [36m/>[31m
                [36m<path[31m
                  [33md[31m=[32m"m21 2-9.6 9.6"[31m
                [36m/>[31m
                [36m<circle[31m
                  [33mcx[31m=[32m"7.5"[31m
                  [33mcy[31m=[32m"15.5"[31m
                  [33mr[31m=[32m"5.5"[31m
                [36m/>[31m
              [36m</svg>[31m
            [36m</div>[31m
            [36m<div[31m
              [33mclass[31m=[32m"plan-details"[31m
            [36m>[31m
              [36m<h3>[31m
                [0mFREE (90 DAYS)[0m
              [36m</h3>[31m
              [36m<p>[31m
                [0mFull Access, Limited Time[0m
              [36m</p>[31m
            [36m</div>[31m
            [36m<button[31m
              [33mclass[31m=[32m"plan-button "[31m
            [36m>[31m
              [0mUpgrade Now[0m
            [36m</button>[31m
          [36m</div>[31m
          [36m<div[31m
            [33mclass[31m=[32m"plan-card "[31m
          [36m>[31m
            [36m<div[31m
              [33mclass[31m=[32m"plan-icon"[31m
            [36m>[31m
              [36m<svg[31m
                [33maria-hidden[31m=[32m"true"[31m
                [33mclass[31m=[32m"lucide lucide-dollar-sign"[31m
                [33mfill[31m=[32m"none"[31m
                [33mheight[31m=[32m"24"[31m
                [33mstroke[31m=[32m"currentColor"[31m
                [33mstroke-linecap[31m=[32m"round"[31m
                [33mstroke-linejoin[31m=[32m"round"[31m
                [33mstroke-width[31m=[32m"2"[31m
                [33mviewBox[31m=[32m"0 0 24 24"[31m
                [33mwidth[31m=[32m"24"[31m
                [33mxmlns[31m=[32m"http://www.w3.org/2000/svg"[31m
              [36m>[31m
                [36m<line[31m
                  [33mx1[31m=[32m"12"[31m
                  [33mx2[31m=[32m"12"[31m
                  [33my1[31m=[32m"2"[31m
                  [33my2[31m=[32m"22"[31m
                [36m/>[31m
                [36m<path[31m
                  [33md[31m=[32m"M17 5H9.5a3.5 3.5 0 0 0 0 7h5a3.5 3.5 0 0 1 0 7H6"[31m
                [36m/>[31m
              [36m</svg>[31m
            [36m</div>[31m
            [36m<div[31m
              [33mclass[31m=[32m"plan-details"[31m
            [36m>[31m
              [36m<h3>[31m
                [0m$10 / MONTH[0m
              [36m</h3>[31m
              [36m<p>[31m
                [0mFull Access + Bonus Content[0m
              [36m</p>[31m
            [36m</div>[31m
            [36m<button[31m
              [33mclass[31m=[32m"plan-button "[31m
            [36m>[31m
              [0mUpgrade Now[0m
            [36m</button>[31m
          [36m</div>[31m
          [36m<div[31m
            [33mclass[31m=[32m"plan-card "[31m
          [36m>[31m
            [36m<div[31m
              [33mclass[31m=[32m"plan-icon"[31m
            [36m>[31m
              [36m<svg[31m
                [33maria-hidden[31m=[32m"true"[31m
                [33mclass[31m=[32m"lucide lucide-clipboard-list"[31m
                [33mfill[31m=[32m"none"[31m
                [33mheight[31m=[32m"24"[31m
                [33mstroke[31m=[32m"currentColor"[31m
                [33mstroke-linecap[31m=[32m"round"[31m
                [33mstroke-linejoin[31m=[32m"round"[31m
                [33mstroke-width[31m=[32m"2"[31m
                [33mviewBox[31m=[32m"0 0 24 24"[31m
                [33mwidth[31m=[32m"24"[31m
                [33mxmlns[31m=[32m"http://www.w3.org/2000/svg"[31m
              [36m>[31m
                [36m<rect[31m
                  [33mheight[31m=[32m"4"[31m
                  [33mrx[31m=[32m"1"[31m
                  [33mry[31m=[32m"1"[31m
                  [33mwidth[31m=[32m"8"[31m
                  [33mx[31m=[32m"8"[31m
                  [33my[31m=[32m"2"[31m
                [36m/>[31m
                [36m<path[31m
                  [33md[31m=[32m"M16 4h2a2 2 0 0 1 2 2v14a2 2 0 0 1-2 2H6a2 2 0 0 1-2-2V6a2 2 0 0 1 2-2h2"[31m
                [36m/>[31m
                [36m<path[31m
                  [33md[31m=[32m"M12 11h4"[31m
                [36m/>[31m
                [36m<path[31m
                  [33md[31m=[32m"M12 16h4"[31m
                [36m/>[31m
                [36m<path[31m
                  [33md[31m=[32m"M8 11h.01"[31m
                [36m/>[31m
                [36m<path[31m
                  [33md[31m=[32m"M8 16h.01"[31m
                [36m/>[31m
              [36m</svg>[31m
            [36m</div>[31m
            [36m<div[31m
              [33mclass[31m=[32m"plan-details"[31m
            [36m>[31m
              [36m<h3>[31m
                [0m$100 / MONTH[0m
              [36m</h3>[31m
              [36m<p>[31m
                [0m1-on-1 Training + Full Access[0m
              [36m</p>[31m
            [36m</div>[31m
            [36m<button[31m
              [33mclass[31m=[32m"plan-button "[31m
            [36m>[31m
              [0mUpgrade Now[0m
            [36m</button>[31m
          [36m</div>[31m
        [36m</div>[31m
        [36m<p[31m
          [33mclass[31m=[32m"footer-blurb"[31m
        [36m>[31m
          [0mEvery plan is built to support your comeback. Choose what fuels you.[0m
        [36m</p>[31m
        [36m<button[31m
          [33mclass[31m=[32m"settings-button"[31m
        [36m>[31m
          [36m<svg[31m
            [33maria-hidden[31m=[32m"true"[31m
            [33mclass[31m=[32m"lucide lucide-settings"[31m
            [33mfill[31m=[32m"none"[31m
            [33mheight[31m=[32m"24"[31m
            [33mstroke[31m=[32m"currentColor"[31m
            [33mstroke-linecap[31m=[32m"round"[31m
            [33mstroke-linejoin[31m=[32m"round"[31m
            [33mstroke-width[31m=[32m"2"[31m
            [33mviewBox[31m=[32m"0 0 24 24"[31m
            [33mwidth[31m=[32m"24"[31m
            [33mxmlns[31m=[32m"http://www.w3.org/2000/svg"[31m
          [36m>[31m
            [36m<path[31m
              [33md[31m=[32m"M9.671 4.136a2.34 2.34 0 0 1 4.659 0 2.34 2.34 0 0 0 3.319 1.915 2.34 2.34 0 0 1 2.33 4.033 2.34 2.34 0 0 0 0 3.831 2.34 2.34 0 0 1-2.33 4.033 2.34 2.34 0 0 0-3.319 1.915 2.34 2.34 0 0 1-4.659 0 2.34 2.34 0 0 0-3.32-1.915 2.34 2.34 0 0 1-2.33-4.033 2.34 2.34 0 0 0 0-3.831A2.34 2.34 0 0 1 6.35 6.051a2.34 2.34 0 0 0 3.319-1.915"[31m
            [36m/>[31m
            [36m<circle[31m
              [33mcx[31m=[32m"12"[31m
              [33mcy[31m=[32m"12"[31m
              [33mr[31m=[32m"3"[31m
            [36m/>[31m
          [36m</svg>[31m
        [36m</button>[31m
      [36m</div>[31m
    [36m</div>[31m
  [36m</body>[31m
[36m</html>[31m[39m
 [31m├ù[39m tests/pages/MyPlanPage.test.jsx[2m > [22mMyPlanPage Component[2m > [22mSettings Modal Functionality[2m > [22mdisplays all theme options in modal[33m 1538[2mms[22m[39m
[31m   ΓåÆ Unable to find role="button" and name `/settings/i`

Ignored nodes: comments, script, style
[36m<body>[31m
  [36m<div>[31m
    [36m<div[31m
      [33mclass[31m=[32m"my-plan-container"[31m
    [36m>[31m
      [36m<div[31m
        [33mstyle[31m=[32m"display: grid; grid-template-columns: 44px 1fr 44px; align-items: center; margin-bottom: 2rem;"[31m
      [36m>[31m
        [36m<button[31m
          [33maria-label[31m=[32m"Back"[31m
          [33mstyle[31m=[32m"background: none; border: medium; color: white; cursor: pointer; padding: 0px;"[31m
          [33mtype[31m=[32m"button"[31m
        [36m>[31m
          [36m<svg[31m
            [33maria-hidden[31m=[32m"true"[31m
            [33mclass[31m=[32m"lucide lucide-arrow-left"[31m
            [33mfill[31m=[32m"none"[31m
            [33mheight[31m=[32m"28"[31m
            [33mstroke[31m=[32m"currentColor"[31m
            [33mstroke-linecap[31m=[32m"round"[31m
            [33mstroke-linejoin[31m=[32m"round"[31m
            [33mstroke-width[31m=[32m"2"[31m
            [33mviewBox[31m=[32m"0 0 24 24"[31m
            [33mwidth[31m=[32m"28"[31m
            [33mxmlns[31m=[32m"http://www.w3.org/2000/svg"[31m
          [36m>[31m
            [36m<path[31m
              [33md[31m=[32m"m12 19-7-7 7-7"[31m
            [36m/>[31m
            [36m<path[31m
              [33md[31m=[32m"M19 12H5"[31m
            [36m/>[31m
          [36m</svg>[31m
        [36m</button>[31m
        [36m<div[31m
          [33mstyle[31m=[32m"display: flex; align-items: center; justify-content: center; gap: 0.5rem;"[31m
        [36m>[31m
          [36m<svg[31m
            [33maria-hidden[31m=[32m"true"[31m
            [33mclass[31m=[32m"lucide lucide-clipboard-list"[31m
            [33mfill[31m=[32m"none"[31m
            [33mheight[31m=[32m"28"[31m
            [33mstroke[31m=[32m"var(--accent-color)"[31m
            [33mstroke-linecap[31m=[32m"round"[31m
            [33mstroke-linejoin[31m=[32m"round"[31m
            [33mstroke-width[31m=[32m"2"[31m
            [33mviewBox[31m=[32m"0 0 24 24"[31m
            [33mwidth[31m=[32m"28"[31m
            [33mxmlns[31m=[32m"http://www.w3.org/2000/svg"[31m
          [36m>[31m
            [36m<rect[31m
              [33mheight[31m=[32m"4"[31m
              [33mrx[31m=[32m"1"[31m
              [33mry[31m=[32m"1"[31m
              [33mwidth[31m=[32m"8"[31m
              [33mx[31m=[32m"8"[31m
              [33my[31m=[32m"2"[31m
            [36m/>[31m
            [36m<path[31m
              [33md[31m=[32m"M16 4h2a2 2 0 0 1 2 2v14a2 2 0 0 1-2 2H6a2 2 0 0 1-2-2V6a2 2 0 0 1 2-2h2"[31m
            [36m/>[31m
            [36m<path[31m
              [33md[31m=[32m"M12 11h4"[31m
            [36m/>[31m
            [36m<path[31m
              [33md[31m=[32m"M12 16h4"[31m
            [36m/>[31m
            [36m<path[31m
              [33md[31m=[32m"M8 11h.01"[31m
            [36m/>[31m
            [36m<path[31m
              [33md[31m=[32m"M8 16h.01"[31m
            [36m/>[31m
          [36m</svg>[31m
          [36m<h1[31m
            [33mstyle[31m=[32m"font-size: 1.75rem; font-weight: 800; margin: 0px;"[31m
          [36m>[31m
            [0mMy Plan[0m
          [36m</h1>[31m
        [36m</div>[31m
        [36m<div />[31m
      [36m</div>[31m
      [36m<div[31m
        [33mclass[31m=[32m"plan-header"[31m
      [36m>[31m
        [36m<h2>[31m
          [0mYOUR PLAN[0m
        [36m</h2>[31m
        [36m<p>[31m
          [0mtest@example.com[0m
        [36m</p>[31m
        [36m<div[31m
          [33mclass[31m=[32m"user-id-section"[31m
        [36m>[31m
          [36m<span>[31m
            [0mUser ID:[0m
          [36m</span>[31m
          [36m<button[31m
            [33mclass[31m=[32m"user-id-toggle"[31m
            [33mtitle[31m=[32m"Show User ID"[31m
          [36m>[31m
            [36m<svg[31m
              [33maria-hidden[31m=[32m"true"[31m
              [33mclass[31m=[32m"lucide lucide-eye"[31m
              [33mfill[31m=[32m"none"[31m
              [33mheight[31m=[32m"16"[31m
              [33mstroke[31m=[32m"currentColor"[31m
              [33mstroke-linecap[31m=[32m"round"[31m
              [33mstroke-linejoin[31m=[32m"round"[31m
              [33mstroke-width[31m=[32m"2"[31m
              [33mviewBox[31m=[32m"0 0 24 24"[31m
              [33mwidth[31m=[32m"16"[31m
              [33mxmlns[31m=[32m"http://www.w3.org/2000/svg"[31m
            [36m>[31m
              [36m<path[31m
                [33md[31m=[32m"M2.062 12.348a1 1 0 0 1 0-.696 10.75 10.75 0 0 1 19.876 0 1 1 0 0 1 0 .696 10.75 10.75 0 0 1-19.876 0"[31m
              [36m/>[31m
              [36m<circle[31m
                [33mcx[31m=[32m"12"[31m
                [33mcy[31m=[32m"12"[31m
                [33mr[31m=[32m"3"[31m
              [36m/>[31m
            [36m</svg>[31m
          [36m</button>[31m
        [36m</div>[31m
      [36m</div>[31m
      [36m<div[31m
        [33mclass[31m=[32m"plans-grid"[31m
      [36m>[31m
        [36m<div[31m
          [33mclass[31m=[32m"plan-card current-plan"[31m
        [36m>[31m
          [36m<div[31m
            [33mclass[31m=[32m"plan-icon"[31m
          [36m>[31m
            [36m<svg[31m
              [33maria-hidden[31m=[32m"true"[31m
              [33mclass[31m=[32m"lucide lucide-diamond"[31m
              [33mfill[31m=[32m"none"[31m
              [33mheight[31m=[32m"24"[31m
              [33mstroke[31m=[32m"currentColor"[31m
              [33mstroke-linecap[31m=[32m"round"[31m
              [33mstroke-linejoin[31m=[32m"round"[31m
              [33mstroke-width[31m=[32m"2"[31m
              [33mviewBox[31m=[32m"0 0 24 24"[31m
              [33mwidth[31m=[32m"24"[31m
              [33mxmlns[31m=[32m"http://www.w3.org/2000/svg"[31m
            [36m>[31m
              [36m<path[31m
                [33md[31m=[32m"M2.7 10.3a2.41 2.41 0 0 0 0 3.41l7.59 7.59a2.41 2.41 0 0 0 3.41 0l7.59-7.59a2.41 2.41 0 0 0 0-3.41l-7.59-7.59a2.41 2.41 0 0 0-3.41 0Z"[31m
              [36m/>[31m
            [36m</svg>[31m
          [36m</div>[31m
          [36m<div[31m
            [33mclass[31m=[32m"plan-details"[31m
          [36m>[31m
            [36m<h3>[31m
              [0m$100 LIFETIME[0m
            [36m</h3>[31m
            [36m<p>[31m
              [0mAll-Access Pass, One-Time Fee[0m
            [36m</p>[31m
          [36m</div>[31m
          [36m<button[31m
            [33mclass[31m=[32m"plan-button current"[31m
          [36m>[31m
            [0mCurrent Plan[0m
          [36m</button>[31m
        [36m</div>[31m
        [36m<div[31m
          [33mclass[31m=[32m"plan-card "[31m
        [36m>[31m
          [36m<div[31m
            [33mclass[31m=[32m"plan-icon"[31m
          [36m>[31m
            [36m<svg[31m
              [33maria-hidden[31m=[32m"true"[31m
              [33mclass[31m=[32m"lucide lucide-shield-check"[31m
              [33mfill[31m=[32m"none"[31m
              [33mheight[31m=[32m"24"[31m
              [33mstroke[31m=[32m"currentColor"[31m
              [33mstroke-linecap[31m=[32m"round"[31m
              [33mstroke-linejoin[31m=[32m"round"[31m
              [33mstroke-width[31m=[32m"2"[31m
              [33mviewBox[31m=[32m"0 0 24 24"[31m
              [33mwidth[31m=[32m"24"[31m
              [33mxmlns[31m=[32m"http://www.w3.org/2000/svg"[31m
            [36m>[31m
              [36m<path[31m
                [33md[31m=[32m"M20 13c0 5-3.5 7.5-7.66 8.95a1 1 0 0 1-.67-.01C7.5 20.5 4 18 4 13V6a1 1 0 0 1 1-1c2 0 4.5-1.2 6.24-2.72a1.17 1.17 0 0 1 1.52 0C14.51 3.81 17 5 19 5a1 1 0 0 1 1 1z"[31m
              [36m/>[31m
              [36m<path[31m
                [33md[31m=[32m"m9 12 2 2 4-4"[31m
              [36m/>[31m
            [36m</svg>[31m
          [36m</div>[31m
          [36m<div[31m
            [33mclass[31m=[32m"plan-details"[31m
          [36m>[31m
            [36m<h3>[31m
              [0mFREE - SPONSORED[0m
            [36m</h3>[31m
            [36m<p>[31m
              [0mFull Access ΓÇó Community Support[0m
            [36m</p>[31m
          [36m</div>[31m
          [36m<button[31m
            [33mclass[31m=[32m"plan-button "[31m
          [36m>[31m
            [0mUpgrade Now[0m
          [36m</button>[31m
        [36m</div>[31m
        [36m<div[31m
          [33mclass[31m=[32m"plan-card "[31m
        [36m>[31m
          [36m<div[31m
            [33mclass[31m=[32m"plan-icon"[31m
          [36m>[31m
            [36m<svg[31m
              [33maria-hidden[31m=[32m"true"[31m
              [33mclass[31m=[32m"lucide lucide-zap"[31m
              [33mfill[31m=[32m"none"[31m
              [33mheight[31m=[32m"24"[31m
              [33mstroke[31m=[32m"currentColor"[31m
              [33mstroke-linecap[31m=[32m"round"[31m
              [33mstroke-linejoin[31m=[32m"round"[31m
              [33mstroke-width[31m=[32m"2"[31m
              [33mviewBox[31m=[32m"0 0 24 24"[31m
              [33mwidth[31m=[32m"24"[31m
              [33mxmlns[31m=[32m"http://www.w3.org/2000/svg"[31m
            [36m>[31m
              [36m<path[31m
                [33md[31m=[32m"M4 14a1 1 0 0 1-.78-1.63l9.9-10.2a.5.5 0 0 1 .86.46l-1.92 6.02A1 1 0 0 0 13 10h7a1 1 0 0 1 .78 1.63l-9.9 10.2a.5.5 0 0 1-.86-.46l1.92-6.02A1 1 0 0 0 11 14z"[31m
              [36m/>[31m
            [36m</svg>[31m
          [36m</div>[31m
          [36m<div[31m
            [33mclass[31m=[32m"plan-details"[31m
          [36m>[31m
            [36m<h3>[31m
              [0mFREE (INCOME BASED)[0m
            [36m</h3>[31m
            [36m<p>[31m
              [0mFull Access, Based on Eligibility[0m
            [36m</p>[31m
          [36m</div>[31m
          [36m<button[31m
            [33mclass[31m=[32m"plan-button "[31m
          [36m>[31m
            [0mUpgrade Now[0m
          [36m</button>[31m
        [36m</div>[31m
        [36m<div[31m
          [33mclass[31m=[32m"plan-card "[31m
        [36m>[31m
          [36m<div[31m
            [33mclass[31m=[32m"plan-icon"[31m
          [36m>[31m
            [36m<svg[31m
              [33maria-hidden[31m=[32m"true"[31m
              [33mclass[31m=[32m"lucide lucide-key"[31m
              [33mfill[31m=[32m"none"[31m
              [33mheight[31m=[32m"24"[31m
              [33mstroke[31m=[32m"currentColor"[31m
              [33mstroke-linecap[31m=[32m"round"[31m
              [33mstroke-linejoin[31m=[32m"round"[31m
              [33mstroke-width[31m=[32m"2"[31m
              [33mviewBox[31m=[32m"0 0 24 24"[31m
              [33mwidth[31m=[32m"24"[31m
              [33mxmlns[31m=[32m"http://www.w3.org/2000/svg"[31m
            [36m>[31m
              [36m<path[31m
                [33md[31m=[32m"m15.5 7.5 2.3 2.3a1 1 0 0 0 1.4 0l2.1-2.1a1 1 0 0 0 0-1.4L19 4"[31m
              [36m/>[31m
              [36m<path[31m
                [33md[31m=[32m"m21 2-9.6 9.6"[31m
              [36m/>[31m
              [36m<circle[31m
                [33mcx[31m=[32m"7.5"[31m
                [33mcy[31m=[32m"15.5"[31m
                [33mr[31m=[32m"5.5"[31m
              [36m/>[31m
            [36m</svg>[31m
          [36m</div>[31m
          [36m<div[31m
            [33mclass[31m=[32m"plan-details"[31m
          [36m>[31m
            [36m<h3>[31m
              [0mFREE (90 DAYS)[0m
            [36m</h3>[31m
            [36m<p>[31m
              [0mFull Access, Limited Time[0m
            [36m</p>[31m
          [36m</div>[31m
          [36m<button[31m
            [33mclass[31m=[32m"plan-button "[31m
          [36m>[31m
            [0mUpgrade Now[0m
          [36m</button>[31m
        [36m</div>[31m
        [36m<div[31m
          [33mclass[31m=[32m"plan-card "[31m
        [36m>[31m
          [36m<div[31m
            [33mclass[31m=[32m"plan-icon"[31m
          [36m>[31m
            [36m<svg[31m
              [33maria-hidden[31m=[32m"true"[31m
              [33mclass[31m=[32m"lucide lucide-dollar-sign"[31m
              [33mfill[31m=[32m"none"[31m
              [33mheight[31m=[32m"24"[31m
              [33mstroke[31m=[32m"currentColor"[31m
              [33mstroke-linecap[31m=[32m"round"[31m
              [33mstroke-linejoin[31m=[32m"round"[31m
              [33mstroke-width[31m=[32m"2"[31m
              [33mviewBox[31m=[32m"0 0 24 24"[31m
              [33mwidth[31m=[32m"24"[31m
              [33mxmlns[31m=[32m"http://www.w3.org/2000/svg"[31m
            [36m>[31m
              [36m<line[31m
                [33mx1[31m=[32m"12"[31m
                [33mx2[31m=[32m"12"[31m
                [33my1[31m=[32m"2"[31m
                [33my2[31m=[32m"22"[31m
              [36m/>[31m
              [36m<path[31m
                [33md[31m=[32m"M17 5H9.5a3.5 3.5 0 0 0 0 7h5a3.5 3.5 0 0 1 0 7H6"[31m
              [36m/>[31m
            [36m</svg>[31m
          [36m</div>[31m
          [36m<div[31m
            [33mclass[31m=[32m"plan-details"[31m
          [36m>[31m
            [36m<h3>[31m
              [0m$10 / MONTH[0m
            [36m</h3>[31m
            [36m<p>[31m
              [0mFull Access + Bonus Content[0m
            [36m</p>[31m
          [36m</div>[31m
          [36m<button[31m
            [33mclass[31m=[32m"plan-button "[31m
          [36m>[31m
            [0mUpgrade Now[0m
          [36m</button>[31m
        [36m</div>[31m
        [36m<div[31m
          [33mclass[31m=[32m"plan-card "[31m
        [36m>[31m
          [36m<div[31m
            [33mclass[31m=[32m"plan-icon"[31m
          [36m>[31m
            [36m<svg[31m
              [33maria-hidden[31m=[32m"true"[31m
              [33mclass[31m=[32m"lucide lucide-clipboard-list"[31m
              [33mfill[31m=[32m"none"[31m
              [33mheight[31m=[32m"24"[31m
              [33mstroke[31m=[32m"currentColor"[31m
              [33mstroke-linecap[31m=[32m"round"[31m
              [33mstroke-linejoin[31m=[32m"round"[31m
              [33mstroke-width[31m=[32m"2"[31m
              [33mviewBox[31m=[32m"0 0 24 24"[31m
              [33mwidth[31m=[32m"24"[31m
              [33mxmlns[31m=[32m"http://www.w3.org/2000/svg"[31m
            [36m>[31m
              [36m<rect[31m
                [33mheight[31m=[32m"4"[31m
                [33mrx[31m=[32m"1"[31m
                [33mry[31m=[32m"1"[31m
                [33mwidth[31m=[32m"8"[31m
                [33mx[31m=[32m"8"[31m
                [33my[31m=[32m"2"[31m
              [36m/>[31m
              [36m<path[31m
                [33md[31m=[32m"M16 4h2a2 2 0 0 1 2 2v14a2 2 0 0 1-2 2H6a2 2 0 0 1-2-2V6a2 2 0 0 1 2-2h2"[31m
              [36m/>[31m
              [36m<path[31m
                [33md[31m=[32m"M12 11h4"[31m
              [36m/>[31m
              [36m<path[31m
                [33md[31m=[32m"M12 16h4"[31m
              [36m/>[31m
              [36m<path[31m
                [33md[31m=[32m"M8 11h.01"[31m
              [36m/>[31m
              [36m<path[31m
                [33md[31m=[32m"M8 16h.01"[31m
              [36m/>[31m
            [36m</svg>[31m
          [36m</div>[31m
          [36m<div[31m
            [33mclass[31m=[32m"plan-details"[31m
          [36m>[31m
            [36m<h3>[31m
              [0m$100 / MONTH[0m
            [36m</h3>[31m
            [36m<p>[31m
              [0m1-on-1 Training + Full Access[0m
            [36m</p>[31m
          [36m</div>[31m
          [36m<button[31m
            [33mclass[31m=[32m"plan-button "[31m
          [36m>[31m
            [0mUpgrade Now[0m
          [36m</button>[31m
        [36m</div>[31m
      [36m</div>[31m
      [36m<p[31m
        [33mclass[31m=[32m"footer-blurb"[31m
      [36m>[31m
        [0mEvery plan is built to support your comeback. Choose what fuels you.[0m
      [36m</p>[31m
      [36m<button[31m
        [33mclass[31m=[32m"settings-button"[31m
      [36m>[31m
        [36m<svg[31m
          [33maria-hidden[31m=[32m"true"[31m
          [33mclass[31m=[32m"lucide lucide-settings"[31m
          [33mfill[31m=[32m"none"[31m
          [33mheight[31m=[32m"24"[31m
          [33mstroke[31m=[32m"currentColor"[31m
          [33mstroke-linecap[31m=[32m"round"[31m
          [33mstroke-linejoin[31m=[32m"round"[31m
          [33mstroke-width[31m=[32m"2"[31m
          [33mviewBox[31m=[32m"0 0 24 24"[31m
          [33mwidth[31m=[32m"24"[31m
          [33mxmlns[31m=[32m"http://www.w3.org/2000/svg"[31m
        [36m>[31m
          [36m<path[31m
            [33md[31m=[32m"M9.671 4.136a2.34 2.34 0 0 1 4.659 0 2.34 2.34 0 0 0 3.319 1.915 2.34 2.34 0 0 1 2.33 4.033 2.34 2.34 0 0 0 0 3.831 2.34 2.34 0 0 1-2.33 4.033 2.34 2.34 0 0 0-3.319 1.915 2.34 2.34 0 0 1-4.659 0 2.34 2.34 0 0 0-3.32-1.915 2.34 2.34 0 0 1-2.33-4.033 2.34 2.34 0 0 0 0-3.831A2.34 2.34 0 0 1 6.35 6.051a2.34 2.34 0 0 0 3.319-1.915"[31m
          [36m/>[31m
          [36m<circle[31m
            [33mcx[31m=[32m"12"[31m
            [33mcy[31m=[32m"12"[31m
            [33mr[31m=[32m"3"[31m
          [36m/>[31m
        [36m</svg>[31m
      [36m</button>[31m
    [36m</div>[31m
  [36m</div>[31m
[36m</body>[31m

Ignored nodes: comments, script, style
[36m<html>[31m
  [36m<head />[31m
  [36m<body>[31m
    [36m<div>[31m
      [36m<div[31m
        [33mclass[31m=[32m"my-plan-container"[31m
      [36m>[31m
        [36m<div[31m
          [33mstyle[31m=[32m"display: grid; grid-template-columns: 44px 1fr 44px; align-items: center; margin-bottom: 2rem;"[31m
        [36m>[31m
          [36m<button[31m
            [33maria-label[31m=[32m"Back"[31m
            [33mstyle[31m=[32m"background: none; border: medium; color: white; cursor: pointer; padding: 0px;"[31m
            [33mtype[31m=[32m"button"[31m
          [36m>[31m
            [36m<svg[31m
              [33maria-hidden[31m=[32m"true"[31m
              [33mclass[31m=[32m"lucide lucide-arrow-left"[31m
              [33mfill[31m=[32m"none"[31m
              [33mheight[31m=[32m"28"[31m
              [33mstroke[31m=[32m"currentColor"[31m
              [33mstroke-linecap[31m=[32m"round"[31m
              [33mstroke-linejoin[31m=[32m"round"[31m
              [33mstroke-width[31m=[32m"2"[31m
              [33mviewBox[31m=[32m"0 0 24 24"[31m
              [33mwidth[31m=[32m"28"[31m
              [33mxmlns[31m=[32m"http://www.w3.org/2000/svg"[31m
            [36m>[31m
              [36m<path[31m
                [33md[31m=[32m"m12 19-7-7 7-7"[31m
              [36m/>[31m
              [36m<path[31m
                [33md[31m=[32m"M19 12H5"[31m
              [36m/>[31m
            [36m</svg>[31m
          [36m</button>[31m
          [36m<div[31m
            [33mstyle[31m=[32m"display: flex; align-items: center; justify-content: center; gap: 0.5rem;"[31m
          [36m>[31m
            [36m<svg[31m
              [33maria-hidden[31m=[32m"true"[31m
              [33mclass[31m=[32m"lucide lucide-clipboard-list"[31m
              [33mfill[31m=[32m"none"[31m
              [33mheight[31m=[32m"28"[31m
              [33mstroke[31m=[32m"var(--accent-color)"[31m
              [33mstroke-linecap[31m=[32m"round"[31m
              [33mstroke-linejoin[31m=[32m"round"[31m
              [33mstroke-width[31m=[32m"2"[31m
              [33mviewBox[31m=[32m"0 0 24 24"[31m
              [33mwidth[31m=[32m"28"[31m
              [33mxmlns[31m=[32m"http://www.w3.org/2000/svg"[31m
            [36m>[31m
              [36m<rect[31m
                [33mheight[31m=[32m"4"[31m
                [33mrx[31m=[32m"1"[31m
                [33mry[31m=[32m"1"[31m
                [33mwidth[31m=[32m"8"[31m
                [33mx[31m=[32m"8"[31m
                [33my[31m=[32m"2"[31m
              [36m/>[31m
              [36m<path[31m
                [33md[31m=[32m"M16 4h2a2 2 0 0 1 2 2v14a2 2 0 0 1-2 2H6a2 2 0 0 1-2-2V6a2 2 0 0 1 2-2h2"[31m
              [36m/>[31m
              [36m<path[31m
                [33md[31m=[32m"M12 11h4"[31m
              [36m/>[31m
              [36m<path[31m
                [33md[31m=[32m"M12 16h4"[31m
              [36m/>[31m
              [36m<path[31m
                [33md[31m=[32m"M8 11h.01"[31m
              [36m/>[31m
              [36m<path[31m
                [33md[31m=[32m"M8 16h.01"[31m
              [36m/>[31m
            [36m</svg>[31m
            [36m<h1[31m
              [33mstyle[31m=[32m"font-size: 1.75rem; font-weight: 800; margin: 0px;"[31m
            [36m>[31m
              [0mMy Plan[0m
            [36m</h1>[31m
          [36m</div>[31m
          [36m<div />[31m
        [36m</div>[31m
        [36m<div[31m
          [33mclass[31m=[32m"plan-header"[31m
        [36m>[31m
          [36m<h2>[31m
            [0mYOUR PLAN[0m
          [36m</h2>[31m
          [36m<p>[31m
            [0mtest@example.com[0m
          [36m</p>[31m
          [36m<div[31m
            [33mclass[31m=[32m"user-id-section"[31m
          [36m>[31m
            [36m<span>[31m
              [0mUser ID:[0m
            [36m</span>[31m
            [36m<button[31m
              [33mclass[31m=[32m"user-id-toggle"[31m
              [33mtitle[31m=[32m"Show User ID"[31m
            [36m>[31m
              [36m<svg[31m
                [33maria-hidden[31m=[32m"true"[31m
                [33mclass[31m=[32m"lucide lucide-eye"[31m
                [33mfill[31m=[32m"none"[31m
                [33mheight[31m=[32m"16"[31m
                [33mstroke[31m=[32m"currentColor"[31m
                [33mstroke-linecap[31m=[32m"round"[31m
                [33mstroke-linejoin[31m=[32m"round"[31m
                [33mstroke-width[31m=[32m"2"[31m
                [33mviewBox[31m=[32m"0 0 24 24"[31m
                [33mwidth[31m=[32m"16"[31m
                [33mxmlns[31m=[32m"http://www.w3.org/2000/svg"[31m
              [36m>[31m
                [36m<path[31m
                  [33md[31m=[32m"M2.062 12.348a1 1 0 0 1 0-.696 10.75 10.75 0 0 1 19.876 0 1 1 0 0 1 0 .696 10.75 10.75 0 0 1-19.876 0"[31m
                [36m/>[31m
                [36m<circle[31m
                  [33mcx[31m=[32m"12"[31m
                  [33mcy[31m=[32m"12"[31m
                  [33mr[31m=[32m"3"[31m
                [36m/>[31m
              [36m</svg>[31m
            [36m</button>[31m
          [36m</div>[31m
        [36m</div>[31m
        [36m<div[31m
          [33mclass[31m=[32m"plans-grid"[31m
        [36m>[31m
          [36m<div[31m
            [33mclass[31m=[32m"plan-card current-plan"[31m
          [36m>[31m
            [36m<div[31m
              [33mclass[31m=[32m"plan-icon"[31m
            [36m>[31m
              [36m<svg[31m
                [33maria-hidden[31m=[32m"true"[31m
                [33mclass[31m=[32m"lucide lucide-diamond"[31m
                [33mfill[31m=[32m"none"[31m
                [33mheight[31m=[32m"24"[31m
                [33mstroke[31m=[32m"currentColor"[31m
                [33mstroke-linecap[31m=[32m"round"[31m
                [33mstroke-linejoin[31m=[32m"round"[31m
                [33mstroke-width[31m=[32m"2"[31m
                [33mviewBox[31m=[32m"0 0 24 24"[31m
                [33mwidth[31m=[32m"24"[31m
                [33mxmlns[31m=[32m"http://www.w3.org/2000/svg"[31m
              [36m>[31m
                [36m<path[31m
                  [33md[31m=[32m"M2.7 10.3a2.41 2.41 0 0 0 0 3.41l7.59 7.59a2.41 2.41 0 0 0 3.41 0l7.59-7.59a2.41 2.41 0 0 0 0-3.41l-7.59-7.59a2.41 2.41 0 0 0-3.41 0Z"[31m
                [36m/>[31m
              [36m</svg>[31m
            [36m</div>[31m
            [36m<div[31m
              [33mclass[31m=[32m"plan-details"[31m
            [36m>[31m
              [36m<h3>[31m
                [0m$100 LIFETIME[0m
              [36m</h3>[31m
              [36m<p>[31m
                [0mAll-Access Pass, One-Time Fee[0m
              [36m</p>[31m
            [36m</div>[31m
            [36m<button[31m
              [33mclass[31m=[32m"plan-button current"[31m
            [36m>[31m
              [0mCurrent Plan[0m
            [36m</button>[31m
          [36m</div>[31m
          [36m<div[31m
            [33mclass[31m=[32m"plan-card "[31m
          [36m>[31m
            [36m<div[31m
              [33mclass[31m=[32m"plan-icon"[31m
            [36m>[31m
              [36m<svg[31m
                [33maria-hidden[31m=[32m"true"[31m
                [33mclass[31m=[32m"lucide lucide-shield-check"[31m
                [33mfill[31m=[32m"none"[31m
                [33mheight[31m=[32m"24"[31m
                [33mstroke[31m=[32m"currentColor"[31m
                [33mstroke-linecap[31m=[32m"round"[31m
                [33mstroke-linejoin[31m=[32m"round"[31m
                [33mstroke-width[31m=[32m"2"[31m
                [33mviewBox[31m=[32m"0 0 24 24"[31m
                [33mwidth[31m=[32m"24"[31m
                [33mxmlns[31m=[32m"http://www.w3.org/2000/svg"[31m
              [36m>[31m
                [36m<path[31m
                  [33md[31m=[32m"M20 13c0 5-3.5 7.5-7.66 8.95a1 1 0 0 1-.67-.01C7.5 20.5 4 18 4 13V6a1 1 0 0 1 1-1c2 0 4.5-1.2 6.24-2.72a1.17 1.17 0 0 1 1.52 0C14.51 3.81 17 5 19 5a1 1 0 0 1 1 1z"[31m
                [36m/>[31m
                [36m<path[31m
                  [33md[31m=[32m"m9 12 2 2 4-4"[31m
                [36m/>[31m
              [36m</svg>[31m
            [36m</div>[31m
            [36m<div[31m
              [33mclass[31m=[32m"plan-details"[31m
            [36m>[31m
              [36m<h3>[31m
                [0mFREE - SPONSORED[0m
              [36m</h3>[31m
              [36m<p>[31m
                [0mFull Access ΓÇó Community Support[0m
              [36m</p>[31m
            [36m</div>[31m
            [36m<button[31m
              [33mclass[31m=[32m"plan-button "[31m
            [36m>[31m
              [0mUpgrade Now[0m
            [36m</button>[31m
          [36m</div>[31m
          [36m<div[31m
            [33mclass[31m=[32m"plan-card "[31m
          [36m>[31m
            [36m<div[31m
              [33mclass[31m=[32m"plan-icon"[31m
            [36m>[31m
              [36m<svg[31m
                [33maria-hidden[31m=[32m"true"[31m
                [33mclass[31m=[32m"lucide lucide-zap"[31m
                [33mfill[31m=[32m"none"[31m
                [33mheight[31m=[32m"24"[31m
                [33mstroke[31m=[32m"currentColor"[31m
                [33mstroke-linecap[31m=[32m"round"[31m
                [33mstroke-linejoin[31m=[32m"round"[31m
                [33mstroke-width[31m=[32m"2"[31m
                [33mviewBox[31m=[32m"0 0 24 24"[31m
                [33mwidth[31m=[32m"24"[31m
                [33mxmlns[31m=[32m"http://www.w3.org/2000/svg"[31m
              [36m>[31m
                [36m<path[31m
                  [33md[31m=[32m"M4 14a1 1 0 0 1-.78-1.63l9.9-10.2a.5.5 0 0 1 .86.46l-1.92 6.02A1 1 0 0 0 13 10h7a1 1 0 0 1 .78 1.63l-9.9 10.2a.5.5 0 0 1-.86-.46l1.92-6.02A1 1 0 0 0 11 14z"[31m
                [36m/>[31m
              [36m</svg>[31m
            [36m</div>[31m
            [36m<div[31m
              [33mclass[31m=[32m"plan-details"[31m
            [36m>[31m
              [36m<h3>[31m
                [0mFREE (INCOME BASED)[0m
              [36m</h3>[31m
              [36m<p>[31m
                [0mFull Access, Based on Eligibility[0m
              [36m</p>[31m
            [36m</div>[31m
            [36m<button[31m
              [33mclass[31m=[32m"plan-button "[31m
            [36m>[31m
              [0mUpgrade Now[0m
            [36m</button>[31m
          [36m</div>[31m
          [36m<div[31m
            [33mclass[31m=[32m"plan-card "[31m
          [36m>[31m
            [36m<div[31m
              [33mclass[31m=[32m"plan-icon"[31m
            [36m>[31m
              [36m<svg[31m
                [33maria-hidden[31m=[32m"true"[31m
                [33mclass[31m=[32m"lucide lucide-key"[31m
                [33mfill[31m=[32m"none"[31m
                [33mheight[31m=[32m"24"[31m
                [33mstroke[31m=[32m"currentColor"[31m
                [33mstroke-linecap[31m=[32m"round"[31m
                [33mstroke-linejoin[31m=[32m"round"[31m
                [33mstroke-width[31m=[32m"2"[31m
                [33mviewBox[31m=[32m"0 0 24 24"[31m
                [33mwidth[31m=[32m"24"[31m
                [33mxmlns[31m=[32m"http://www.w3.org/2000/svg"[31m
              [36m>[31m
                [36m<path[31m
                  [33md[31m=[32m"m15.5 7.5 2.3 2.3a1 1 0 0 0 1.4 0l2.1-2.1a1 1 0 0 0 0-1.4L19 4"[31m
                [36m/>[31m
                [36m<path[31m
                  [33md[31m=[32m"m21 2-9.6 9.6"[31m
                [36m/>[31m
                [36m<circle[31m
                  [33mcx[31m=[32m"7.5"[31m
                  [33mcy[31m=[32m"15.5"[31m
                  [33mr[31m=[32m"5.5"[31m
                [36m/>[31m
              [36m</svg>[31m
            [36m</div>[31m
            [36m<div[31m
              [33mclass[31m=[32m"plan-details"[31m
            [36m>[31m
              [36m<h3>[31m
                [0mFREE (90 DAYS)[0m
              [36m</h3>[31m
              [36m<p>[31m
                [0mFull Access, Limited Time[0m
              [36m</p>[31m
            [36m</div>[31m
            [36m<button[31m
              [33mclass[31m=[32m"plan-button "[31m
            [36m>[31m
              [0mUpgrade Now[0m
            [36m</button>[31m
          [36m</div>[31m
          [36m<div[31m
            [33mclass[31m=[32m"plan-card "[31m
          [36m>[31m
            [36m<div[31m
              [33mclass[31m=[32m"plan-icon"[31m
            [36m>[31m
              [36m<svg[31m
                [33maria-hidden[31m=[32m"true"[31m
                [33mclass[31m=[32m"lucide lucide-dollar-sign"[31m
                [33mfill[31m=[32m"none"[31m
                [33mheight[31m=[32m"24"[31m
                [33mstroke[31m=[32m"currentColor"[31m
                [33mstroke-linecap[31m=[32m"round"[31m
                [33mstroke-linejoin[31m=[32m"round"[31m
                [33mstroke-width[31m=[32m"2"[31m
                [33mviewBox[31m=[32m"0 0 24 24"[31m
                [33mwidth[31m=[32m"24"[31m
                [33mxmlns[31m=[32m"http://www.w3.org/2000/svg"[31m
              [36m>[31m
                [36m<line[31m
                  [33mx1[31m=[32m"12"[31m
                  [33mx2[31m=[32m"12"[31m
                  [33my1[31m=[32m"2"[31m
                  [33my2[31m=[32m"22"[31m
                [36m/>[31m
                [36m<path[31m
                  [33md[31m=[32m"M17 5H9.5a3.5 3.5 0 0 0 0 7h5a3.5 3.5 0 0 1 0 7H6"[31m
                [36m/>[31m
              [36m</svg>[31m
            [36m</div>[31m
            [36m<div[31m
              [33mclass[31m=[32m"plan-details"[31m
            [36m>[31m
              [36m<h3>[31m
                [0m$10 / MONTH[0m
              [36m</h3>[31m
              [36m<p>[31m
                [0mFull Access + Bonus Content[0m
              [36m</p>[31m
            [36m</div>[31m
            [36m<button[31m
              [33mclass[31m=[32m"plan-button "[31m
            [36m>[31m
              [0mUpgrade Now[0m
            [36m</button>[31m
          [36m</div>[31m
          [36m<div[31m
            [33mclass[31m=[32m"plan-card "[31m
          [36m>[31m
            [36m<div[31m
              [33mclass[31m=[32m"plan-icon"[31m
            [36m>[31m
              [36m<svg[31m
                [33maria-hidden[31m=[32m"true"[31m
                [33mclass[31m=[32m"lucide lucide-clipboard-list"[31m
                [33mfill[31m=[32m"none"[31m
                [33mheight[31m=[32m"24"[31m
                [33mstroke[31m=[32m"currentColor"[31m
                [33mstroke-linecap[31m=[32m"round"[31m
                [33mstroke-linejoin[31m=[32m"round"[31m
                [33mstroke-width[31m=[32m"2"[31m
                [33mviewBox[31m=[32m"0 0 24 24"[31m
                [33mwidth[31m=[32m"24"[31m
                [33mxmlns[31m=[32m"http://www.w3.org/2000/svg"[31m
              [36m>[31m
                [36m<rect[31m
                  [33mheight[31m=[32m"4"[31m
                  [33mrx[31m=[32m"1"[31m
                  [33mry[31m=[32m"1"[31m
                  [33mwidth[31m=[32m"8"[31m
                  [33mx[31m=[32m"8"[31m
                  [33my[31m=[32m"2"[31m
                [36m/>[31m
                [36m<path[31m
                  [33md[31m=[32m"M16 4h2a2 2 0 0 1 2 2v14a2 2 0 0 1-2 2H6a2 2 0 0 1-2-2V6a2 2 0 0 1 2-2h2"[31m
                [36m/>[31m
                [36m<path[31m
                  [33md[31m=[32m"M12 11h4"[31m
                [36m/>[31m
                [36m<path[31m
                  [33md[31m=[32m"M12 16h4"[31m
                [36m/>[31m
                [36m<path[31m
                  [33md[31m=[32m"M8 11h.01"[31m
                [36m/>[31m
                [36m<path[31m
                  [33md[31m=[32m"M8 16h.01"[31m
                [36m/>[31m
              [36m</svg>[31m
            [36m</div>[31m
            [36m<div[31m
              [33mclass[31m=[32m"plan-details"[31m
            [36m>[31m
              [36m<h3>[31m
                [0m$100 / MONTH[0m
              [36m</h3>[31m
              [36m<p>[31m
                [0m1-on-1 Training + Full Access[0m
              [36m</p>[31m
            [36m</div>[31m
            [36m<button[31m
              [33mclass[31m=[32m"plan-button "[31m
            [36m>[31m
              [0mUpgrade Now[0m
            [36m</button>[31m
          [36m</div>[31m
        [36m</div>[31m
        [36m<p[31m
          [33mclass[31m=[32m"footer-blurb"[31m
        [36m>[31m
          [0mEvery plan is built to support your comeback. Choose what fuels you.[0m
        [36m</p>[31m
        [36m<button[31m
          [33mclass[31m=[32m"settings-button"[31m
        [36m>[31m
          [36m<svg[31m
            [33maria-hidden[31m=[32m"true"[31m
            [33mclass[31m=[32m"lucide lucide-settings"[31m
            [33mfill[31m=[32m"none"[31m
            [33mheight[31m=[32m"24"[31m
            [33mstroke[31m=[32m"currentColor"[31m
            [33mstroke-linecap[31m=[32m"round"[31m
            [33mstroke-linejoin[31m=[32m"round"[31m
            [33mstroke-width[31m=[32m"2"[31m
            [33mviewBox[31m=[32m"0 0 24 24"[31m
            [33mwidth[31m=[32m"24"[31m
            [33mxmlns[31m=[32m"http://www.w3.org/2000/svg"[31m
          [36m>[31m
            [36m<path[31m
              [33md[31m=[32m"M9.671 4.136a2.34 2.34 0 0 1 4.659 0 2.34 2.34 0 0 0 3.319 1.915 2.34 2.34 0 0 1 2.33 4.033 2.34 2.34 0 0 0 0 3.831 2.34 2.34 0 0 1-2.33 4.033 2.34 2.34 0 0 0-3.319 1.915 2.34 2.34 0 0 1-4.659 0 2.34 2.34 0 0 0-3.32-1.915 2.34 2.34 0 0 1-2.33-4.033 2.34 2.34 0 0 0 0-3.831A2.34 2.34 0 0 1 6.35 6.051a2.34 2.34 0 0 0 3.319-1.915"[31m
            [36m/>[31m
            [36m<circle[31m
              [33mcx[31m=[32m"12"[31m
              [33mcy[31m=[32m"12"[31m
              [33mr[31m=[32m"3"[31m
            [36m/>[31m
          [36m</svg>[31m
        [36m</button>[31m
      [36m</div>[31m
    [36m</div>[31m
  [36m</body>[31m
[36m</html>[31m[39m
 [31m├ù[39m tests/pages/MyPlanPage.test.jsx[2m > [22mMyPlanPage Component[2m > [22mSettings Modal Functionality[2m > [22mhighlights current theme button[33m 4647[2mms[22m[39m
[31m   ΓåÆ Unable to find role="button" and name `/settings/i`

Ignored nodes: comments, script, style
[36m<body>[31m
  [36m<div>[31m
    [36m<div[31m
      [33mclass[31m=[32m"my-plan-container"[31m
    [36m>[31m
      [36m<div[31m
        [33mstyle[31m=[32m"display: grid; grid-template-columns: 44px 1fr 44px; align-items: center; margin-bottom: 2rem;"[31m
      [36m>[31m
        [36m<button[31m
          [33maria-label[31m=[32m"Back"[31m
          [33mstyle[31m=[32m"background: none; border: medium; color: white; cursor: pointer; padding: 0px;"[31m
          [33mtype[31m=[32m"button"[31m
        [36m>[31m
          [36m<svg[31m
            [33maria-hidden[31m=[32m"true"[31m
            [33mclass[31m=[32m"lucide lucide-arrow-left"[31m
            [33mfill[31m=[32m"none"[31m
            [33mheight[31m=[32m"28"[31m
            [33mstroke[31m=[32m"currentColor"[31m
            [33mstroke-linecap[31m=[32m"round"[31m
            [33mstroke-linejoin[31m=[32m"round"[31m
            [33mstroke-width[31m=[32m"2"[31m
            [33mviewBox[31m=[32m"0 0 24 24"[31m
            [33mwidth[31m=[32m"28"[31m
            [33mxmlns[31m=[32m"http://www.w3.org/2000/svg"[31m
          [36m>[31m
            [36m<path[31m
              [33md[31m=[32m"m12 19-7-7 7-7"[31m
            [36m/>[31m
            [36m<path[31m
              [33md[31m=[32m"M19 12H5"[31m
            [36m/>[31m
          [36m</svg>[31m
        [36m</button>[31m
        [36m<div[31m
          [33mstyle[31m=[32m"display: flex; align-items: center; justify-content: center; gap: 0.5rem;"[31m
        [36m>[31m
          [36m<svg[31m
            [33maria-hidden[31m=[32m"true"[31m
            [33mclass[31m=[32m"lucide lucide-clipboard-list"[31m
            [33mfill[31m=[32m"none"[31m
            [33mheight[31m=[32m"28"[31m
            [33mstroke[31m=[32m"var(--accent-color)"[31m
            [33mstroke-linecap[31m=[32m"round"[31m
            [33mstroke-linejoin[31m=[32m"round"[31m
            [33mstroke-width[31m=[32m"2"[31m
            [33mviewBox[31m=[32m"0 0 24 24"[31m
            [33mwidth[31m=[32m"28"[31m
            [33mxmlns[31m=[32m"http://www.w3.org/2000/svg"[31m
          [36m>[31m
            [36m<rect[31m
              [33mheight[31m=[32m"4"[31m
              [33mrx[31m=[32m"1"[31m
              [33mry[31m=[32m"1"[31m
              [33mwidth[31m=[32m"8"[31m
              [33mx[31m=[32m"8"[31m
              [33my[31m=[32m"2"[31m
            [36m/>[31m
            [36m<path[31m
              [33md[31m=[32m"M16 4h2a2 2 0 0 1 2 2v14a2 2 0 0 1-2 2H6a2 2 0 0 1-2-2V6a2 2 0 0 1 2-2h2"[31m
            [36m/>[31m
            [36m<path[31m
              [33md[31m=[32m"M12 11h4"[31m
            [36m/>[31m
            [36m<path[31m
              [33md[31m=[32m"M12 16h4"[31m
            [36m/>[31m
            [36m<path[31m
              [33md[31m=[32m"M8 11h.01"[31m
            [36m/>[31m
            [36m<path[31m
              [33md[31m=[32m"M8 16h.01"[31m
            [36m/>[31m
          [36m</svg>[31m
          [36m<h1[31m
            [33mstyle[31m=[32m"font-size: 1.75rem; font-weight: 800; margin: 0px;"[31m
          [36m>[31m
            [0mMy Plan[0m
          [36m</h1>[31m
        [36m</div>[31m
        [36m<div />[31m
      [36m</div>[31m
      [36m<div[31m
        [33mclass[31m=[32m"plan-header"[31m
      [36m>[31m
        [36m<h2>[31m
          [0mYOUR PLAN[0m
        [36m</h2>[31m
        [36m<p>[31m
          [0mtest@example.com[0m
        [36m</p>[31m
        [36m<div[31m
          [33mclass[31m=[32m"user-id-section"[31m
        [36m>[31m
          [36m<span>[31m
            [0mUser ID:[0m
          [36m</span>[31m
          [36m<button[31m
            [33mclass[31m=[32m"user-id-toggle"[31m
            [33mtitle[31m=[32m"Show User ID"[31m
          [36m>[31m
            [36m<svg[31m
              [33maria-hidden[31m=[32m"true"[31m
              [33mclass[31m=[32m"lucide lucide-eye"[31m
              [33mfill[31m=[32m"none"[31m
              [33mheight[31m=[32m"16"[31m
              [33mstroke[31m=[32m"currentColor"[31m
              [33mstroke-linecap[31m=[32m"round"[31m
              [33mstroke-linejoin[31m=[32m"round"[31m
              [33mstroke-width[31m=[32m"2"[31m
              [33mviewBox[31m=[32m"0 0 24 24"[31m
              [33mwidth[31m=[32m"16"[31m
              [33mxmlns[31m=[32m"http://www.w3.org/2000/svg"[31m
            [36m>[31m
              [36m<path[31m
                [33md[31m=[32m"M2.062 12.348a1 1 0 0 1 0-.696 10.75 10.75 0 0 1 19.876 0 1 1 0 0 1 0 .696 10.75 10.75 0 0 1-19.876 0"[31m
              [36m/>[31m
              [36m<circle[31m
                [33mcx[31m=[32m"12"[31m
                [33mcy[31m=[32m"12"[31m
                [33mr[31m=[32m"3"[31m
              [36m/>[31m
            [36m</svg>[31m
          [36m</button>[31m
        [36m</div>[31m
      [36m</div>[31m
      [36m<div[31m
        [33mclass[31m=[32m"plans-grid"[31m
      [36m>[31m
        [36m<div[31m
          [33mclass[31m=[32m"plan-card current-plan"[31m
        [36m>[31m
          [36m<div[31m
            [33mclass[31m=[32m"plan-icon"[31m
          [36m>[31m
            [36m<svg[31m
              [33maria-hidden[31m=[32m"true"[31m
              [33mclass[31m=[32m"lucide lucide-diamond"[31m
              [33mfill[31m=[32m"none"[31m
              [33mheight[31m=[32m"24"[31m
              [33mstroke[31m=[32m"currentColor"[31m
              [33mstroke-linecap[31m=[32m"round"[31m
              [33mstroke-linejoin[31m=[32m"round"[31m
              [33mstroke-width[31m=[32m"2"[31m
              [33mviewBox[31m=[32m"0 0 24 24"[31m
              [33mwidth[31m=[32m"24"[31m
              [33mxmlns[31m=[32m"http://www.w3.org/2000/svg"[31m
            [36m>[31m
              [36m<path[31m
                [33md[31m=[32m"M2.7 10.3a2.41 2.41 0 0 0 0 3.41l7.59 7.59a2.41 2.41 0 0 0 3.41 0l7.59-7.59a2.41 2.41 0 0 0 0-3.41l-7.59-7.59a2.41 2.41 0 0 0-3.41 0Z"[31m
              [36m/>[31m
            [36m</svg>[31m
          [36m</div>[31m
          [36m<div[31m
            [33mclass[31m=[32m"plan-details"[31m
          [36m>[31m
            [36m<h3>[31m
              [0m$100 LIFETIME[0m
            [36m</h3>[31m
            [36m<p>[31m
              [0mAll-Access Pass, One-Time Fee[0m
            [36m</p>[31m
          [36m</div>[31m
          [36m<button[31m
            [33mclass[31m=[32m"plan-button current"[31m
          [36m>[31m
            [0mCurrent Plan[0m
          [36m</button>[31m
        [36m</div>[31m
        [36m<div[31m
          [33mclass[31m=[32m"plan-card "[31m
        [36m>[31m
          [36m<div[31m
            [33mclass[31m=[32m"plan-icon"[31m
          [36m>[31m
            [36m<svg[31m
              [33maria-hidden[31m=[32m"true"[31m
              [33mclass[31m=[32m"lucide lucide-shield-check"[31m
              [33mfill[31m=[32m"none"[31m
              [33mheight[31m=[32m"24"[31m
              [33mstroke[31m=[32m"currentColor"[31m
              [33mstroke-linecap[31m=[32m"round"[31m
              [33mstroke-linejoin[31m=[32m"round"[31m
              [33mstroke-width[31m=[32m"2"[31m
              [33mviewBox[31m=[32m"0 0 24 24"[31m
              [33mwidth[31m=[32m"24"[31m
              [33mxmlns[31m=[32m"http://www.w3.org/2000/svg"[31m
            [36m>[31m
              [36m<path[31m
                [33md[31m=[32m"M20 13c0 5-3.5 7.5-7.66 8.95a1 1 0 0 1-.67-.01C7.5 20.5 4 18 4 13V6a1 1 0 0 1 1-1c2 0 4.5-1.2 6.24-2.72a1.17 1.17 0 0 1 1.52 0C14.51 3.81 17 5 19 5a1 1 0 0 1 1 1z"[31m
              [36m/>[31m
              [36m<path[31m
                [33md[31m=[32m"m9 12 2 2 4-4"[31m
              [36m/>[31m
            [36m</svg>[31m
          [36m</div>[31m
          [36m<div[31m
            [33mclass[31m=[32m"plan-details"[31m
          [36m>[31m
            [36m<h3>[31m
              [0mFREE - SPONSORED[0m
            [36m</h3>[31m
            [36m<p>[31m
              [0mFull Access ΓÇó Community Support[0m
            [36m</p>[31m
          [36m</div>[31m
          [36m<button[31m
            [33mclass[31m=[32m"plan-button "[31m
          [36m>[31m
            [0mUpgrade Now[0m
          [36m</button>[31m
        [36m</div>[31m
        [36m<div[31m
          [33mclass[31m=[32m"plan-card "[31m
        [36m>[31m
          [36m<div[31m
            [33mclass[31m=[32m"plan-icon"[31m
          [36m>[31m
            [36m<svg[31m
              [33maria-hidden[31m=[32m"true"[31m
              [33mclass[31m=[32m"lucide lucide-zap"[31m
              [33mfill[31m=[32m"none"[31m
              [33mheight[31m=[32m"24"[31m
              [33mstroke[31m=[32m"currentColor"[31m
              [33mstroke-linecap[31m=[32m"round"[31m
              [33mstroke-linejoin[31m=[32m"round"[31m
              [33mstroke-width[31m=[32m"2"[31m
              [33mviewBox[31m=[32m"0 0 24 24"[31m
              [33mwidth[31m=[32m"24"[31m
              [33mxmlns[31m=[32m"http://www.w3.org/2000/svg"[31m
            [36m>[31m
              [36m<path[31m
                [33md[31m=[32m"M4 14a1 1 0 0 1-.78-1.63l9.9-10.2a.5.5 0 0 1 .86.46l-1.92 6.02A1 1 0 0 0 13 10h7a1 1 0 0 1 .78 1.63l-9.9 10.2a.5.5 0 0 1-.86-.46l1.92-6.02A1 1 0 0 0 11 14z"[31m
              [36m/>[31m
            [36m</svg>[31m
          [36m</div>[31m
          [36m<div[31m
            [33mclass[31m=[32m"plan-details"[31m
          [36m>[31m
            [36m<h3>[31m
              [0mFREE (INCOME BASED)[0m
            [36m</h3>[31m
            [36m<p>[31m
              [0mFull Access, Based on Eligibility[0m
            [36m</p>[31m
          [36m</div>[31m
          [36m<button[31m
            [33mclass[31m=[32m"plan-button "[31m
          [36m>[31m
            [0mUpgrade Now[0m
          [36m</button>[31m
        [36m</div>[31m
        [36m<div[31m
          [33mclass[31m=[32m"plan-card "[31m
        [36m>[31m
          [36m<div[31m
            [33mclass[31m=[32m"plan-icon"[31m
          [36m>[31m
            [36m<svg[31m
              [33maria-hidden[31m=[32m"true"[31m
              [33mclass[31m=[32m"lucide lucide-key"[31m
              [33mfill[31m=[32m"none"[31m
              [33mheight[31m=[32m"24"[31m
              [33mstroke[31m=[32m"currentColor"[31m
              [33mstroke-linecap[31m=[32m"round"[31m
              [33mstroke-linejoin[31m=[32m"round"[31m
              [33mstroke-width[31m=[32m"2"[31m
              [33mviewBox[31m=[32m"0 0 24 24"[31m
              [33mwidth[31m=[32m"24"[31m
              [33mxmlns[31m=[32m"http://www.w3.org/2000/svg"[31m
            [36m>[31m
              [36m<path[31m
                [33md[31m=[32m"m15.5 7.5 2.3 2.3a1 1 0 0 0 1.4 0l2.1-2.1a1 1 0 0 0 0-1.4L19 4"[31m
              [36m/>[31m
              [36m<path[31m
                [33md[31m=[32m"m21 2-9.6 9.6"[31m
              [36m/>[31m
              [36m<circle[31m
                [33mcx[31m=[32m"7.5"[31m
                [33mcy[31m=[32m"15.5"[31m
                [33mr[31m=[32m"5.5"[31m
              [36m/>[31m
            [36m</svg>[31m
          [36m</div>[31m
          [36m<div[31m
            [33mclass[31m=[32m"plan-details"[31m
          [36m>[31m
            [36m<h3>[31m
              [0mFREE (90 DAYS)[0m
            [36m</h3>[31m
            [36m<p>[31m
              [0mFull Access, Limited Time[0m
            [36m</p>[31m
          [36m</div>[31m
          [36m<button[31m
            [33mclass[31m=[32m"plan-button "[31m
          [36m>[31m
            [0mUpgrade Now[0m
          [36m</button>[31m
        [36m</div>[31m
        [36m<div[31m
          [33mclass[31m=[32m"plan-card "[31m
        [36m>[31m
          [36m<div[31m
            [33mclass[31m=[32m"plan-icon"[31m
          [36m>[31m
            [36m<svg[31m
              [33maria-hidden[31m=[32m"true"[31m
              [33mclass[31m=[32m"lucide lucide-dollar-sign"[31m
              [33mfill[31m=[32m"none"[31m
              [33mheight[31m=[32m"24"[31m
              [33mstroke[31m=[32m"currentColor"[31m
              [33mstroke-linecap[31m=[32m"round"[31m
              [33mstroke-linejoin[31m=[32m"round"[31m
              [33mstroke-width[31m=[32m"2"[31m
              [33mviewBox[31m=[32m"0 0 24 24"[31m
              [33mwidth[31m=[32m"24"[31m
              [33mxmlns[31m=[32m"http://www.w3.org/2000/svg"[31m
            [36m>[31m
              [36m<line[31m
                [33mx1[31m=[32m"12"[31m
                [33mx2[31m=[32m"12"[31m
                [33my1[31m=[32m"2"[31m
                [33my2[31m=[32m"22"[31m
              [36m/>[31m
              [36m<path[31m
                [33md[31m=[32m"M17 5H9.5a3.5 3.5 0 0 0 0 7h5a3.5 3.5 0 0 1 0 7H6"[31m
              [36m/>[31m
            [36m</svg>[31m
          [36m</div>[31m
          [36m<div[31m
            [33mclass[31m=[32m"plan-details"[31m
          [36m>[31m
            [36m<h3>[31m
              [0m$10 / MONTH[0m
            [36m</h3>[31m
            [36m<p>[31m
              [0mFull Access + Bonus Content[0m
            [36m</p>[31m
          [36m</div>[31m
          [36m<button[31m
            [33mclass[31m=[32m"plan-button "[31m
          [36m>[31m
            [0mUpgrade Now[0m
          [36m</button>[31m
        [36m</div>[31m
        [36m<div[31m
          [33mclass[31m=[32m"plan-card "[31m
        [36m>[31m
          [36m<div[31m
            [33mclass[31m=[32m"plan-icon"[31m
          [36m>[31m
            [36m<svg[31m
              [33maria-hidden[31m=[32m"true"[31m
              [33mclass[31m=[32m"lucide lucide-clipboard-list"[31m
              [33mfill[31m=[32m"none"[31m
              [33mheight[31m=[32m"24"[31m
              [33mstroke[31m=[32m"currentColor"[31m
              [33mstroke-linecap[31m=[32m"round"[31m
              [33mstroke-linejoin[31m=[32m"round"[31m
              [33mstroke-width[31m=[32m"2"[31m
              [33mviewBox[31m=[32m"0 0 24 24"[31m
              [33mwidth[31m=[32m"24"[31m
              [33mxmlns[31m=[32m"http://www.w3.org/2000/svg"[31m
            [36m>[31m
              [36m<rect[31m
                [33mheight[31m=[32m"4"[31m
                [33mrx[31m=[32m"1"[31m
                [33mry[31m=[32m"1"[31m
                [33mwidth[31m=[32m"8"[31m
                [33mx[31m=[32m"8"[31m
                [33my[31m=[32m"2"[31m
              [36m/>[31m
              [36m<path[31m
                [33md[31m=[32m"M16 4h2a2 2 0 0 1 2 2v14a2 2 0 0 1-2 2H6a2 2 0 0 1-2-2V6a2 2 0 0 1 2-2h2"[31m
              [36m/>[31m
              [36m<path[31m
                [33md[31m=[32m"M12 11h4"[31m
              [36m/>[31m
              [36m<path[31m
                [33md[31m=[32m"M12 16h4"[31m
              [36m/>[31m
              [36m<path[31m
                [33md[31m=[32m"M8 11h.01"[31m
              [36m/>[31m
              [36m<path[31m
                [33md[31m=[32m"M8 16h.01"[31m
              [36m/>[31m
            [36m</svg>[31m
          [36m</div>[31m
          [36m<div[31m
            [33mclass[31m=[32m"plan-details"[31m
          [36m>[31m
            [36m<h3>[31m
              [0m$100 / MONTH[0m
            [36m</h3>[31m
            [36m<p>[31m
              [0m1-on-1 Training + Full Access[0m
            [36m</p>[31m
          [36m</div>[31m
          [36m<button[31m
            [33mclass[31m=[32m"plan-button "[31m
          [36m>[31m
            [0mUpgrade Now[0m
          [36m</button>[31m
        [36m</div>[31m
      [36m</div>[31m
      [36m<p[31m
        [33mclass[31m=[32m"footer-blurb"[31m
      [36m>[31m
        [0mEvery plan is built to support your comeback. Choose what fuels you.[0m
      [36m</p>[31m
      [36m<button[31m
        [33mclass[31m=[32m"settings-button"[31m
      [36m>[31m
        [36m<svg[31m
          [33maria-hidden[31m=[32m"true"[31m
          [33mclass[31m=[32m"lucide lucide-settings"[31m
          [33mfill[31m=[32m"none"[31m
          [33mheight[31m=[32m"24"[31m
          [33mstroke[31m=[32m"currentColor"[31m
          [33mstroke-linecap[31m=[32m"round"[31m
          [33mstroke-linejoin[31m=[32m"round"[31m
          [33mstroke-width[31m=[32m"2"[31m
          [33mviewBox[31m=[32m"0 0 24 24"[31m
          [33mwidth[31m=[32m"24"[31m
          [33mxmlns[31m=[32m"http://www.w3.org/2000/svg"[31m
        [36m>[31m
          [36m<path[31m
            [33md[31m=[32m"M9.671 4.136a2.34 2.34 0 0 1 4.659 0 2.34 2.34 0 0 0 3.319 1.915 2.34 2.34 0 0 1 2.33 4.033 2.34 2.34 0 0 0 0 3.831 2.34 2.34 0 0 1-2.33 4.033 2.34 2.34 0 0 0-3.319 1.915 2.34 2.34 0 0 1-4.659 0 2.34 2.34 0 0 0-3.32-1.915 2.34 2.34 0 0 1-2.33-4.033 2.34 2.34 0 0 0 0-3.831A2.34 2.34 0 0 1 6.35 6.051a2.34 2.34 0 0 0 3.319-1.915"[31m
          [36m/>[31m
          [36m<circle[31m
            [33mcx[31m=[32m"12"[31m
            [33mcy[31m=[32m"12"[31m
            [33mr[31m=[32m"3"[31m
          [36m/>[31m
        [36m</svg>[31m
      [36m</button>[31m
    [36m</div>[31m
  [36m</div>[31m
[36m</body>[31m

Ignored nodes: comments, script, style
[36m<html>[31m
  [36m<head />[31m
  [36m<body>[31m
    [36m<div>[31m
      [36m<div[31m
        [33mclass[31m=[32m"my-plan-container"[31m
      [36m>[31m
        [36m<div[31m
          [33mstyle[31m=[32m"display: grid; grid-template-columns: 44px 1fr 44px; align-items: center; margin-bottom: 2rem;"[31m
        [36m>[31m
          [36m<button[31m
            [33maria-label[31m=[32m"Back"[31m
            [33mstyle[31m=[32m"background: none; border: medium; color: white; cursor: pointer; padding: 0px;"[31m
            [33mtype[31m=[32m"button"[31m
          [36m>[31m
            [36m<svg[31m
              [33maria-hidden[31m=[32m"true"[31m
              [33mclass[31m=[32m"lucide lucide-arrow-left"[31m
              [33mfill[31m=[32m"none"[31m
              [33mheight[31m=[32m"28"[31m
              [33mstroke[31m=[32m"currentColor"[31m
              [33mstroke-linecap[31m=[32m"round"[31m
              [33mstroke-linejoin[31m=[32m"round"[31m
              [33mstroke-width[31m=[32m"2"[31m
              [33mviewBox[31m=[32m"0 0 24 24"[31m
              [33mwidth[31m=[32m"28"[31m
              [33mxmlns[31m=[32m"http://www.w3.org/2000/svg"[31m
            [36m>[31m
              [36m<path[31m
                [33md[31m=[32m"m12 19-7-7 7-7"[31m
              [36m/>[31m
              [36m<path[31m
                [33md[31m=[32m"M19 12H5"[31m
              [36m/>[31m
            [36m</svg>[31m
          [36m</button>[31m
          [36m<div[31m
            [33mstyle[31m=[32m"display: flex; align-items: center; justify-content: center; gap: 0.5rem;"[31m
          [36m>[31m
            [36m<svg[31m
              [33maria-hidden[31m=[32m"true"[31m
              [33mclass[31m=[32m"lucide lucide-clipboard-list"[31m
              [33mfill[31m=[32m"none"[31m
              [33mheight[31m=[32m"28"[31m
              [33mstroke[31m=[32m"var(--accent-color)"[31m
              [33mstroke-linecap[31m=[32m"round"[31m
              [33mstroke-linejoin[31m=[32m"round"[31m
              [33mstroke-width[31m=[32m"2"[31m
              [33mviewBox[31m=[32m"0 0 24 24"[31m
              [33mwidth[31m=[32m"28"[31m
              [33mxmlns[31m=[32m"http://www.w3.org/2000/svg"[31m
            [36m>[31m
              [36m<rect[31m
                [33mheight[31m=[32m"4"[31m
                [33mrx[31m=[32m"1"[31m
                [33mry[31m=[32m"1"[31m
                [33mwidth[31m=[32m"8"[31m
                [33mx[31m=[32m"8"[31m
                [33my[31m=[32m"2"[31m
              [36m/>[31m
              [36m<path[31m
                [33md[31m=[32m"M16 4h2a2 2 0 0 1 2 2v14a2 2 0 0 1-2 2H6a2 2 0 0 1-2-2V6a2 2 0 0 1 2-2h2"[31m
              [36m/>[31m
              [36m<path[31m
                [33md[31m=[32m"M12 11h4"[31m
              [36m/>[31m
              [36m<path[31m
                [33md[31m=[32m"M12 16h4"[31m
              [36m/>[31m
              [36m<path[31m
                [33md[31m=[32m"M8 11h.01"[31m
              [36m/>[31m
              [36m<path[31m
                [33md[31m=[32m"M8 16h.01"[31m
              [36m/>[31m
            [36m</svg>[31m
            [36m<h1[31m
              [33mstyle[31m=[32m"font-size: 1.75rem; font-weight: 800; margin: 0px;"[31m
            [36m>[31m
              [0mMy Plan[0m
            [36m</h1>[31m
          [36m</div>[31m
          [36m<div />[31m
        [36m</div>[31m
        [36m<div[31m
          [33mclass[31m=[32m"plan-header"[31m
        [36m>[31m
          [36m<h2>[31m
            [0mYOUR PLAN[0m
          [36m</h2>[31m
          [36m<p>[31m
            [0mtest@example.com[0m
          [36m</p>[31m
          [36m<div[31m
            [33mclass[31m=[32m"user-id-section"[31m
          [36m>[31m
            [36m<span>[31m
              [0mUser ID:[0m
            [36m</span>[31m
            [36m<button[31m
              [33mclass[31m=[32m"user-id-toggle"[31m
              [33mtitle[31m=[32m"Show User ID"[31m
            [36m>[31m
              [36m<svg[31m
                [33maria-hidden[31m=[32m"true"[31m
                [33mclass[31m=[32m"lucide lucide-eye"[31m
                [33mfill[31m=[32m"none"[31m
                [33mheight[31m=[32m"16"[31m
                [33mstroke[31m=[32m"currentColor"[31m
                [33mstroke-linecap[31m=[32m"round"[31m
                [33mstroke-linejoin[31m=[32m"round"[31m
                [33mstroke-width[31m=[32m"2"[31m
                [33mviewBox[31m=[32m"0 0 24 24"[31m
                [33mwidth[31m=[32m"16"[31m
                [33mxmlns[31m=[32m"http://www.w3.org/2000/svg"[31m
              [36m>[31m
                [36m<path[31m
                  [33md[31m=[32m"M2.062 12.348a1 1 0 0 1 0-.696 10.75 10.75 0 0 1 19.876 0 1 1 0 0 1 0 .696 10.75 10.75 0 0 1-19.876 0"[31m
                [36m/>[31m
                [36m<circle[31m
                  [33mcx[31m=[32m"12"[31m
                  [33mcy[31m=[32m"12"[31m
                  [33mr[31m=[32m"3"[31m
                [36m/>[31m
              [36m</svg>[31m
            [36m</button>[31m
          [36m</div>[31m
        [36m</div>[31m
        [36m<div[31m
          [33mclass[31m=[32m"plans-grid"[31m
        [36m>[31m
          [36m<div[31m
            [33mclass[31m=[32m"plan-card current-plan"[31m
          [36m>[31m
            [36m<div[31m
              [33mclass[31m=[32m"plan-icon"[31m
            [36m>[31m
              [36m<svg[31m
                [33maria-hidden[31m=[32m"true"[31m
                [33mclass[31m=[32m"lucide lucide-diamond"[31m
                [33mfill[31m=[32m"none"[31m
                [33mheight[31m=[32m"24"[31m
                [33mstroke[31m=[32m"currentColor"[31m
                [33mstroke-linecap[31m=[32m"round"[31m
                [33mstroke-linejoin[31m=[32m"round"[31m
                [33mstroke-width[31m=[32m"2"[31m
                [33mviewBox[31m=[32m"0 0 24 24"[31m
                [33mwidth[31m=[32m"24"[31m
                [33mxmlns[31m=[32m"http://www.w3.org/2000/svg"[31m
              [36m>[31m
                [36m<path[31m
                  [33md[31m=[32m"M2.7 10.3a2.41 2.41 0 0 0 0 3.41l7.59 7.59a2.41 2.41 0 0 0 3.41 0l7.59-7.59a2.41 2.41 0 0 0 0-3.41l-7.59-7.59a2.41 2.41 0 0 0-3.41 0Z"[31m
                [36m/>[31m
              [36m</svg>[31m
            [36m</div>[31m
            [36m<div[31m
              [33mclass[31m=[32m"plan-details"[31m
            [36m>[31m
              [36m<h3>[31m
                [0m$100 LIFETIME[0m
              [36m</h3>[31m
              [36m<p>[31m
                [0mAll-Access Pass, One-Time Fee[0m
              [36m</p>[31m
            [36m</div>[31m
            [36m<button[31m
              [33mclass[31m=[32m"plan-button current"[31m
            [36m>[31m
              [0mCurrent Plan[0m
            [36m</button>[31m
          [36m</div>[31m
          [36m<div[31m
            [33mclass[31m=[32m"plan-card "[31m
          [36m>[31m
            [36m<div[31m
              [33mclass[31m=[32m"plan-icon"[31m
            [36m>[31m
              [36m<svg[31m
                [33maria-hidden[31m=[32m"true"[31m
                [33mclass[31m=[32m"lucide lucide-shield-check"[31m
                [33mfill[31m=[32m"none"[31m
                [33mheight[31m=[32m"24"[31m
                [33mstroke[31m=[32m"currentColor"[31m
                [33mstroke-linecap[31m=[32m"round"[31m
                [33mstroke-linejoin[31m=[32m"round"[31m
                [33mstroke-width[31m=[32m"2"[31m
                [33mviewBox[31m=[32m"0 0 24 24"[31m
                [33mwidth[31m=[32m"24"[31m
                [33mxmlns[31m=[32m"http://www.w3.org/2000/svg"[31m
              [36m>[31m
                [36m<path[31m
                  [33md[31m=[32m"M20 13c0 5-3.5 7.5-7.66 8.95a1 1 0 0 1-.67-.01C7.5 20.5 4 18 4 13V6a1 1 0 0 1 1-1c2 0 4.5-1.2 6.24-2.72a1.17 1.17 0 0 1 1.52 0C14.51 3.81 17 5 19 5a1 1 0 0 1 1 1z"[31m
                [36m/>[31m
                [36m<path[31m
                  [33md[31m=[32m"m9 12 2 2 4-4"[31m
                [36m/>[31m
              [36m</svg>[31m
            [36m</div>[31m
            [36m<div[31m
              [33mclass[31m=[32m"plan-details"[31m
            [36m>[31m
              [36m<h3>[31m
                [0mFREE - SPONSORED[0m
              [36m</h3>[31m
              [36m<p>[31m
                [0mFull Access ΓÇó Community Support[0m
              [36m</p>[31m
            [36m</div>[31m
            [36m<button[31m
              [33mclass[31m=[32m"plan-button "[31m
            [36m>[31m
              [0mUpgrade Now[0m
            [36m</button>[31m
          [36m</div>[31m
          [36m<div[31m
            [33mclass[31m=[32m"plan-card "[31m
          [36m>[31m
            [36m<div[31m
              [33mclass[31m=[32m"plan-icon"[31m
            [36m>[31m
              [36m<svg[31m
                [33maria-hidden[31m=[32m"true"[31m
                [33mclass[31m=[32m"lucide lucide-zap"[31m
                [33mfill[31m=[32m"none"[31m
                [33mheight[31m=[32m"24"[31m
                [33mstroke[31m=[32m"currentColor"[31m
                [33mstroke-linecap[31m=[32m"round"[31m
                [33mstroke-linejoin[31m=[32m"round"[31m
                [33mstroke-width[31m=[32m"2"[31m
                [33mviewBox[31m=[32m"0 0 24 24"[31m
                [33mwidth[31m=[32m"24"[31m
                [33mxmlns[31m=[32m"http://www.w3.org/2000/svg"[31m
              [36m>[31m
                [36m<path[31m
                  [33md[31m=[32m"M4 14a1 1 0 0 1-.78-1.63l9.9-10.2a.5.5 0 0 1 .86.46l-1.92 6.02A1 1 0 0 0 13 10h7a1 1 0 0 1 .78 1.63l-9.9 10.2a.5.5 0 0 1-.86-.46l1.92-6.02A1 1 0 0 0 11 14z"[31m
                [36m/>[31m
              [36m</svg>[31m
            [36m</div>[31m
            [36m<div[31m
              [33mclass[31m=[32m"plan-details"[31m
            [36m>[31m
              [36m<h3>[31m
                [0mFREE (INCOME BASED)[0m
              [36m</h3>[31m
              [36m<p>[31m
                [0mFull Access, Based on Eligibility[0m
              [36m</p>[31m
            [36m</div>[31m
            [36m<button[31m
              [33mclass[31m=[32m"plan-button "[31m
            [36m>[31m
              [0mUpgrade Now[0m
            [36m</button>[31m
          [36m</div>[31m
          [36m<div[31m
            [33mclass[31m=[32m"plan-card "[31m
          [36m>[31m
            [36m<div[31m
              [33mclass[31m=[32m"plan-icon"[31m
            [36m>[31m
              [36m<svg[31m
                [33maria-hidden[31m=[32m"true"[31m
                [33mclass[31m=[32m"lucide lucide-key"[31m
                [33mfill[31m=[32m"none"[31m
                [33mheight[31m=[32m"24"[31m
                [33mstroke[31m=[32m"currentColor"[31m
                [33mstroke-linecap[31m=[32m"round"[31m
                [33mstroke-linejoin[31m=[32m"round"[31m
                [33mstroke-width[31m=[32m"2"[31m
                [33mviewBox[31m=[32m"0 0 24 24"[31m
                [33mwidth[31m=[32m"24"[31m
                [33mxmlns[31m=[32m"http://www.w3.org/2000/svg"[31m
              [36m>[31m
                [36m<path[31m
                  [33md[31m=[32m"m15.5 7.5 2.3 2.3a1 1 0 0 0 1.4 0l2.1-2.1a1 1 0 0 0 0-1.4L19 4"[31m
                [36m/>[31m
                [36m<path[31m
                  [33md[31m=[32m"m21 2-9.6 9.6"[31m
                [36m/>[31m
                [36m<circle[31m
                  [33mcx[31m=[32m"7.5"[31m
                  [33mcy[31m=[32m"15.5"[31m
                  [33mr[31m=[32m"5.5"[31m
                [36m/>[31m
              [36m</svg>[31m
            [36m</div>[31m
            [36m<div[31m
              [33mclass[31m=[32m"plan-details"[31m
            [36m>[31m
              [36m<h3>[31m
                [0mFREE (90 DAYS)[0m
              [36m</h3>[31m
              [36m<p>[31m
                [0mFull Access, Limited Time[0m
              [36m</p>[31m
            [36m</div>[31m
            [36m<button[31m
              [33mclass[31m=[32m"plan-button "[31m
            [36m>[31m
              [0mUpgrade Now[0m
            [36m</button>[31m
          [36m</div>[31m
          [36m<div[31m
            [33mclass[31m=[32m"plan-card "[31m
          [36m>[31m
            [36m<div[31m
              [33mclass[31m=[32m"plan-icon"[31m
            [36m>[31m
              [36m<svg[31m
                [33maria-hidden[31m=[32m"true"[31m
                [33mclass[31m=[32m"lucide lucide-dollar-sign"[31m
                [33mfill[31m=[32m"none"[31m
                [33mheight[31m=[32m"24"[31m
                [33mstroke[31m=[32m"currentColor"[31m
                [33mstroke-linecap[31m=[32m"round"[31m
                [33mstroke-linejoin[31m=[32m"round"[31m
                [33mstroke-width[31m=[32m"2"[31m
                [33mviewBox[31m=[32m"0 0 24 24"[31m
                [33mwidth[31m=[32m"24"[31m
                [33mxmlns[31m=[32m"http://www.w3.org/2000/svg"[31m
              [36m>[31m
                [36m<line[31m
                  [33mx1[31m=[32m"12"[31m
                  [33mx2[31m=[32m"12"[31m
                  [33my1[31m=[32m"2"[31m
                  [33my2[31m=[32m"22"[31m
                [36m/>[31m
                [36m<path[31m
                  [33md[31m=[32m"M17 5H9.5a3.5 3.5 0 0 0 0 7h5a3.5 3.5 0 0 1 0 7H6"[31m
                [36m/>[31m
              [36m</svg>[31m
            [36m</div>[31m
            [36m<div[31m
              [33mclass[31m=[32m"plan-details"[31m
            [36m>[31m
              [36m<h3>[31m
                [0m$10 / MONTH[0m
              [36m</h3>[31m
              [36m<p>[31m
                [0mFull Access + Bonus Content[0m
              [36m</p>[31m
            [36m</div>[31m
            [36m<button[31m
              [33mclass[31m=[32m"plan-button "[31m
            [36m>[31m
              [0mUpgrade Now[0m
            [36m</button>[31m
          [36m</div>[31m
          [36m<div[31m
            [33mclass[31m=[32m"plan-card "[31m
          [36m>[31m
            [36m<div[31m
              [33mclass[31m=[32m"plan-icon"[31m
            [36m>[31m
              [36m<svg[31m
                [33maria-hidden[31m=[32m"true"[31m
                [33mclass[31m=[32m"lucide lucide-clipboard-list"[31m
                [33mfill[31m=[32m"none"[31m
                [33mheight[31m=[32m"24"[31m
                [33mstroke[31m=[32m"currentColor"[31m
                [33mstroke-linecap[31m=[32m"round"[31m
                [33mstroke-linejoin[31m=[32m"round"[31m
                [33mstroke-width[31m=[32m"2"[31m
                [33mviewBox[31m=[32m"0 0 24 24"[31m
                [33mwidth[31m=[32m"24"[31m
                [33mxmlns[31m=[32m"http://www.w3.org/2000/svg"[31m
              [36m>[31m
                [36m<rect[31m
                  [33mheight[31m=[32m"4"[31m
                  [33mrx[31m=[32m"1"[31m
                  [33mry[31m=[32m"1"[31m
                  [33mwidth[31m=[32m"8"[31m
                  [33mx[31m=[32m"8"[31m
                  [33my[31m=[32m"2"[31m
                [36m/>[31m
                [36m<path[31m
                  [33md[31m=[32m"M16 4h2a2 2 0 0 1 2 2v14a2 2 0 0 1-2 2H6a2 2 0 0 1-2-2V6a2 2 0 0 1 2-2h2"[31m
                [36m/>[31m
                [36m<path[31m
                  [33md[31m=[32m"M12 11h4"[31m
                [36m/>[31m
                [36m<path[31m
                  [33md[31m=[32m"M12 16h4"[31m
                [36m/>[31m
                [36m<path[31m
                  [33md[31m=[32m"M8 11h.01"[31m
                [36m/>[31m
                [36m<path[31m
                  [33md[31m=[32m"M8 16h.01"[31m
                [36m/>[31m
              [36m</svg>[31m
            [36m</div>[31m
            [36m<div[31m
              [33mclass[31m=[32m"plan-details"[31m
            [36m>[31m
              [36m<h3>[31m
                [0m$100 / MONTH[0m
              [36m</h3>[31m
              [36m<p>[31m
                [0m1-on-1 Training + Full Access[0m
              [36m</p>[31m
            [36m</div>[31m
            [36m<button[31m
              [33mclass[31m=[32m"plan-button "[31m
            [36m>[31m
              [0mUpgrade Now[0m
            [36m</button>[31m
          [36m</div>[31m
        [36m</div>[31m
        [36m<p[31m
          [33mclass[31m=[32m"footer-blurb"[31m
        [36m>[31m
          [0mEvery plan is built to support your comeback. Choose what fuels you.[0m
        [36m</p>[31m
        [36m<button[31m
          [33mclass[31m=[32m"settings-button"[31m
        [36m>[31m
          [36m<svg[31m
            [33maria-hidden[31m=[32m"true"[31m
            [33mclass[31m=[32m"lucide lucide-settings"[31m
            [33mfill[31m=[32m"none"[31m
            [33mheight[31m=[32m"24"[31m
            [33mstroke[31m=[32m"currentColor"[31m
            [33mstroke-linecap[31m=[32m"round"[31m
            [33mstroke-linejoin[31m=[32m"round"[31m
            [33mstroke-width[31m=[32m"2"[31m
            [33mviewBox[31m=[32m"0 0 24 24"[31m
            [33mwidth[31m=[32m"24"[31m
            [33mxmlns[31m=[32m"http://www.w3.org/2000/svg"[31m
          [36m>[31m
            [36m<path[31m
              [33md[31m=[32m"M9.671 4.136a2.34 2.34 0 0 1 4.659 0 2.34 2.34 0 0 0 3.319 1.915 2.34 2.34 0 0 1 2.33 4.033 2.34 2.34 0 0 0 0 3.831 2.34 2.34 0 0 1-2.33 4.033 2.34 2.34 0 0 0-3.319 1.915 2.34 2.34 0 0 1-4.659 0 2.34 2.34 0 0 0-3.32-1.915 2.34 2.34 0 0 1-2.33-4.033 2.34 2.34 0 0 0 0-3.831A2.34 2.34 0 0 1 6.35 6.051a2.34 2.34 0 0 0 3.319-1.915"[31m
            [36m/>[31m
            [36m<circle[31m
              [33mcx[31m=[32m"12"[31m
              [33mcy[31m=[32m"12"[31m
              [33mr[31m=[32m"3"[31m
            [36m/>[31m
          [36m</svg>[31m
        [36m</button>[31m
      [36m</div>[31m
    [36m</div>[31m
  [36m</body>[31m
[36m</html>[31m[39m
 [31m├ù[39m tests/pages/MyPlanPage.test.jsx[2m > [22mMyPlanPage Component[2m > [22mSettings Modal Functionality[2m > [22mcalls updateUserTheme when theme button is clicked[33m 3336[2mms[22m[39m
[31m   ΓåÆ Unable to find role="button" and name `/settings/i`

Ignored nodes: comments, script, style
[36m<body>[31m
  [36m<div>[31m
    [36m<div[31m
      [33mclass[31m=[32m"my-plan-container"[31m
    [36m>[31m
      [36m<div[31m
        [33mstyle[31m=[32m"display: grid; grid-template-columns: 44px 1fr 44px; align-items: center; margin-bottom: 2rem;"[31m
      [36m>[31m
        [36m<button[31m
          [33maria-label[31m=[32m"Back"[31m
          [33mstyle[31m=[32m"background: none; border: medium; color: white; cursor: pointer; padding: 0px;"[31m
          [33mtype[31m=[32m"button"[31m
        [36m>[31m
          [36m<svg[31m
            [33maria-hidden[31m=[32m"true"[31m
            [33mclass[31m=[32m"lucide lucide-arrow-left"[31m
            [33mfill[31m=[32m"none"[31m
            [33mheight[31m=[32m"28"[31m
            [33mstroke[31m=[32m"currentColor"[31m
            [33mstroke-linecap[31m=[32m"round"[31m
            [33mstroke-linejoin[31m=[32m"round"[31m
            [33mstroke-width[31m=[32m"2"[31m
            [33mviewBox[31m=[32m"0 0 24 24"[31m
            [33mwidth[31m=[32m"28"[31m
            [33mxmlns[31m=[32m"http://www.w3.org/2000/svg"[31m
          [36m>[31m
            [36m<path[31m
              [33md[31m=[32m"m12 19-7-7 7-7"[31m
            [36m/>[31m
            [36m<path[31m
              [33md[31m=[32m"M19 12H5"[31m
            [36m/>[31m
          [36m</svg>[31m
        [36m</button>[31m
        [36m<div[31m
          [33mstyle[31m=[32m"display: flex; align-items: center; justify-content: center; gap: 0.5rem;"[31m
        [36m>[31m
          [36m<svg[31m
            [33maria-hidden[31m=[32m"true"[31m
            [33mclass[31m=[32m"lucide lucide-clipboard-list"[31m
            [33mfill[31m=[32m"none"[31m
            [33mheight[31m=[32m"28"[31m
            [33mstroke[31m=[32m"var(--accent-color)"[31m
            [33mstroke-linecap[31m=[32m"round"[31m
            [33mstroke-linejoin[31m=[32m"round"[31m
            [33mstroke-width[31m=[32m"2"[31m
            [33mviewBox[31m=[32m"0 0 24 24"[31m
            [33mwidth[31m=[32m"28"[31m
            [33mxmlns[31m=[32m"http://www.w3.org/2000/svg"[31m
          [36m>[31m
            [36m<rect[31m
              [33mheight[31m=[32m"4"[31m
              [33mrx[31m=[32m"1"[31m
              [33mry[31m=[32m"1"[31m
              [33mwidth[31m=[32m"8"[31m
              [33mx[31m=[32m"8"[31m
              [33my[31m=[32m"2"[31m
            [36m/>[31m
            [36m<path[31m
              [33md[31m=[32m"M16 4h2a2 2 0 0 1 2 2v14a2 2 0 0 1-2 2H6a2 2 0 0 1-2-2V6a2 2 0 0 1 2-2h2"[31m
            [36m/>[31m
            [36m<path[31m
              [33md[31m=[32m"M12 11h4"[31m
            [36m/>[31m
            [36m<path[31m
              [33md[31m=[32m"M12 16h4"[31m
            [36m/>[31m
            [36m<path[31m
              [33md[31m=[32m"M8 11h.01"[31m
            [36m/>[31m
            [36m<path[31m
              [33md[31m=[32m"M8 16h.01"[31m
            [36m/>[31m
          [36m</svg>[31m
          [36m<h1[31m
            [33mstyle[31m=[32m"font-size: 1.75rem; font-weight: 800; margin: 0px;"[31m
          [36m>[31m
            [0mMy Plan[0m
          [36m</h1>[31m
        [36m</div>[31m
        [36m<div />[31m
      [36m</div>[31m
      [36m<div[31m
        [33mclass[31m=[32m"plan-header"[31m
      [36m>[31m
        [36m<h2>[31m
          [0mYOUR PLAN[0m
        [36m</h2>[31m
        [36m<p>[31m
          [0mtest@example.com[0m
        [36m</p>[31m
        [36m<div[31m
          [33mclass[31m=[32m"user-id-section"[31m
        [36m>[31m
          [36m<span>[31m
            [0mUser ID:[0m
          [36m</span>[31m
          [36m<button[31m
            [33mclass[31m=[32m"user-id-toggle"[31m
            [33mtitle[31m=[32m"Show User ID"[31m
          [36m>[31m
            [36m<svg[31m
              [33maria-hidden[31m=[32m"true"[31m
              [33mclass[31m=[32m"lucide lucide-eye"[31m
              [33mfill[31m=[32m"none"[31m
              [33mheight[31m=[32m"16"[31m
              [33mstroke[31m=[32m"currentColor"[31m
              [33mstroke-linecap[31m=[32m"round"[31m
              [33mstroke-linejoin[31m=[32m"round"[31m
              [33mstroke-width[31m=[32m"2"[31m
              [33mviewBox[31m=[32m"0 0 24 24"[31m
              [33mwidth[31m=[32m"16"[31m
              [33mxmlns[31m=[32m"http://www.w3.org/2000/svg"[31m
            [36m>[31m
              [36m<path[31m
                [33md[31m=[32m"M2.062 12.348a1 1 0 0 1 0-.696 10.75 10.75 0 0 1 19.876 0 1 1 0 0 1 0 .696 10.75 10.75 0 0 1-19.876 0"[31m
              [36m/>[31m
              [36m<circle[31m
                [33mcx[31m=[32m"12"[31m
                [33mcy[31m=[32m"12"[31m
                [33mr[31m=[32m"3"[31m
              [36m/>[31m
            [36m</svg>[31m
          [36m</button>[31m
        [36m</div>[31m
      [36m</div>[31m
      [36m<div[31m
        [33mclass[31m=[32m"plans-grid"[31m
      [36m>[31m
        [36m<div[31m
          [33mclass[31m=[32m"plan-card current-plan"[31m
        [36m>[31m
          [36m<div[31m
            [33mclass[31m=[32m"plan-icon"[31m
          [36m>[31m
            [36m<svg[31m
              [33maria-hidden[31m=[32m"true"[31m
              [33mclass[31m=[32m"lucide lucide-diamond"[31m
              [33mfill[31m=[32m"none"[31m
              [33mheight[31m=[32m"24"[31m
              [33mstroke[31m=[32m"currentColor"[31m
              [33mstroke-linecap[31m=[32m"round"[31m
              [33mstroke-linejoin[31m=[32m"round"[31m
              [33mstroke-width[31m=[32m"2"[31m
              [33mviewBox[31m=[32m"0 0 24 24"[31m
              [33mwidth[31m=[32m"24"[31m
              [33mxmlns[31m=[32m"http://www.w3.org/2000/svg"[31m
            [36m>[31m
              [36m<path[31m
                [33md[31m=[32m"M2.7 10.3a2.41 2.41 0 0 0 0 3.41l7.59 7.59a2.41 2.41 0 0 0 3.41 0l7.59-7.59a2.41 2.41 0 0 0 0-3.41l-7.59-7.59a2.41 2.41 0 0 0-3.41 0Z"[31m
              [36m/>[31m
            [36m</svg>[31m
          [36m</div>[31m
          [36m<div[31m
            [33mclass[31m=[32m"plan-details"[31m
          [36m>[31m
            [36m<h3>[31m
              [0m$100 LIFETIME[0m
            [36m</h3>[31m
            [36m<p>[31m
              [0mAll-Access Pass, One-Time Fee[0m
            [36m</p>[31m
          [36m</div>[31m
          [36m<button[31m
            [33mclass[31m=[32m"plan-button current"[31m
          [36m>[31m
            [0mCurrent Plan[0m
          [36m</button>[31m
        [36m</div>[31m
        [36m<div[31m
          [33mclass[31m=[32m"plan-card "[31m
        [36m>[31m
          [36m<div[31m
            [33mclass[31m=[32m"plan-icon"[31m
          [36m>[31m
            [36m<svg[31m
              [33maria-hidden[31m=[32m"true"[31m
              [33mclass[31m=[32m"lucide lucide-shield-check"[31m
              [33mfill[31m=[32m"none"[31m
              [33mheight[31m=[32m"24"[31m
              [33mstroke[31m=[32m"currentColor"[31m
              [33mstroke-linecap[31m=[32m"round"[31m
              [33mstroke-linejoin[31m=[32m"round"[31m
              [33mstroke-width[31m=[32m"2"[31m
              [33mviewBox[31m=[32m"0 0 24 24"[31m
              [33mwidth[31m=[32m"24"[31m
              [33mxmlns[31m=[32m"http://www.w3.org/2000/svg"[31m
            [36m>[31m
              [36m<path[31m
                [33md[31m=[32m"M20 13c0 5-3.5 7.5-7.66 8.95a1 1 0 0 1-.67-.01C7.5 20.5 4 18 4 13V6a1 1 0 0 1 1-1c2 0 4.5-1.2 6.24-2.72a1.17 1.17 0 0 1 1.52 0C14.51 3.81 17 5 19 5a1 1 0 0 1 1 1z"[31m
              [36m/>[31m
              [36m<path[31m
                [33md[31m=[32m"m9 12 2 2 4-4"[31m
              [36m/>[31m
            [36m</svg>[31m
          [36m</div>[31m
          [36m<div[31m
            [33mclass[31m=[32m"plan-details"[31m
          [36m>[31m
            [36m<h3>[31m
              [0mFREE - SPONSORED[0m
            [36m</h3>[31m
            [36m<p>[31m
              [0mFull Access ΓÇó Community Support[0m
            [36m</p>[31m
          [36m</div>[31m
          [36m<button[31m
            [33mclass[31m=[32m"plan-button "[31m
          [36m>[31m
            [0mUpgrade Now[0m
          [36m</button>[31m
        [36m</div>[31m
        [36m<div[31m
          [33mclass[31m=[32m"plan-card "[31m
        [36m>[31m
          [36m<div[31m
            [33mclass[31m=[32m"plan-icon"[31m
          [36m>[31m
            [36m<svg[31m
              [33maria-hidden[31m=[32m"true"[31m
              [33mclass[31m=[32m"lucide lucide-zap"[31m
              [33mfill[31m=[32m"none"[31m
              [33mheight[31m=[32m"24"[31m
              [33mstroke[31m=[32m"currentColor"[31m
              [33mstroke-linecap[31m=[32m"round"[31m
              [33mstroke-linejoin[31m=[32m"round"[31m
              [33mstroke-width[31m=[32m"2"[31m
              [33mviewBox[31m=[32m"0 0 24 24"[31m
              [33mwidth[31m=[32m"24"[31m
              [33mxmlns[31m=[32m"http://www.w3.org/2000/svg"[31m
            [36m>[31m
              [36m<path[31m
                [33md[31m=[32m"M4 14a1 1 0 0 1-.78-1.63l9.9-10.2a.5.5 0 0 1 .86.46l-1.92 6.02A1 1 0 0 0 13 10h7a1 1 0 0 1 .78 1.63l-9.9 10.2a.5.5 0 0 1-.86-.46l1.92-6.02A1 1 0 0 0 11 14z"[31m
              [36m/>[31m
            [36m</svg>[31m
          [36m</div>[31m
          [36m<div[31m
            [33mclass[31m=[32m"plan-details"[31m
          [36m>[31m
            [36m<h3>[31m
              [0mFREE (INCOME BASED)[0m
            [36m</h3>[31m
            [36m<p>[31m
              [0mFull Access, Based on Eligibility[0m
            [36m</p>[31m
          [36m</div>[31m
          [36m<button[31m
            [33mclass[31m=[32m"plan-button "[31m
          [36m>[31m
            [0mUpgrade Now[0m
          [36m</button>[31m
        [36m</div>[31m
        [36m<div[31m
          [33mclass[31m=[32m"plan-card "[31m
        [36m>[31m
          [36m<div[31m
            [33mclass[31m=[32m"plan-icon"[31m
          [36m>[31m
            [36m<svg[31m
              [33maria-hidden[31m=[32m"true"[31m
              [33mclass[31m=[32m"lucide lucide-key"[31m
              [33mfill[31m=[32m"none"[31m
              [33mheight[31m=[32m"24"[31m
              [33mstroke[31m=[32m"currentColor"[31m
              [33mstroke-linecap[31m=[32m"round"[31m
              [33mstroke-linejoin[31m=[32m"round"[31m
              [33mstroke-width[31m=[32m"2"[31m
              [33mviewBox[31m=[32m"0 0 24 24"[31m
              [33mwidth[31m=[32m"24"[31m
              [33mxmlns[31m=[32m"http://www.w3.org/2000/svg"[31m
            [36m>[31m
              [36m<path[31m
                [33md[31m=[32m"m15.5 7.5 2.3 2.3a1 1 0 0 0 1.4 0l2.1-2.1a1 1 0 0 0 0-1.4L19 4"[31m
              [36m/>[31m
              [36m<path[31m
                [33md[31m=[32m"m21 2-9.6 9.6"[31m
              [36m/>[31m
              [36m<circle[31m
                [33mcx[31m=[32m"7.5"[31m
                [33mcy[31m=[32m"15.5"[31m
                [33mr[31m=[32m"5.5"[31m
              [36m/>[31m
            [36m</svg>[31m
          [36m</div>[31m
          [36m<div[31m
            [33mclass[31m=[32m"plan-details"[31m
          [36m>[31m
            [36m<h3>[31m
              [0mFREE (90 DAYS)[0m
            [36m</h3>[31m
            [36m<p>[31m
              [0mFull Access, Limited Time[0m
            [36m</p>[31m
          [36m</div>[31m
          [36m<button[31m
            [33mclass[31m=[32m"plan-button "[31m
          [36m>[31m
            [0mUpgrade Now[0m
          [36m</button>[31m
        [36m</div>[31m
        [36m<div[31m
          [33mclass[31m=[32m"plan-card "[31m
        [36m>[31m
          [36m<div[31m
            [33mclass[31m=[32m"plan-icon"[31m
          [36m>[31m
            [36m<svg[31m
              [33maria-hidden[31m=[32m"true"[31m
              [33mclass[31m=[32m"lucide lucide-dollar-sign"[31m
              [33mfill[31m=[32m"none"[31m
              [33mheight[31m=[32m"24"[31m
              [33mstroke[31m=[32m"currentColor"[31m
              [33mstroke-linecap[31m=[32m"round"[31m
              [33mstroke-linejoin[31m=[32m"round"[31m
              [33mstroke-width[31m=[32m"2"[31m
              [33mviewBox[31m=[32m"0 0 24 24"[31m
              [33mwidth[31m=[32m"24"[31m
              [33mxmlns[31m=[32m"http://www.w3.org/2000/svg"[31m
            [36m>[31m
              [36m<line[31m
                [33mx1[31m=[32m"12"[31m
                [33mx2[31m=[32m"12"[31m
                [33my1[31m=[32m"2"[31m
                [33my2[31m=[32m"22"[31m
              [36m/>[31m
              [36m<path[31m
                [33md[31m=[32m"M17 5H9.5a3.5 3.5 0 0 0 0 7h5a3.5 3.5 0 0 1 0 7H6"[31m
              [36m/>[31m
            [36m</svg>[31m
          [36m</div>[31m
          [36m<div[31m
            [33mclass[31m=[32m"plan-details"[31m
          [36m>[31m
            [36m<h3>[31m
              [0m$10 / MONTH[0m
            [36m</h3>[31m
            [36m<p>[31m
              [0mFull Access + Bonus Content[0m
            [36m</p>[31m
          [36m</div>[31m
          [36m<button[31m
            [33mclass[31m=[32m"plan-button "[31m
          [36m>[31m
            [0mUpgrade Now[0m
          [36m</button>[31m
        [36m</div>[31m
        [36m<div[31m
          [33mclass[31m=[32m"plan-card "[31m
        [36m>[31m
          [36m<div[31m
            [33mclass[31m=[32m"plan-icon"[31m
          [36m>[31m
            [36m<svg[31m
              [33maria-hidden[31m=[32m"true"[31m
              [33mclass[31m=[32m"lucide lucide-clipboard-list"[31m
              [33mfill[31m=[32m"none"[31m
              [33mheight[31m=[32m"24"[31m
              [33mstroke[31m=[32m"currentColor"[31m
              [33mstroke-linecap[31m=[32m"round"[31m
              [33mstroke-linejoin[31m=[32m"round"[31m
              [33mstroke-width[31m=[32m"2"[31m
              [33mviewBox[31m=[32m"0 0 24 24"[31m
              [33mwidth[31m=[32m"24"[31m
              [33mxmlns[31m=[32m"http://www.w3.org/2000/svg"[31m
            [36m>[31m
              [36m<rect[31m
                [33mheight[31m=[32m"4"[31m
                [33mrx[31m=[32m"1"[31m
                [33mry[31m=[32m"1"[31m
                [33mwidth[31m=[32m"8"[31m
                [33mx[31m=[32m"8"[31m
                [33my[31m=[32m"2"[31m
              [36m/>[31m
              [36m<path[31m
                [33md[31m=[32m"M16 4h2a2 2 0 0 1 2 2v14a2 2 0 0 1-2 2H6a2 2 0 0 1-2-2V6a2 2 0 0 1 2-2h2"[31m
              [36m/>[31m
              [36m<path[31m
                [33md[31m=[32m"M12 11h4"[31m
              [36m/>[31m
              [36m<path[31m
                [33md[31m=[32m"M12 16h4"[31m
              [36m/>[31m
              [36m<path[31m
                [33md[31m=[32m"M8 11h.01"[31m
              [36m/>[31m
              [36m<path[31m
                [33md[31m=[32m"M8 16h.01"[31m
              [36m/>[31m
            [36m</svg>[31m
          [36m</div>[31m
          [36m<div[31m
            [33mclass[31m=[32m"plan-details"[31m
          [36m>[31m
            [36m<h3>[31m
              [0m$100 / MONTH[0m
            [36m</h3>[31m
            [36m<p>[31m
              [0m1-on-1 Training + Full Access[0m
            [36m</p>[31m
          [36m</div>[31m
          [36m<button[31m
            [33mclass[31m=[32m"plan-button "[31m
          [36m>[31m
            [0mUpgrade Now[0m
          [36m</button>[31m
        [36m</div>[31m
      [36m</div>[31m
      [36m<p[31m
        [33mclass[31m=[32m"footer-blurb"[31m
      [36m>[31m
        [0mEvery plan is built to support your comeback. Choose what fuels you.[0m
      [36m</p>[31m
      [36m<button[31m
        [33mclass[31m=[32m"settings-button"[31m
      [36m>[31m
        [36m<svg[31m
          [33maria-hidden[31m=[32m"true"[31m
          [33mclass[31m=[32m"lucide lucide-settings"[31m
          [33mfill[31m=[32m"none"[31m
          [33mheight[31m=[32m"24"[31m
          [33mstroke[31m=[32m"currentColor"[31m
          [33mstroke-linecap[31m=[32m"round"[31m
          [33mstroke-linejoin[31m=[32m"round"[31m
          [33mstroke-width[31m=[32m"2"[31m
          [33mviewBox[31m=[32m"0 0 24 24"[31m
          [33mwidth[31m=[32m"24"[31m
          [33mxmlns[31m=[32m"http://www.w3.org/2000/svg"[31m
        [36m>[31m
          [36m<path[31m
            [33md[31m=[32m"M9.671 4.136a2.34 2.34 0 0 1 4.659 0 2.34 2.34 0 0 0 3.319 1.915 2.34 2.34 0 0 1 2.33 4.033 2.34 2.34 0 0 0 0 3.831 2.34 2.34 0 0 1-2.33 4.033 2.34 2.34 0 0 0-3.319 1.915 2.34 2.34 0 0 1-4.659 0 2.34 2.34 0 0 0-3.32-1.915 2.34 2.34 0 0 1-2.33-4.033 2.34 2.34 0 0 0 0-3.831A2.34 2.34 0 0 1 6.35 6.051a2.34 2.34 0 0 0 3.319-1.915"[31m
          [36m/>[31m
          [36m<circle[31m
            [33mcx[31m=[32m"12"[31m
            [33mcy[31m=[32m"12"[31m
            [33mr[31m=[32m"3"[31m
          [36m/>[31m
        [36m</svg>[31m
      [36m</button>[31m
    [36m</div>[31m
  [36m</div>[31m
[36m</body>[31m

Ignored nodes: comments, script, style
[36m<html>[31m
  [36m<head />[31m
  [36m<body>[31m
    [36m<div>[31m
      [36m<div[31m
        [33mclass[31m=[32m"my-plan-container"[31m
      [36m>[31m
        [36m<div[31m
          [33mstyle[31m=[32m"display: grid; grid-template-columns: 44px 1fr 44px; align-items: center; margin-bottom: 2rem;"[31m
        [36m>[31m
          [36m<button[31m
            [33maria-label[31m=[32m"Back"[31m
            [33mstyle[31m=[32m"background: none; border: medium; color: white; cursor: pointer; padding: 0px;"[31m
            [33mtype[31m=[32m"button"[31m
          [36m>[31m
            [36m<svg[31m
              [33maria-hidden[31m=[32m"true"[31m
              [33mclass[31m=[32m"lucide lucide-arrow-left"[31m
              [33mfill[31m=[32m"none"[31m
              [33mheight[31m=[32m"28"[31m
              [33mstroke[31m=[32m"currentColor"[31m
              [33mstroke-linecap[31m=[32m"round"[31m
              [33mstroke-linejoin[31m=[32m"round"[31m
              [33mstroke-width[31m=[32m"2"[31m
              [33mviewBox[31m=[32m"0 0 24 24"[31m
              [33mwidth[31m=[32m"28"[31m
              [33mxmlns[31m=[32m"http://www.w3.org/2000/svg"[31m
            [36m>[31m
              [36m<path[31m
                [33md[31m=[32m"m12 19-7-7 7-7"[31m
              [36m/>[31m
              [36m<path[31m
                [33md[31m=[32m"M19 12H5"[31m
              [36m/>[31m
            [36m</svg>[31m
          [36m</button>[31m
          [36m<div[31m
            [33mstyle[31m=[32m"display: flex; align-items: center; justify-content: center; gap: 0.5rem;"[31m
          [36m>[31m
            [36m<svg[31m
              [33maria-hidden[31m=[32m"true"[31m
              [33mclass[31m=[32m"lucide lucide-clipboard-list"[31m
              [33mfill[31m=[32m"none"[31m
              [33mheight[31m=[32m"28"[31m
              [33mstroke[31m=[32m"var(--accent-color)"[31m
              [33mstroke-linecap[31m=[32m"round"[31m
              [33mstroke-linejoin[31m=[32m"round"[31m
              [33mstroke-width[31m=[32m"2"[31m
              [33mviewBox[31m=[32m"0 0 24 24"[31m
              [33mwidth[31m=[32m"28"[31m
              [33mxmlns[31m=[32m"http://www.w3.org/2000/svg"[31m
            [36m>[31m
              [36m<rect[31m
                [33mheight[31m=[32m"4"[31m
                [33mrx[31m=[32m"1"[31m
                [33mry[31m=[32m"1"[31m
                [33mwidth[31m=[32m"8"[31m
                [33mx[31m=[32m"8"[31m
                [33my[31m=[32m"2"[31m
              [36m/>[31m
              [36m<path[31m
                [33md[31m=[32m"M16 4h2a2 2 0 0 1 2 2v14a2 2 0 0 1-2 2H6a2 2 0 0 1-2-2V6a2 2 0 0 1 2-2h2"[31m
              [36m/>[31m
              [36m<path[31m
                [33md[31m=[32m"M12 11h4"[31m
              [36m/>[31m
              [36m<path[31m
                [33md[31m=[32m"M12 16h4"[31m
              [36m/>[31m
              [36m<path[31m
                [33md[31m=[32m"M8 11h.01"[31m
              [36m/>[31m
              [36m<path[31m
                [33md[31m=[32m"M8 16h.01"[31m
              [36m/>[31m
            [36m</svg>[31m
            [36m<h1[31m
              [33mstyle[31m=[32m"font-size: 1.75rem; font-weight: 800; margin: 0px;"[31m
            [36m>[31m
              [0mMy Plan[0m
            [36m</h1>[31m
          [36m</div>[31m
          [36m<div />[31m
        [36m</div>[31m
        [36m<div[31m
          [33mclass[31m=[32m"plan-header"[31m
        [36m>[31m
          [36m<h2>[31m
            [0mYOUR PLAN[0m
          [36m</h2>[31m
          [36m<p>[31m
            [0mtest@example.com[0m
          [36m</p>[31m
          [36m<div[31m
            [33mclass[31m=[32m"user-id-section"[31m
          [36m>[31m
            [36m<span>[31m
              [0mUser ID:[0m
            [36m</span>[31m
            [36m<button[31m
              [33mclass[31m=[32m"user-id-toggle"[31m
              [33mtitle[31m=[32m"Show User ID"[31m
            [36m>[31m
              [36m<svg[31m
                [33maria-hidden[31m=[32m"true"[31m
                [33mclass[31m=[32m"lucide lucide-eye"[31m
                [33mfill[31m=[32m"none"[31m
                [33mheight[31m=[32m"16"[31m
                [33mstroke[31m=[32m"currentColor"[31m
                [33mstroke-linecap[31m=[32m"round"[31m
                [33mstroke-linejoin[31m=[32m"round"[31m
                [33mstroke-width[31m=[32m"2"[31m
                [33mviewBox[31m=[32m"0 0 24 24"[31m
                [33mwidth[31m=[32m"16"[31m
                [33mxmlns[31m=[32m"http://www.w3.org/2000/svg"[31m
              [36m>[31m
                [36m<path[31m
                  [33md[31m=[32m"M2.062 12.348a1 1 0 0 1 0-.696 10.75 10.75 0 0 1 19.876 0 1 1 0 0 1 0 .696 10.75 10.75 0 0 1-19.876 0"[31m
                [36m/>[31m
                [36m<circle[31m
                  [33mcx[31m=[32m"12"[31m
                  [33mcy[31m=[32m"12"[31m
                  [33mr[31m=[32m"3"[31m
                [36m/>[31m
              [36m</svg>[31m
            [36m</button>[31m
          [36m</div>[31m
        [36m</div>[31m
        [36m<div[31m
          [33mclass[31m=[32m"plans-grid"[31m
        [36m>[31m
          [36m<div[31m
            [33mclass[31m=[32m"plan-card current-plan"[31m
          [36m>[31m
            [36m<div[31m
              [33mclass[31m=[32m"plan-icon"[31m
            [36m>[31m
              [36m<svg[31m
                [33maria-hidden[31m=[32m"true"[31m
                [33mclass[31m=[32m"lucide lucide-diamond"[31m
                [33mfill[31m=[32m"none"[31m
                [33mheight[31m=[32m"24"[31m
                [33mstroke[31m=[32m"currentColor"[31m
                [33mstroke-linecap[31m=[32m"round"[31m
                [33mstroke-linejoin[31m=[32m"round"[31m
                [33mstroke-width[31m=[32m"2"[31m
                [33mviewBox[31m=[32m"0 0 24 24"[31m
                [33mwidth[31m=[32m"24"[31m
                [33mxmlns[31m=[32m"http://www.w3.org/2000/svg"[31m
              [36m>[31m
                [36m<path[31m
                  [33md[31m=[32m"M2.7 10.3a2.41 2.41 0 0 0 0 3.41l7.59 7.59a2.41 2.41 0 0 0 3.41 0l7.59-7.59a2.41 2.41 0 0 0 0-3.41l-7.59-7.59a2.41 2.41 0 0 0-3.41 0Z"[31m
                [36m/>[31m
              [36m</svg>[31m
            [36m</div>[31m
            [36m<div[31m
              [33mclass[31m=[32m"plan-details"[31m
            [36m>[31m
              [36m<h3>[31m
                [0m$100 LIFETIME[0m
              [36m</h3>[31m
              [36m<p>[31m
                [0mAll-Access Pass, One-Time Fee[0m
              [36m</p>[31m
            [36m</div>[31m
            [36m<button[31m
              [33mclass[31m=[32m"plan-button current"[31m
            [36m>[31m
              [0mCurrent Plan[0m
            [36m</button>[31m
          [36m</div>[31m
          [36m<div[31m
            [33mclass[31m=[32m"plan-card "[31m
          [36m>[31m
            [36m<div[31m
              [33mclass[31m=[32m"plan-icon"[31m
            [36m>[31m
              [36m<svg[31m
                [33maria-hidden[31m=[32m"true"[31m
                [33mclass[31m=[32m"lucide lucide-shield-check"[31m
                [33mfill[31m=[32m"none"[31m
                [33mheight[31m=[32m"24"[31m
                [33mstroke[31m=[32m"currentColor"[31m
                [33mstroke-linecap[31m=[32m"round"[31m
                [33mstroke-linejoin[31m=[32m"round"[31m
                [33mstroke-width[31m=[32m"2"[31m
                [33mviewBox[31m=[32m"0 0 24 24"[31m
                [33mwidth[31m=[32m"24"[31m
                [33mxmlns[31m=[32m"http://www.w3.org/2000/svg"[31m
              [36m>[31m
                [36m<path[31m
                  [33md[31m=[32m"M20 13c0 5-3.5 7.5-7.66 8.95a1 1 0 0 1-.67-.01C7.5 20.5 4 18 4 13V6a1 1 0 0 1 1-1c2 0 4.5-1.2 6.24-2.72a1.17 1.17 0 0 1 1.52 0C14.51 3.81 17 5 19 5a1 1 0 0 1 1 1z"[31m
                [36m/>[31m
                [36m<path[31m
                  [33md[31m=[32m"m9 12 2 2 4-4"[31m
                [36m/>[31m
              [36m</svg>[31m
            [36m</div>[31m
            [36m<div[31m
              [33mclass[31m=[32m"plan-details"[31m
            [36m>[31m
              [36m<h3>[31m
                [0mFREE - SPONSORED[0m
              [36m</h3>[31m
              [36m<p>[31m
                [0mFull Access ΓÇó Community Support[0m
              [36m</p>[31m
            [36m</div>[31m
            [36m<button[31m
              [33mclass[31m=[32m"plan-button "[31m
            [36m>[31m
              [0mUpgrade Now[0m
            [36m</button>[31m
          [36m</div>[31m
          [36m<div[31m
            [33mclass[31m=[32m"plan-card "[31m
          [36m>[31m
            [36m<div[31m
              [33mclass[31m=[32m"plan-icon"[31m
            [36m>[31m
              [36m<svg[31m
                [33maria-hidden[31m=[32m"true"[31m
                [33mclass[31m=[32m"lucide lucide-zap"[31m
                [33mfill[31m=[32m"none"[31m
                [33mheight[31m=[32m"24"[31m
                [33mstroke[31m=[32m"currentColor"[31m
                [33mstroke-linecap[31m=[32m"round"[31m
                [33mstroke-linejoin[31m=[32m"round"[31m
                [33mstroke-width[31m=[32m"2"[31m
                [33mviewBox[31m=[32m"0 0 24 24"[31m
                [33mwidth[31m=[32m"24"[31m
                [33mxmlns[31m=[32m"http://www.w3.org/2000/svg"[31m
              [36m>[31m
                [36m<path[31m
                  [33md[31m=[32m"M4 14a1 1 0 0 1-.78-1.63l9.9-10.2a.5.5 0 0 1 .86.46l-1.92 6.02A1 1 0 0 0 13 10h7a1 1 0 0 1 .78 1.63l-9.9 10.2a.5.5 0 0 1-.86-.46l1.92-6.02A1 1 0 0 0 11 14z"[31m
                [36m/>[31m
              [36m</svg>[31m
            [36m</div>[31m
            [36m<div[31m
              [33mclass[31m=[32m"plan-details"[31m
            [36m>[31m
              [36m<h3>[31m
                [0mFREE (INCOME BASED)[0m
              [36m</h3>[31m
              [36m<p>[31m
                [0mFull Access, Based on Eligibility[0m
              [36m</p>[31m
            [36m</div>[31m
            [36m<button[31m
              [33mclass[31m=[32m"plan-button "[31m
            [36m>[31m
              [0mUpgrade Now[0m
            [36m</button>[31m
          [36m</div>[31m
          [36m<div[31m
            [33mclass[31m=[32m"plan-card "[31m
          [36m>[31m
            [36m<div[31m
              [33mclass[31m=[32m"plan-icon"[31m
            [36m>[31m
              [36m<svg[31m
                [33maria-hidden[31m=[32m"true"[31m
                [33mclass[31m=[32m"lucide lucide-key"[31m
                [33mfill[31m=[32m"none"[31m
                [33mheight[31m=[32m"24"[31m
                [33mstroke[31m=[32m"currentColor"[31m
                [33mstroke-linecap[31m=[32m"round"[31m
                [33mstroke-linejoin[31m=[32m"round"[31m
                [33mstroke-width[31m=[32m"2"[31m
                [33mviewBox[31m=[32m"0 0 24 24"[31m
                [33mwidth[31m=[32m"24"[31m
                [33mxmlns[31m=[32m"http://www.w3.org/2000/svg"[31m
              [36m>[31m
                [36m<path[31m
                  [33md[31m=[32m"m15.5 7.5 2.3 2.3a1 1 0 0 0 1.4 0l2.1-2.1a1 1 0 0 0 0-1.4L19 4"[31m
                [36m/>[31m
                [36m<path[31m
                  [33md[31m=[32m"m21 2-9.6 9.6"[31m
                [36m/>[31m
                [36m<circle[31m
                  [33mcx[31m=[32m"7.5"[31m
                  [33mcy[31m=[32m"15.5"[31m
                  [33mr[31m=[32m"5.5"[31m
                [36m/>[31m
              [36m</svg>[31m
            [36m</div>[31m
            [36m<div[31m
              [33mclass[31m=[32m"plan-details"[31m
            [36m>[31m
              [36m<h3>[31m
                [0mFREE (90 DAYS)[0m
              [36m</h3>[31m
              [36m<p>[31m
                [0mFull Access, Limited Time[0m
              [36m</p>[31m
            [36m</div>[31m
            [36m<button[31m
              [33mclass[31m=[32m"plan-button "[31m
            [36m>[31m
              [0mUpgrade Now[0m
            [36m</button>[31m
          [36m</div>[31m
          [36m<div[31m
            [33mclass[31m=[32m"plan-card "[31m
          [36m>[31m
            [36m<div[31m
              [33mclass[31m=[32m"plan-icon"[31m
            [36m>[31m
              [36m<svg[31m
                [33maria-hidden[31m=[32m"true"[31m
                [33mclass[31m=[32m"lucide lucide-dollar-sign"[31m
                [33mfill[31m=[32m"none"[31m
                [33mheight[31m=[32m"24"[31m
                [33mstroke[31m=[32m"currentColor"[31m
                [33mstroke-linecap[31m=[32m"round"[31m
                [33mstroke-linejoin[31m=[32m"round"[31m
                [33mstroke-width[31m=[32m"2"[31m
                [33mviewBox[31m=[32m"0 0 24 24"[31m
                [33mwidth[31m=[32m"24"[31m
                [33mxmlns[31m=[32m"http://www.w3.org/2000/svg"[31m
              [36m>[31m
                [36m<line[31m
                  [33mx1[31m=[32m"12"[31m
                  [33mx2[31m=[32m"12"[31m
                  [33my1[31m=[32m"2"[31m
                  [33my2[31m=[32m"22"[31m
                [36m/>[31m
                [36m<path[31m
                  [33md[31m=[32m"M17 5H9.5a3.5 3.5 0 0 0 0 7h5a3.5 3.5 0 0 1 0 7H6"[31m
                [36m/>[31m
              [36m</svg>[31m
            [36m</div>[31m
            [36m<div[31m
              [33mclass[31m=[32m"plan-details"[31m
            [36m>[31m
              [36m<h3>[31m
                [0m$10 / MONTH[0m
              [36m</h3>[31m
              [36m<p>[31m
                [0mFull Access + Bonus Content[0m
              [36m</p>[31m
            [36m</div>[31m
            [36m<button[31m
              [33mclass[31m=[32m"plan-button "[31m
            [36m>[31m
              [0mUpgrade Now[0m
            [36m</button>[31m
          [36m</div>[31m
          [36m<div[31m
            [33mclass[31m=[32m"plan-card "[31m
          [36m>[31m
            [36m<div[31m
              [33mclass[31m=[32m"plan-icon"[31m
            [36m>[31m
              [36m<svg[31m
                [33maria-hidden[31m=[32m"true"[31m
                [33mclass[31m=[32m"lucide lucide-clipboard-list"[31m
                [33mfill[31m=[32m"none"[31m
                [33mheight[31m=[32m"24"[31m
                [33mstroke[31m=[32m"currentColor"[31m
                [33mstroke-linecap[31m=[32m"round"[31m
                [33mstroke-linejoin[31m=[32m"round"[31m
                [33mstroke-width[31m=[32m"2"[31m
                [33mviewBox[31m=[32m"0 0 24 24"[31m
                [33mwidth[31m=[32m"24"[31m
                [33mxmlns[31m=[32m"http://www.w3.org/2000/svg"[31m
              [36m>[31m
                [36m<rect[31m
                  [33mheight[31m=[32m"4"[31m
                  [33mrx[31m=[32m"1"[31m
                  [33mry[31m=[32m"1"[31m
                  [33mwidth[31m=[32m"8"[31m
                  [33mx[31m=[32m"8"[31m
                  [33my[31m=[32m"2"[31m
                [36m/>[31m
                [36m<path[31m
                  [33md[31m=[32m"M16 4h2a2 2 0 0 1 2 2v14a2 2 0 0 1-2 2H6a2 2 0 0 1-2-2V6a2 2 0 0 1 2-2h2"[31m
                [36m/>[31m
                [36m<path[31m
                  [33md[31m=[32m"M12 11h4"[31m
                [36m/>[31m
                [36m<path[31m
                  [33md[31m=[32m"M12 16h4"[31m
                [36m/>[31m
                [36m<path[31m
                  [33md[31m=[32m"M8 11h.01"[31m
                [36m/>[31m
                [36m<path[31m
                  [33md[31m=[32m"M8 16h.01"[31m
                [36m/>[31m
              [36m</svg>[31m
            [36m</div>[31m
            [36m<div[31m
              [33mclass[31m=[32m"plan-details"[31m
            [36m>[31m
              [36m<h3>[31m
                [0m$100 / MONTH[0m
              [36m</h3>[31m
              [36m<p>[31m
                [0m1-on-1 Training + Full Access[0m
              [36m</p>[31m
            [36m</div>[31m
            [36m<button[31m
              [33mclass[31m=[32m"plan-button "[31m
            [36m>[31m
              [0mUpgrade Now[0m
            [36m</button>[31m
          [36m</div>[31m
        [36m</div>[31m
        [36m<p[31m
          [33mclass[31m=[32m"footer-blurb"[31m
        [36m>[31m
          [0mEvery plan is built to support your comeback. Choose what fuels you.[0m
        [36m</p>[31m
        [36m<button[31m
          [33mclass[31m=[32m"settings-button"[31m
        [36m>[31m
          [36m<svg[31m
            [33maria-hidden[31m=[32m"true"[31m
            [33mclass[31m=[32m"lucide lucide-settings"[31m
            [33mfill[31m=[32m"none"[31m
            [33mheight[31m=[32m"24"[31m
            [33mstroke[31m=[32m"currentColor"[31m
            [33mstroke-linecap[31m=[32m"round"[31m
            [33mstroke-linejoin[31m=[32m"round"[31m
            [33mstroke-width[31m=[32m"2"[31m
            [33mviewBox[31m=[32m"0 0 24 24"[31m
            [33mwidth[31m=[32m"24"[31m
            [33mxmlns[31m=[32m"http://www.w3.org/2000/svg"[31m
          [36m>[31m
            [36m<path[31m
              [33md[31m=[32m"M9.671 4.136a2.34 2.34 0 0 1 4.659 0 2.34 2.34 0 0 0 3.319 1.915 2.34 2.34 0 0 1 2.33 4.033 2.34 2.34 0 0 0 0 3.831 2.34 2.34 0 0 1-2.33 4.033 2.34 2.34 0 0 0-3.319 1.915 2.34 2.34 0 0 1-4.659 0 2.34 2.34 0 0 0-3.32-1.915 2.34 2.34 0 0 1-2.33-4.033 2.34 2.34 0 0 0 0-3.831A2.34 2.34 0 0 1 6.35 6.051a2.34 2.34 0 0 0 3.319-1.915"[31m
            [36m/>[31m
            [36m<circle[31m
              [33mcx[31m=[32m"12"[31m
              [33mcy[31m=[32m"12"[31m
              [33mr[31m=[32m"3"[31m
            [36m/>[31m
          [36m</svg>[31m
        [36m</button>[31m
      [36m</div>[31m
    [36m</div>[31m
  [36m</body>[31m
[36m</html>[31m[39m
 [31m├ù[39m tests/pages/MyPlanPage.test.jsx[2m > [22mMyPlanPage Component[2m > [22mError Handling[2m > [22mhandles plans loading error gracefully[33m 1174[2mms[22m[39m
[31m   ΓåÆ expected "Mock" to be called with arguments: [ 'Error loading data:', Any<Error> ][90m

Received: 

[1m  1st Mock call:

[22m[2m  [[22m
[2m    "Error loading data:",[22m
[32m-   Any<Error>,[90m
[31m+   {[90m
[31m+     "message": "Plans load failed",[90m
[31m+   },[90m
[2m  ][22m
[31m[90m

Number of calls: [1m1[22m
[31m

Ignored nodes: comments, script, style
[36m<html>[31m
  [36m<head />[31m
  [36m<body>[31m
    [36m<div>[31m
      [36m<div[31m
        [33mclass[31m=[32m"my-plan-container"[31m
      [36m>[31m
        [36m<div[31m
          [33mstyle[31m=[32m"display: grid; grid-template-columns: 44px 1fr 44px; align-items: center; margin-bottom: 2rem;"[31m
        [36m>[31m
          [36m<button[31m
            [33maria-label[31m=[32m"Back"[31m
            [33mstyle[31m=[32m"background: none; border: medium; color: white; cursor: pointer; padding: 0px;"[31m
            [33mtype[31m=[32m"button"[31m
          [36m>[31m
            [36m<svg[31m
              [33maria-hidden[31m=[32m"true"[31m
              [33mclass[31m=[32m"lucide lucide-arrow-left"[31m
              [33mfill[31m=[32m"none"[31m
              [33mheight[31m=[32m"28"[31m
              [33mstroke[31m=[32m"currentColor"[31m
              [33mstroke-linecap[31m=[32m"round"[31m
              [33mstroke-linejoin[31m=[32m"round"[31m
              [33mstroke-width[31m=[32m"2"[31m
              [33mviewBox[31m=[32m"0 0 24 24"[31m
              [33mwidth[31m=[32m"28"[31m
              [33mxmlns[31m=[32m"http://www.w3.org/2000/svg"[31m
            [36m>[31m
              [36m<path[31m
                [33md[31m=[32m"m12 19-7-7 7-7"[31m
              [36m/>[31m
              [36m<path[31m
                [33md[31m=[32m"M19 12H5"[31m
              [36m/>[31m
            [36m</svg>[31m
          [36m</button>[31m
          [36m<div[31m
            [33mstyle[31m=[32m"display: flex; align-items: center; justify-content: center; gap: 0.5rem;"[31m
          [36m>[31m
            [36m<svg[31m
              [33maria-hidden[31m=[32m"true"[31m
              [33mclass[31m=[32m"lucide lucide-clipboard-list"[31m
              [33mfill[31m=[32m"none"[31m
              [33mheight[31m=[32m"28"[31m
              [33mstroke[31m=[32m"var(--accent-color)"[31m
              [33mstroke-linecap[31m=[32m"round"[31m
              [33mstroke-linejoin[31m=[32m"round"[31m
              [33mstroke-width[31m=[32m"2"[31m
              [33mviewBox[31m=[32m"0 0 24 24"[31m
              [33mwidth[31m=[32m"28"[31m
              [33mxmlns[31m=[32m"http://www.w3.org/2000/svg"[31m
            [36m>[31m
              [36m<rect[31m
                [33mheight[31m=[32m"4"[31m
                [33mrx[31m=[32m"1"[31m
                [33mry[31m=[32m"1"[31m
                [33mwidth[31m=[32m"8"[31m
                [33mx[31m=[32m"8"[31m
                [33my[31m=[32m"2"[31m
              [36m/>[31m
              [36m<path[31m
                [33md[31m=[32m"M16 4h2a2 2 0 0 1 2 2v14a2 2 0 0 1-2 2H6a2 2 0 0 1-2-2V6a2 2 0 0 1 2-2h2"[31m
              [36m/>[31m
              [36m<path[31m
                [33md[31m=[32m"M12 11h4"[31m
              [36m/>[31m
              [36m<path[31m
                [33md[31m=[32m"M12 16h4"[31m
              [36m/>[31m
              [36m<path[31m
                [33md[31m=[32m"M8 11h.01"[31m
              [36m/>[31m
              [36m<path[31m
                [33md[31m=[32m"M8 16h.01"[31m
              [36m/>[31m
            [36m</svg>[31m
            [36m<h1[31m
              [33mstyle[31m=[32m"font-size: 1.75rem; font-weight: 800; margin: 0px;"[31m
            [36m>[31m
              [0mMy Plan[0m
            [36m</h1>[31m
          [36m</div>[31m
          [36m<div />[31m
        [36m</div>[31m
        [36m<div[31m
          [33mclass[31m=[32m"plan-header"[31m
        [36m>[31m
          [36m<h2>[31m
            [0mYOUR PLAN[0m
          [36m</h2>[31m
          [36m<p>[31m
            [0mtest@example.com[0m
          [36m</p>[31m
          [36m<div[31m
            [33mclass[31m=[32m"user-id-section"[31m
          [36m>[31m
            [36m<span>[31m
              [0mUser ID:[0m
            [36m</span>[31m
            [36m<button[31m
              [33mclass[31m=[32m"user-id-toggle"[31m
              [33mtitle[31m=[32m"Show User ID"[31m
            [36m>[31m
              [36m<svg[31m
                [33maria-hidden[31m=[32m"true"[31m
                [33mclass[31m=[32m"lucide lucide-eye"[31m
                [33mfill[31m=[32m"none"[31m
                [33mheight[31m=[32m"16"[31m
                [33mstroke[31m=[32m"currentColor"[31m
                [33mstroke-linecap[31m=[32m"round"[31m
                [33mstroke-linejoin[31m=[32m"round"[31m
                [33mstroke-width[31m=[32m"2"[31m
                [33mviewBox[31m=[32m"0 0 24 24"[31m
                [33mwidth[31m=[32m"16"[31m
                [33mxmlns[31m=[32m"http://www.w3.org/2000/svg"[31m
              [36m>[31m
                [36m<path[31m
                  [33md[31m=[32m"M2.062 12.348a1 1 0 0 1 0-.696 10.75 10.75 0 0 1 19.876 0 1 1 0 0 1 0 .696 10.75 10.75 0 0 1-19.876 0"[31m
                [36m/>[31m
                [36m<circle[31m
                  [33mcx[31m=[32m"12"[31m
                  [33mcy[31m=[32m"12"[31m
                  [33mr[31m=[32m"3"[31m
                [36m/>[31m
              [36m</svg>[31m
            [36m</button>[31m
          [36m</div>[31m
        [36m</div>[31m
        [36m<div[31m
          [33mclass[31m=[32m"plans-grid"[31m
        [36m/>[31m
        [36m<p[31m
          [33mclass[31m=[32m"footer-blurb"[31m
        [36m>[31m
          [0mEvery plan is built to support your comeback. Choose what fuels you.[0m
        [36m</p>[31m
        [36m<button[31m
          [33mclass[31m=[32m"settings-button"[31m
        [36m>[31m
          [36m<svg[31m
            [33maria-hidden[31m=[32m"true"[31m
            [33mclass[31m=[32m"lucide lucide-settings"[31m
            [33mfill[31m=[32m"none"[31m
            [33mheight[31m=[32m"24"[31m
            [33mstroke[31m=[32m"currentColor"[31m
            [33mstroke-linecap[31m=[32m"round"[31m
            [33mstroke-linejoin[31m=[32m"round"[31m
            [33mstroke-width[31m=[32m"2"[31m
            [33mviewBox[31m=[32m"0 0 24 24"[31m
            [33mwidth[31m=[32m"24"[31m
            [33mxmlns[31m=[32m"http://www.w3.org/2000/svg"[31m
          [36m>[31m
            [36m<path[31m
              [33md[31m=[32m"M9.671 4.136a2.34 2.34 0 0 1 4.659 0 2.34 2.34 0 0 0 3.319 1.915 2.34 2.34 0 0 1 2.33 4.033 2.34 2.34 0 0 0 0 3.831 2.34 2.34 0 0 1-2.33 4.033 2.34 2.34 0 0 0-3.319 1.915 2.34 2.34 0 0 1-4.659 0 2.34 2.34 0 0 0-3.32-1.915 2.34 2.34 0 0 1-2.33-4.033 2.34 2.34 0 0 0 0-3.831A2.34 2.34 0 0 1 6.35 6.051a2.34 2.34 0 0 0 3.319-1.915"[31m
            [36m/>[31m
            [36m<circle[31m
              [33mcx[31m=[32m"12"[31m
              [33mcy[31m=[32m"12"[31m
              [33mr[31m=[32m"3"[31m
            [36m/>[31m
          [36m</svg>[31m
        [36m</button>[31m
      [36m</div>[31m
    [36m</div>[31m
  [36m</body>[31m
[36m</html>[31m[39m
 [32mΓ£ô[39m tests/pages/MyPlanPage.test.jsx[2m > [22mMyPlanPage Component[2m > [22mError Handling[2m > [22mhandles user profile loading error gracefully[32m 130[2mms[22m[39m
 [32mΓ£ô[39m tests/pages/MyPlanPage.test.jsx[2m > [22mMyPlanPage Component[2m > [22mError Handling[2m > [22mhandles PGRST116 error (no profile found) as valid state[32m 167[2mms[22m[39m
 [32mΓ£ô[39m tests/pages/MyPlanPage.test.jsx[2m > [22mMyPlanPage Component[2m > [22mError Handling[2m > [22mhandles missing user gracefully[32m 48[2mms[22m[39m
 [32mΓ£ô[39m tests/pages/MyPlanPage.test.jsx[2m > [22mMyPlanPage Component[2m > [22mPlan Helper Functions[2m > [22mdisplays correct icons for each plan type[33m 792[2mms[22m[39m
 [32mΓ£ô[39m tests/pages/MyPlanPage.test.jsx[2m > [22mMyPlanPage Component[2m > [22mPlan Helper Functions[2m > [22mdisplays correct pricing for each plan type[32m 157[2mms[22m[39m
 [32mΓ£ô[39m tests/pages/MyPlanPage.test.jsx[2m > [22mMyPlanPage Component[2m > [22mPlan Helper Functions[2m > [22mdisplays correct descriptions for each plan type[32m 218[2mms[22m[39m
 [31m├ù[39m tests/pages/MyPlanPage.test.jsx[2m > [22mMyPlanPage Component[2m > [22mAccessibility[2m > [22mhas proper ARIA labels and roles[33m 1518[2mms[22m[39m
[31m   ΓåÆ Unable to find role="button" and name `/settings/i`

Ignored nodes: comments, script, style
[36m<body>[31m
  [36m<div>[31m
    [36m<div[31m
      [33mclass[31m=[32m"my-plan-container"[31m
    [36m>[31m
      [36m<div[31m
        [33mstyle[31m=[32m"display: grid; grid-template-columns: 44px 1fr 44px; align-items: center; margin-bottom: 2rem;"[31m
      [36m>[31m
        [36m<button[31m
          [33maria-label[31m=[32m"Back"[31m
          [33mstyle[31m=[32m"background: none; border: medium; color: white; cursor: pointer; padding: 0px;"[31m
          [33mtype[31m=[32m"button"[31m
        [36m>[31m
          [36m<svg[31m
            [33maria-hidden[31m=[32m"true"[31m
            [33mclass[31m=[32m"lucide lucide-arrow-left"[31m
            [33mfill[31m=[32m"none"[31m
            [33mheight[31m=[32m"28"[31m
            [33mstroke[31m=[32m"currentColor"[31m
            [33mstroke-linecap[31m=[32m"round"[31m
            [33mstroke-linejoin[31m=[32m"round"[31m
            [33mstroke-width[31m=[32m"2"[31m
            [33mviewBox[31m=[32m"0 0 24 24"[31m
            [33mwidth[31m=[32m"28"[31m
            [33mxmlns[31m=[32m"http://www.w3.org/2000/svg"[31m
          [36m>[31m
            [36m<path[31m
              [33md[31m=[32m"m12 19-7-7 7-7"[31m
            [36m/>[31m
            [36m<path[31m
              [33md[31m=[32m"M19 12H5"[31m
            [36m/>[31m
          [36m</svg>[31m
        [36m</button>[31m
        [36m<div[31m
          [33mstyle[31m=[32m"display: flex; align-items: center; justify-content: center; gap: 0.5rem;"[31m
        [36m>[31m
          [36m<svg[31m
            [33maria-hidden[31m=[32m"true"[31m
            [33mclass[31m=[32m"lucide lucide-clipboard-list"[31m
            [33mfill[31m=[32m"none"[31m
            [33mheight[31m=[32m"28"[31m
            [33mstroke[31m=[32m"var(--accent-color)"[31m
            [33mstroke-linecap[31m=[32m"round"[31m
            [33mstroke-linejoin[31m=[32m"round"[31m
            [33mstroke-width[31m=[32m"2"[31m
            [33mviewBox[31m=[32m"0 0 24 24"[31m
            [33mwidth[31m=[32m"28"[31m
            [33mxmlns[31m=[32m"http://www.w3.org/2000/svg"[31m
          [36m>[31m
            [36m<rect[31m
              [33mheight[31m=[32m"4"[31m
              [33mrx[31m=[32m"1"[31m
              [33mry[31m=[32m"1"[31m
              [33mwidth[31m=[32m"8"[31m
              [33mx[31m=[32m"8"[31m
              [33my[31m=[32m"2"[31m
            [36m/>[31m
            [36m<path[31m
              [33md[31m=[32m"M16 4h2a2 2 0 0 1 2 2v14a2 2 0 0 1-2 2H6a2 2 0 0 1-2-2V6a2 2 0 0 1 2-2h2"[31m
            [36m/>[31m
            [36m<path[31m
              [33md[31m=[32m"M12 11h4"[31m
            [36m/>[31m
            [36m<path[31m
              [33md[31m=[32m"M12 16h4"[31m
            [36m/>[31m
            [36m<path[31m
              [33md[31m=[32m"M8 11h.01"[31m
            [36m/>[31m
            [36m<path[31m
              [33md[31m=[32m"M8 16h.01"[31m
            [36m/>[31m
          [36m</svg>[31m
          [36m<h1[31m
            [33mstyle[31m=[32m"font-size: 1.75rem; font-weight: 800; margin: 0px;"[31m
          [36m>[31m
            [0mMy Plan[0m
          [36m</h1>[31m
        [36m</div>[31m
        [36m<div />[31m
      [36m</div>[31m
      [36m<div[31m
        [33mclass[31m=[32m"plan-header"[31m
      [36m>[31m
        [36m<h2>[31m
          [0mYOUR PLAN[0m
        [36m</h2>[31m
        [36m<p>[31m
          [0mtest@example.com[0m
        [36m</p>[31m
        [36m<div[31m
          [33mclass[31m=[32m"user-id-section"[31m
        [36m>[31m
          [36m<span>[31m
            [0mUser ID:[0m
          [36m</span>[31m
          [36m<button[31m
            [33mclass[31m=[32m"user-id-toggle"[31m
            [33mtitle[31m=[32m"Show User ID"[31m
          [36m>[31m
            [36m<svg[31m
              [33maria-hidden[31m=[32m"true"[31m
              [33mclass[31m=[32m"lucide lucide-eye"[31m
              [33mfill[31m=[32m"none"[31m
              [33mheight[31m=[32m"16"[31m
              [33mstroke[31m=[32m"currentColor"[31m
              [33mstroke-linecap[31m=[32m"round"[31m
              [33mstroke-linejoin[31m=[32m"round"[31m
              [33mstroke-width[31m=[32m"2"[31m
              [33mviewBox[31m=[32m"0 0 24 24"[31m
              [33mwidth[31m=[32m"16"[31m
              [33mxmlns[31m=[32m"http://www.w3.org/2000/svg"[31m
            [36m>[31m
              [36m<path[31m
                [33md[31m=[32m"M2.062 12.348a1 1 0 0 1 0-.696 10.75 10.75 0 0 1 19.876 0 1 1 0 0 1 0 .696 10.75 10.75 0 0 1-19.876 0"[31m
              [36m/>[31m
              [36m<circle[31m
                [33mcx[31m=[32m"12"[31m
                [33mcy[31m=[32m"12"[31m
                [33mr[31m=[32m"3"[31m
              [36m/>[31m
            [36m</svg>[31m
          [36m</button>[31m
        [36m</div>[31m
      [36m</div>[31m
      [36m<div[31m
        [33mclass[31m=[32m"plans-grid"[31m
      [36m>[31m
        [36m<div[31m
          [33mclass[31m=[32m"plan-card current-plan"[31m
        [36m>[31m
          [36m<div[31m
            [33mclass[31m=[32m"plan-icon"[31m
          [36m>[31m
            [36m<svg[31m
              [33maria-hidden[31m=[32m"true"[31m
              [33mclass[31m=[32m"lucide lucide-diamond"[31m
              [33mfill[31m=[32m"none"[31m
              [33mheight[31m=[32m"24"[31m
              [33mstroke[31m=[32m"currentColor"[31m
              [33mstroke-linecap[31m=[32m"round"[31m
              [33mstroke-linejoin[31m=[32m"round"[31m
              [33mstroke-width[31m=[32m"2"[31m
              [33mviewBox[31m=[32m"0 0 24 24"[31m
              [33mwidth[31m=[32m"24"[31m
              [33mxmlns[31m=[32m"http://www.w3.org/2000/svg"[31m
            [36m>[31m
              [36m<path[31m
                [33md[31m=[32m"M2.7 10.3a2.41 2.41 0 0 0 0 3.41l7.59 7.59a2.41 2.41 0 0 0 3.41 0l7.59-7.59a2.41 2.41 0 0 0 0-3.41l-7.59-7.59a2.41 2.41 0 0 0-3.41 0Z"[31m
              [36m/>[31m
            [36m</svg>[31m
          [36m</div>[31m
          [36m<div[31m
            [33mclass[31m=[32m"plan-details"[31m
          [36m>[31m
            [36m<h3>[31m
              [0m$100 LIFETIME[0m
            [36m</h3>[31m
            [36m<p>[31m
              [0mAll-Access Pass, One-Time Fee[0m
            [36m</p>[31m
          [36m</div>[31m
          [36m<button[31m
            [33mclass[31m=[32m"plan-button current"[31m
          [36m>[31m
            [0mCurrent Plan[0m
          [36m</button>[31m
        [36m</div>[31m
        [36m<div[31m
          [33mclass[31m=[32m"plan-card "[31m
        [36m>[31m
          [36m<div[31m
            [33mclass[31m=[32m"plan-icon"[31m
          [36m>[31m
            [36m<svg[31m
              [33maria-hidden[31m=[32m"true"[31m
              [33mclass[31m=[32m"lucide lucide-shield-check"[31m
              [33mfill[31m=[32m"none"[31m
              [33mheight[31m=[32m"24"[31m
              [33mstroke[31m=[32m"currentColor"[31m
              [33mstroke-linecap[31m=[32m"round"[31m
              [33mstroke-linejoin[31m=[32m"round"[31m
              [33mstroke-width[31m=[32m"2"[31m
              [33mviewBox[31m=[32m"0 0 24 24"[31m
              [33mwidth[31m=[32m"24"[31m
              [33mxmlns[31m=[32m"http://www.w3.org/2000/svg"[31m
            [36m>[31m
              [36m<path[31m
                [33md[31m=[32m"M20 13c0 5-3.5 7.5-7.66 8.95a1 1 0 0 1-.67-.01C7.5 20.5 4 18 4 13V6a1 1 0 0 1 1-1c2 0 4.5-1.2 6.24-2.72a1.17 1.17 0 0 1 1.52 0C14.51 3.81 17 5 19 5a1 1 0 0 1 1 1z"[31m
              [36m/>[31m
              [36m<path[31m
                [33md[31m=[32m"m9 12 2 2 4-4"[31m
              [36m/>[31m
            [36m</svg>[31m
          [36m</div>[31m
          [36m<div[31m
            [33mclass[31m=[32m"plan-details"[31m
          [36m>[31m
            [36m<h3>[31m
              [0mFREE - SPONSORED[0m
            [36m</h3>[31m
            [36m<p>[31m
              [0mFull Access ΓÇó Community Support[0m
            [36m</p>[31m
          [36m</div>[31m
          [36m<button[31m
            [33mclass[31m=[32m"plan-button "[31m
          [36m>[31m
            [0mUpgrade Now[0m
          [36m</button>[31m
        [36m</div>[31m
        [36m<div[31m
          [33mclass[31m=[32m"plan-card "[31m
        [36m>[31m
          [36m<div[31m
            [33mclass[31m=[32m"plan-icon"[31m
          [36m>[31m
            [36m<svg[31m
              [33maria-hidden[31m=[32m"true"[31m
              [33mclass[31m=[32m"lucide lucide-zap"[31m
              [33mfill[31m=[32m"none"[31m
              [33mheight[31m=[32m"24"[31m
              [33mstroke[31m=[32m"currentColor"[31m
              [33mstroke-linecap[31m=[32m"round"[31m
              [33mstroke-linejoin[31m=[32m"round"[31m
              [33mstroke-width[31m=[32m"2"[31m
              [33mviewBox[31m=[32m"0 0 24 24"[31m
              [33mwidth[31m=[32m"24"[31m
              [33mxmlns[31m=[32m"http://www.w3.org/2000/svg"[31m
            [36m>[31m
              [36m<path[31m
                [33md[31m=[32m"M4 14a1 1 0 0 1-.78-1.63l9.9-10.2a.5.5 0 0 1 .86.46l-1.92 6.02A1 1 0 0 0 13 10h7a1 1 0 0 1 .78 1.63l-9.9 10.2a.5.5 0 0 1-.86-.46l1.92-6.02A1 1 0 0 0 11 14z"[31m
              [36m/>[31m
            [36m</svg>[31m
          [36m</div>[31m
          [36m<div[31m
            [33mclass[31m=[32m"plan-details"[31m
          [36m>[31m
            [36m<h3>[31m
              [0mFREE (INCOME BASED)[0m
            [36m</h3>[31m
            [36m<p>[31m
              [0mFull Access, Based on Eligibility[0m
            [36m</p>[31m
          [36m</div>[31m
          [36m<button[31m
            [33mclass[31m=[32m"plan-button "[31m
          [36m>[31m
            [0mUpgrade Now[0m
          [36m</button>[31m
        [36m</div>[31m
        [36m<div[31m
          [33mclass[31m=[32m"plan-card "[31m
        [36m>[31m
          [36m<div[31m
            [33mclass[31m=[32m"plan-icon"[31m
          [36m>[31m
            [36m<svg[31m
              [33maria-hidden[31m=[32m"true"[31m
              [33mclass[31m=[32m"lucide lucide-key"[31m
              [33mfill[31m=[32m"none"[31m
              [33mheight[31m=[32m"24"[31m
              [33mstroke[31m=[32m"currentColor"[31m
              [33mstroke-linecap[31m=[32m"round"[31m
              [33mstroke-linejoin[31m=[32m"round"[31m
              [33mstroke-width[31m=[32m"2"[31m
              [33mviewBox[31m=[32m"0 0 24 24"[31m
              [33mwidth[31m=[32m"24"[31m
              [33mxmlns[31m=[32m"http://www.w3.org/2000/svg"[31m
            [36m>[31m
              [36m<path[31m
                [33md[31m=[32m"m15.5 7.5 2.3 2.3a1 1 0 0 0 1.4 0l2.1-2.1a1 1 0 0 0 0-1.4L19 4"[31m
              [36m/>[31m
              [36m<path[31m
                [33md[31m=[32m"m21 2-9.6 9.6"[31m
              [36m/>[31m
              [36m<circle[31m
                [33mcx[31m=[32m"7.5"[31m
                [33mcy[31m=[32m"15.5"[31m
                [33mr[31m=[32m"5.5"[31m
              [36m/>[31m
            [36m</svg>[31m
          [36m</div>[31m
          [36m<div[31m
            [33mclass[31m=[32m"plan-details"[31m
          [36m>[31m
            [36m<h3>[31m
              [0mFREE (90 DAYS)[0m
            [36m</h3>[31m
            [36m<p>[31m
              [0mFull Access, Limited Time[0m
            [36m</p>[31m
          [36m</div>[31m
          [36m<button[31m
            [33mclass[31m=[32m"plan-button "[31m
          [36m>[31m
            [0mUpgrade Now[0m
          [36m</button>[31m
        [36m</div>[31m
        [36m<div[31m
          [33mclass[31m=[32m"plan-card "[31m
        [36m>[31m
          [36m<div[31m
            [33mclass[31m=[32m"plan-icon"[31m
          [36m>[31m
            [36m<svg[31m
              [33maria-hidden[31m=[32m"true"[31m
              [33mclass[31m=[32m"lucide lucide-dollar-sign"[31m
              [33mfill[31m=[32m"none"[31m
              [33mheight[31m=[32m"24"[31m
              [33mstroke[31m=[32m"currentColor"[31m
              [33mstroke-linecap[31m=[32m"round"[31m
              [33mstroke-linejoin[31m=[32m"round"[31m
              [33mstroke-width[31m=[32m"2"[31m
              [33mviewBox[31m=[32m"0 0 24 24"[31m
              [33mwidth[31m=[32m"24"[31m
              [33mxmlns[31m=[32m"http://www.w3.org/2000/svg"[31m
            [36m>[31m
              [36m<line[31m
                [33mx1[31m=[32m"12"[31m
                [33mx2[31m=[32m"12"[31m
                [33my1[31m=[32m"2"[31m
                [33my2[31m=[32m"22"[31m
              [36m/>[31m
              [36m<path[31m
                [33md[31m=[32m"M17 5H9.5a3.5 3.5 0 0 0 0 7h5a3.5 3.5 0 0 1 0 7H6"[31m
              [36m/>[31m
            [36m</svg>[31m
          [36m</div>[31m
          [36m<div[31m
            [33mclass[31m=[32m"plan-details"[31m
          [36m>[31m
            [36m<h3>[31m
              [0m$10 / MONTH[0m
            [36m</h3>[31m
            [36m<p>[31m
              [0mFull Access + Bonus Content[0m
            [36m</p>[31m
          [36m</div>[31m
          [36m<button[31m
            [33mclass[31m=[32m"plan-button "[31m
          [36m>[31m
            [0mUpgrade Now[0m
          [36m</button>[31m
        [36m</div>[31m
        [36m<div[31m
          [33mclass[31m=[32m"plan-card "[31m
        [36m>[31m
          [36m<div[31m
            [33mclass[31m=[32m"plan-icon"[31m
          [36m>[31m
            [36m<svg[31m
              [33maria-hidden[31m=[32m"true"[31m
              [33mclass[31m=[32m"lucide lucide-clipboard-list"[31m
              [33mfill[31m=[32m"none"[31m
              [33mheight[31m=[32m"24"[31m
              [33mstroke[31m=[32m"currentColor"[31m
              [33mstroke-linecap[31m=[32m"round"[31m
              [33mstroke-linejoin[31m=[32m"round"[31m
              [33mstroke-width[31m=[32m"2"[31m
              [33mviewBox[31m=[32m"0 0 24 24"[31m
              [33mwidth[31m=[32m"24"[31m
              [33mxmlns[31m=[32m"http://www.w3.org/2000/svg"[31m
            [36m>[31m
              [36m<rect[31m
                [33mheight[31m=[32m"4"[31m
                [33mrx[31m=[32m"1"[31m
                [33mry[31m=[32m"1"[31m
                [33mwidth[31m=[32m"8"[31m
                [33mx[31m=[32m"8"[31m
                [33my[31m=[32m"2"[31m
              [36m/>[31m
              [36m<path[31m
                [33md[31m=[32m"M16 4h2a2 2 0 0 1 2 2v14a2 2 0 0 1-2 2H6a2 2 0 0 1-2-2V6a2 2 0 0 1 2-2h2"[31m
              [36m/>[31m
              [36m<path[31m
                [33md[31m=[32m"M12 11h4"[31m
              [36m/>[31m
              [36m<path[31m
                [33md[31m=[32m"M12 16h4"[31m
              [36m/>[31m
              [36m<path[31m
                [33md[31m=[32m"M8 11h.01"[31m
              [36m/>[31m
              [36m<path[31m
                [33md[31m=[32m"M8 16h.01"[31m
              [36m/>[31m
            [36m</svg>[31m
          [36m</div>[31m
          [36m<div[31m
            [33mclass[31m=[32m"plan-details"[31m
          [36m>[31m
            [36m<h3>[31m
              [0m$100 / MONTH[0m
            [36m</h3>[31m
            [36m<p>[31m
              [0m1-on-1 Training + Full Access[0m
            [36m</p>[31m
          [36m</div>[31m
          [36m<button[31m
            [33mclass[31m=[32m"plan-button "[31m
          [36m>[31m
            [0mUpgrade Now[0m
          [36m</button>[31m
        [36m</div>[31m
      [36m</div>[31m
      [36m<p[31m
        [33mclass[31m=[32m"footer-blurb"[31m
      [36m>[31m
        [0mEvery plan is built to support your comeback. Choose what fuels you.[0m
      [36m</p>[31m
      [36m<button[31m
        [33mclass[31m=[32m"settings-button"[31m
      [36m>[31m
        [36m<svg[31m
          [33maria-hidden[31m=[32m"true"[31m
          [33mclass[31m=[32m"lucide lucide-settings"[31m
          [33mfill[31m=[32m"none"[31m
          [33mheight[31m=[32m"24"[31m
          [33mstroke[31m=[32m"currentColor"[31m
          [33mstroke-linecap[31m=[32m"round"[31m
          [33mstroke-linejoin[31m=[32m"round"[31m
          [33mstroke-width[31m=[32m"2"[31m
          [33mviewBox[31m=[32m"0 0 24 24"[31m
          [33mwidth[31m=[32m"24"[31m
          [33mxmlns[31m=[32m"http://www.w3.org/2000/svg"[31m
        [36m>[31m
          [36m<path[31m
            [33md[31m=[32m"M9.671 4.136a2.34 2.34 0 0 1 4.659 0 2.34 2.34 0 0 0 3.319 1.915 2.34 2.34 0 0 1 2.33 4.033 2.34 2.34 0 0 0 0 3.831 2.34 2.34 0 0 1-2.33 4.033 2.34 2.34 0 0 0-3.319 1.915 2.34 2.34 0 0 1-4.659 0 2.34 2.34 0 0 0-3.32-1.915 2.34 2.34 0 0 1-2.33-4.033 2.34 2.34 0 0 0 0-3.831A2.34 2.34 0 0 1 6.35 6.051a2.34 2.34 0 0 0 3.319-1.915"[31m
          [36m/>[31m
          [36m<circle[31m
            [33mcx[31m=[32m"12"[31m
            [33mcy[31m=[32m"12"[31m
            [33mr[31m=[32m"3"[31m
          [36m/>[31m
        [36m</svg>[31m
      [36m</button>[31m
    [36m</div>[31m
  [36m</div>[31m
[36m</body>[31m

Ignored nodes: comments, script, style
[36m<html>[31m
  [36m<head />[31m
  [36m<body>[31m
    [36m<div>[31m
      [36m<div[31m
        [33mclass[31m=[32m"my-plan-container"[31m
      [36m>[31m
        [36m<div[31m
          [33mstyle[31m=[32m"display: grid; grid-template-columns: 44px 1fr 44px; align-items: center; margin-bottom: 2rem;"[31m
        [36m>[31m
          [36m<button[31m
            [33maria-label[31m=[32m"Back"[31m
            [33mstyle[31m=[32m"background: none; border: medium; color: white; cursor: pointer; padding: 0px;"[31m
            [33mtype[31m=[32m"button"[31m
          [36m>[31m
            [36m<svg[31m
              [33maria-hidden[31m=[32m"true"[31m
              [33mclass[31m=[32m"lucide lucide-arrow-left"[31m
              [33mfill[31m=[32m"none"[31m
              [33mheight[31m=[32m"28"[31m
              [33mstroke[31m=[32m"currentColor"[31m
              [33mstroke-linecap[31m=[32m"round"[31m
              [33mstroke-linejoin[31m=[32m"round"[31m
              [33mstroke-width[31m=[32m"2"[31m
              [33mviewBox[31m=[32m"0 0 24 24"[31m
              [33mwidth[31m=[32m"28"[31m
              [33mxmlns[31m=[32m"http://www.w3.org/2000/svg"[31m
            [36m>[31m
              [36m<path[31m
                [33md[31m=[32m"m12 19-7-7 7-7"[31m
              [36m/>[31m
              [36m<path[31m
                [33md[31m=[32m"M19 12H5"[31m
              [36m/>[31m
            [36m</svg>[31m
          [36m</button>[31m
          [36m<div[31m
            [33mstyle[31m=[32m"display: flex; align-items: center; justify-content: center; gap: 0.5rem;"[31m
          [36m>[31m
            [36m<svg[31m
              [33maria-hidden[31m=[32m"true"[31m
              [33mclass[31m=[32m"lucide lucide-clipboard-list"[31m
              [33mfill[31m=[32m"none"[31m
              [33mheight[31m=[32m"28"[31m
              [33mstroke[31m=[32m"var(--accent-color)"[31m
              [33mstroke-linecap[31m=[32m"round"[31m
              [33mstroke-linejoin[31m=[32m"round"[31m
              [33mstroke-width[31m=[32m"2"[31m
              [33mviewBox[31m=[32m"0 0 24 24"[31m
              [33mwidth[31m=[32m"28"[31m
              [33mxmlns[31m=[32m"http://www.w3.org/2000/svg"[31m
            [36m>[31m
              [36m<rect[31m
                [33mheight[31m=[32m"4"[31m
                [33mrx[31m=[32m"1"[31m
                [33mry[31m=[32m"1"[31m
                [33mwidth[31m=[32m"8"[31m
                [33mx[31m=[32m"8"[31m
                [33my[31m=[32m"2"[31m
              [36m/>[31m
              [36m<path[31m
                [33md[31m=[32m"M16 4h2a2 2 0 0 1 2 2v14a2 2 0 0 1-2 2H6a2 2 0 0 1-2-2V6a2 2 0 0 1 2-2h2"[31m
              [36m/>[31m
              [36m<path[31m
                [33md[31m=[32m"M12 11h4"[31m
              [36m/>[31m
              [36m<path[31m
                [33md[31m=[32m"M12 16h4"[31m
              [36m/>[31m
              [36m<path[31m
                [33md[31m=[32m"M8 11h.01"[31m
              [36m/>[31m
              [36m<path[31m
                [33md[31m=[32m"M8 16h.01"[31m
              [36m/>[31m
            [36m</svg>[31m
            [36m<h1[31m
              [33mstyle[31m=[32m"font-size: 1.75rem; font-weight: 800; margin: 0px;"[31m
            [36m>[31m
              [0mMy Plan[0m
            [36m</h1>[31m
          [36m</div>[31m
          [36m<div />[31m
        [36m</div>[31m
        [36m<div[31m
          [33mclass[31m=[32m"plan-header"[31m
        [36m>[31m
          [36m<h2>[31m
            [0mYOUR PLAN[0m
          [36m</h2>[31m
          [36m<p>[31m
            [0mtest@example.com[0m
          [36m</p>[31m
          [36m<div[31m
            [33mclass[31m=[32m"user-id-section"[31m
          [36m>[31m
            [36m<span>[31m
              [0mUser ID:[0m
            [36m</span>[31m
            [36m<button[31m
              [33mclass[31m=[32m"user-id-toggle"[31m
              [33mtitle[31m=[32m"Show User ID"[31m
            [36m>[31m
              [36m<svg[31m
                [33maria-hidden[31m=[32m"true"[31m
                [33mclass[31m=[32m"lucide lucide-eye"[31m
                [33mfill[31m=[32m"none"[31m
                [33mheight[31m=[32m"16"[31m
                [33mstroke[31m=[32m"currentColor"[31m
                [33mstroke-linecap[31m=[32m"round"[31m
                [33mstroke-linejoin[31m=[32m"round"[31m
                [33mstroke-width[31m=[32m"2"[31m
                [33mviewBox[31m=[32m"0 0 24 24"[31m
                [33mwidth[31m=[32m"16"[31m
                [33mxmlns[31m=[32m"http://www.w3.org/2000/svg"[31m
              [36m>[31m
                [36m<path[31m
                  [33md[31m=[32m"M2.062 12.348a1 1 0 0 1 0-.696 10.75 10.75 0 0 1 19.876 0 1 1 0 0 1 0 .696 10.75 10.75 0 0 1-19.876 0"[31m
                [36m/>[31m
                [36m<circle[31m
                  [33mcx[31m=[32m"12"[31m
                  [33mcy[31m=[32m"12"[31m
                  [33mr[31m=[32m"3"[31m
                [36m/>[31m
              [36m</svg>[31m
            [36m</button>[31m
          [36m</div>[31m
        [36m</div>[31m
        [36m<div[31m
          [33mclass[31m=[32m"plans-grid"[31m
        [36m>[31m
          [36m<div[31m
            [33mclass[31m=[32m"plan-card current-plan"[31m
          [36m>[31m
            [36m<div[31m
              [33mclass[31m=[32m"plan-icon"[31m
            [36m>[31m
              [36m<svg[31m
                [33maria-hidden[31m=[32m"true"[31m
                [33mclass[31m=[32m"lucide lucide-diamond"[31m
                [33mfill[31m=[32m"none"[31m
                [33mheight[31m=[32m"24"[31m
                [33mstroke[31m=[32m"currentColor"[31m
                [33mstroke-linecap[31m=[32m"round"[31m
                [33mstroke-linejoin[31m=[32m"round"[31m
                [33mstroke-width[31m=[32m"2"[31m
                [33mviewBox[31m=[32m"0 0 24 24"[31m
                [33mwidth[31m=[32m"24"[31m
                [33mxmlns[31m=[32m"http://www.w3.org/2000/svg"[31m
              [36m>[31m
                [36m<path[31m
                  [33md[31m=[32m"M2.7 10.3a2.41 2.41 0 0 0 0 3.41l7.59 7.59a2.41 2.41 0 0 0 3.41 0l7.59-7.59a2.41 2.41 0 0 0 0-3.41l-7.59-7.59a2.41 2.41 0 0 0-3.41 0Z"[31m
                [36m/>[31m
              [36m</svg>[31m
            [36m</div>[31m
            [36m<div[31m
              [33mclass[31m=[32m"plan-details"[31m
            [36m>[31m
              [36m<h3>[31m
                [0m$100 LIFETIME[0m
              [36m</h3>[31m
              [36m<p>[31m
                [0mAll-Access Pass, One-Time Fee[0m
              [36m</p>[31m
            [36m</div>[31m
            [36m<button[31m
              [33mclass[31m=[32m"plan-button current"[31m
            [36m>[31m
              [0mCurrent Plan[0m
            [36m</button>[31m
          [36m</div>[31m
          [36m<div[31m
            [33mclass[31m=[32m"plan-card "[31m
          [36m>[31m
            [36m<div[31m
              [33mclass[31m=[32m"plan-icon"[31m
            [36m>[31m
              [36m<svg[31m
                [33maria-hidden[31m=[32m"true"[31m
                [33mclass[31m=[32m"lucide lucide-shield-check"[31m
                [33mfill[31m=[32m"none"[31m
                [33mheight[31m=[32m"24"[31m
                [33mstroke[31m=[32m"currentColor"[31m
                [33mstroke-linecap[31m=[32m"round"[31m
                [33mstroke-linejoin[31m=[32m"round"[31m
                [33mstroke-width[31m=[32m"2"[31m
                [33mviewBox[31m=[32m"0 0 24 24"[31m
                [33mwidth[31m=[32m"24"[31m
                [33mxmlns[31m=[32m"http://www.w3.org/2000/svg"[31m
              [36m>[31m
                [36m<path[31m
                  [33md[31m=[32m"M20 13c0 5-3.5 7.5-7.66 8.95a1 1 0 0 1-.67-.01C7.5 20.5 4 18 4 13V6a1 1 0 0 1 1-1c2 0 4.5-1.2 6.24-2.72a1.17 1.17 0 0 1 1.52 0C14.51 3.81 17 5 19 5a1 1 0 0 1 1 1z"[31m
                [36m/>[31m
                [36m<path[31m
                  [33md[31m=[32m"m9 12 2 2 4-4"[31m
                [36m/>[31m
              [36m</svg>[31m
            [36m</div>[31m
            [36m<div[31m
              [33mclass[31m=[32m"plan-details"[31m
            [36m>[31m
              [36m<h3>[31m
                [0mFREE - SPONSORED[0m
              [36m</h3>[31m
              [36m<p>[31m
                [0mFull Access ΓÇó Community Support[0m
              [36m</p>[31m
            [36m</div>[31m
            [36m<button[31m
              [33mclass[31m=[32m"plan-button "[31m
            [36m>[31m
              [0mUpgrade Now[0m
            [36m</button>[31m
          [36m</div>[31m
          [36m<div[31m
            [33mclass[31m=[32m"plan-card "[31m
          [36m>[31m
            [36m<div[31m
              [33mclass[31m=[32m"plan-icon"[31m
            [36m>[31m
              [36m<svg[31m
                [33maria-hidden[31m=[32m"true"[31m
                [33mclass[31m=[32m"lucide lucide-zap"[31m
                [33mfill[31m=[32m"none"[31m
                [33mheight[31m=[32m"24"[31m
                [33mstroke[31m=[32m"currentColor"[31m
                [33mstroke-linecap[31m=[32m"round"[31m
                [33mstroke-linejoin[31m=[32m"round"[31m
                [33mstroke-width[31m=[32m"2"[31m
                [33mviewBox[31m=[32m"0 0 24 24"[31m
                [33mwidth[31m=[32m"24"[31m
                [33mxmlns[31m=[32m"http://www.w3.org/2000/svg"[31m
              [36m>[31m
                [36m<path[31m
                  [33md[31m=[32m"M4 14a1 1 0 0 1-.78-1.63l9.9-10.2a.5.5 0 0 1 .86.46l-1.92 6.02A1 1 0 0 0 13 10h7a1 1 0 0 1 .78 1.63l-9.9 10.2a.5.5 0 0 1-.86-.46l1.92-6.02A1 1 0 0 0 11 14z"[31m
                [36m/>[31m
              [36m</svg>[31m
            [36m</div>[31m
            [36m<div[31m
              [33mclass[31m=[32m"plan-details"[31m
            [36m>[31m
              [36m<h3>[31m
                [0mFREE (INCOME BASED)[0m
              [36m</h3>[31m
              [36m<p>[31m
                [0mFull Access, Based on Eligibility[0m
              [36m</p>[31m
            [36m</div>[31m
            [36m<button[31m
              [33mclass[31m=[32m"plan-button "[31m
            [36m>[31m
              [0mUpgrade Now[0m
            [36m</button>[31m
          [36m</div>[31m
          [36m<div[31m
            [33mclass[31m=[32m"plan-card "[31m
          [36m>[31m
            [36m<div[31m
              [33mclass[31m=[32m"plan-icon"[31m
            [36m>[31m
              [36m<svg[31m
                [33maria-hidden[31m=[32m"true"[31m
                [33mclass[31m=[32m"lucide lucide-key"[31m
                [33mfill[31m=[32m"none"[31m
                [33mheight[31m=[32m"24"[31m
                [33mstroke[31m=[32m"currentColor"[31m
                [33mstroke-linecap[31m=[32m"round"[31m
                [33mstroke-linejoin[31m=[32m"round"[31m
                [33mstroke-width[31m=[32m"2"[31m
                [33mviewBox[31m=[32m"0 0 24 24"[31m
                [33mwidth[31m=[32m"24"[31m
                [33mxmlns[31m=[32m"http://www.w3.org/2000/svg"[31m
              [36m>[31m
                [36m<path[31m
                  [33md[31m=[32m"m15.5 7.5 2.3 2.3a1 1 0 0 0 1.4 0l2.1-2.1a1 1 0 0 0 0-1.4L19 4"[31m
                [36m/>[31m
                [36m<path[31m
                  [33md[31m=[32m"m21 2-9.6 9.6"[31m
                [36m/>[31m
                [36m<circle[31m
                  [33mcx[31m=[32m"7.5"[31m
                  [33mcy[31m=[32m"15.5"[31m
                  [33mr[31m=[32m"5.5"[31m
                [36m/>[31m
              [36m</svg>[31m
            [36m</div>[31m
            [36m<div[31m
              [33mclass[31m=[32m"plan-details"[31m
            [36m>[31m
              [36m<h3>[31m
                [0mFREE (90 DAYS)[0m
              [36m</h3>[31m
              [36m<p>[31m
                [0mFull Access, Limited Time[0m
              [36m</p>[31m
            [36m</div>[31m
            [36m<button[31m
              [33mclass[31m=[32m"plan-button "[31m
            [36m>[31m
              [0mUpgrade Now[0m
            [36m</button>[31m
          [36m</div>[31m
          [36m<div[31m
            [33mclass[31m=[32m"plan-card "[31m
          [36m>[31m
            [36m<div[31m
              [33mclass[31m=[32m"plan-icon"[31m
            [36m>[31m
              [36m<svg[31m
                [33maria-hidden[31m=[32m"true"[31m
                [33mclass[31m=[32m"lucide lucide-dollar-sign"[31m
                [33mfill[31m=[32m"none"[31m
                [33mheight[31m=[32m"24"[31m
                [33mstroke[31m=[32m"currentColor"[31m
                [33mstroke-linecap[31m=[32m"round"[31m
                [33mstroke-linejoin[31m=[32m"round"[31m
                [33mstroke-width[31m=[32m"2"[31m
                [33mviewBox[31m=[32m"0 0 24 24"[31m
                [33mwidth[31m=[32m"24"[31m
                [33mxmlns[31m=[32m"http://www.w3.org/2000/svg"[31m
              [36m>[31m
                [36m<line[31m
                  [33mx1[31m=[32m"12"[31m
                  [33mx2[31m=[32m"12"[31m
                  [33my1[31m=[32m"2"[31m
                  [33my2[31m=[32m"22"[31m
                [36m/>[31m
                [36m<path[31m
                  [33md[31m=[32m"M17 5H9.5a3.5 3.5 0 0 0 0 7h5a3.5 3.5 0 0 1 0 7H6"[31m
                [36m/>[31m
              [36m</svg>[31m
            [36m</div>[31m
            [36m<div[31m
              [33mclass[31m=[32m"plan-details"[31m
            [36m>[31m
              [36m<h3>[31m
                [0m$10 / MONTH[0m
              [36m</h3>[31m
              [36m<p>[31m
                [0mFull Access + Bonus Content[0m
              [36m</p>[31m
            [36m</div>[31m
            [36m<button[31m
              [33mclass[31m=[32m"plan-button "[31m
            [36m>[31m
              [0mUpgrade Now[0m
            [36m</button>[31m
          [36m</div>[31m
          [36m<div[31m
            [33mclass[31m=[32m"plan-card "[31m
          [36m>[31m
            [36m<div[31m
              [33mclass[31m=[32m"plan-icon"[31m
            [36m>[31m
              [36m<svg[31m
                [33maria-hidden[31m=[32m"true"[31m
                [33mclass[31m=[32m"lucide lucide-clipboard-list"[31m
                [33mfill[31m=[32m"none"[31m
                [33mheight[31m=[32m"24"[31m
                [33mstroke[31m=[32m"currentColor"[31m
                [33mstroke-linecap[31m=[32m"round"[31m
                [33mstroke-linejoin[31m=[32m"round"[31m
                [33mstroke-width[31m=[32m"2"[31m
                [33mviewBox[31m=[32m"0 0 24 24"[31m
                [33mwidth[31m=[32m"24"[31m
                [33mxmlns[31m=[32m"http://www.w3.org/2000/svg"[31m
              [36m>[31m
                [36m<rect[31m
                  [33mheight[31m=[32m"4"[31m
                  [33mrx[31m=[32m"1"[31m
                  [33mry[31m=[32m"1"[31m
                  [33mwidth[31m=[32m"8"[31m
                  [33mx[31m=[32m"8"[31m
                  [33my[31m=[32m"2"[31m
                [36m/>[31m
                [36m<path[31m
                  [33md[31m=[32m"M16 4h2a2 2 0 0 1 2 2v14a2 2 0 0 1-2 2H6a2 2 0 0 1-2-2V6a2 2 0 0 1 2-2h2"[31m
                [36m/>[31m
                [36m<path[31m
                  [33md[31m=[32m"M12 11h4"[31m
                [36m/>[31m
                [36m<path[31m
                  [33md[31m=[32m"M12 16h4"[31m
                [36m/>[31m
                [36m<path[31m
                  [33md[31m=[32m"M8 11h.01"[31m
                [36m/>[31m
                [36m<path[31m
                  [33md[31m=[32m"M8 16h.01"[31m
                [36m/>[31m
              [36m</svg>[31m
            [36m</div>[31m
            [36m<div[31m
              [33mclass[31m=[32m"plan-details"[31m
            [36m>[31m
              [36m<h3>[31m
                [0m$100 / MONTH[0m
              [36m</h3>[31m
              [36m<p>[31m
                [0m1-on-1 Training + Full Access[0m
              [36m</p>[31m
            [36m</div>[31m
            [36m<button[31m
              [33mclass[31m=[32m"plan-button "[31m
            [36m>[31m
              [0mUpgrade Now[0m
            [36m</button>[31m
          [36m</div>[31m
        [36m</div>[31m
        [36m<p[31m
          [33mclass[31m=[32m"footer-blurb"[31m
        [36m>[31m
          [0mEvery plan is built to support your comeback. Choose what fuels you.[0m
        [36m</p>[31m
        [36m<button[31m
          [33mclass[31m=[32m"settings-button"[31m
        [36m>[31m
          [36m<svg[31m
            [33maria-hidden[31m=[32m"true"[31m
            [33mclass[31m=[32m"lucide lucide-settings"[31m
            [33mfill[31m=[32m"none"[31m
            [33mheight[31m=[32m"24"[31m
            [33mstroke[31m=[32m"currentColor"[31m
            [33mstroke-linecap[31m=[32m"round"[31m
            [33mstroke-linejoin[31m=[32m"round"[31m
            [33mstroke-width[31m=[32m"2"[31m
            [33mviewBox[31m=[32m"0 0 24 24"[31m
            [33mwidth[31m=[32m"24"[31m
            [33mxmlns[31m=[32m"http://www.w3.org/2000/svg"[31m
          [36m>[31m
            [36m<path[31m
              [33md[31m=[32m"M9.671 4.136a2.34 2.34 0 0 1 4.659 0 2.34 2.34 0 0 0 3.319 1.915 2.34 2.34 0 0 1 2.33 4.033 2.34 2.34 0 0 0 0 3.831 2.34 2.34 0 0 1-2.33 4.033 2.34 2.34 0 0 0-3.319 1.915 2.34 2.34 0 0 1-4.659 0 2.34 2.34 0 0 0-3.32-1.915 2.34 2.34 0 0 1-2.33-4.033 2.34 2.34 0 0 0 0-3.831A2.34 2.34 0 0 1 6.35 6.051a2.34 2.34 0 0 0 3.319-1.915"[31m
            [36m/>[31m
            [36m<circle[31m
              [33mcx[31m=[32m"12"[31m
              [33mcy[31m=[32m"12"[31m
              [33mr[31m=[32m"3"[31m
            [36m/>[31m
          [36m</svg>[31m
        [36m</button>[31m
      [36m</div>[31m
    [36m</div>[31m
  [36m</body>[31m
[36m</html>[31m[39m
 [32mΓ£ô[39m tests/pages/MyPlanPage.test.jsx[2m > [22mMyPlanPage Component[2m > [22mAccessibility[2m > [22mhas proper button labeling[32m 250[2mms[22m[39m
 [31m├ù[39m tests/pages/MyPlanPage.test.jsx[2m > [22mMyPlanPage Component[2m > [22mAccessibility[2m > [22msupports keyboard navigation[33m 1894[2mms[22m[39m
[31m   ΓåÆ Unable to find role="button" and name `/settings/i`

Ignored nodes: comments, script, style
[36m<body>[31m
  [36m<div>[31m
    [36m<div[31m
      [33mclass[31m=[32m"my-plan-container"[31m
    [36m>[31m
      [36m<div[31m
        [33mstyle[31m=[32m"display: grid; grid-template-columns: 44px 1fr 44px; align-items: center; margin-bottom: 2rem;"[31m
      [36m>[31m
        [36m<button[31m
          [33maria-label[31m=[32m"Back"[31m
          [33mstyle[31m=[32m"background: none; border: medium; color: white; cursor: pointer; padding: 0px;"[31m
          [33mtype[31m=[32m"button"[31m
        [36m>[31m
          [36m<svg[31m
            [33maria-hidden[31m=[32m"true"[31m
            [33mclass[31m=[32m"lucide lucide-arrow-left"[31m
            [33mfill[31m=[32m"none"[31m
            [33mheight[31m=[32m"28"[31m
            [33mstroke[31m=[32m"currentColor"[31m
            [33mstroke-linecap[31m=[32m"round"[31m
            [33mstroke-linejoin[31m=[32m"round"[31m
            [33mstroke-width[31m=[32m"2"[31m
            [33mviewBox[31m=[32m"0 0 24 24"[31m
            [33mwidth[31m=[32m"28"[31m
            [33mxmlns[31m=[32m"http://www.w3.org/2000/svg"[31m
          [36m>[31m
            [36m<path[31m
              [33md[31m=[32m"m12 19-7-7 7-7"[31m
            [36m/>[31m
            [36m<path[31m
              [33md[31m=[32m"M19 12H5"[31m
            [36m/>[31m
          [36m</svg>[31m
        [36m</button>[31m
        [36m<div[31m
          [33mstyle[31m=[32m"display: flex; align-items: center; justify-content: center; gap: 0.5rem;"[31m
        [36m>[31m
          [36m<svg[31m
            [33maria-hidden[31m=[32m"true"[31m
            [33mclass[31m=[32m"lucide lucide-clipboard-list"[31m
            [33mfill[31m=[32m"none"[31m
            [33mheight[31m=[32m"28"[31m
            [33mstroke[31m=[32m"var(--accent-color)"[31m
            [33mstroke-linecap[31m=[32m"round"[31m
            [33mstroke-linejoin[31m=[32m"round"[31m
            [33mstroke-width[31m=[32m"2"[31m
            [33mviewBox[31m=[32m"0 0 24 24"[31m
            [33mwidth[31m=[32m"28"[31m
            [33mxmlns[31m=[32m"http://www.w3.org/2000/svg"[31m
          [36m>[31m
            [36m<rect[31m
              [33mheight[31m=[32m"4"[31m
              [33mrx[31m=[32m"1"[31m
              [33mry[31m=[32m"1"[31m
              [33mwidth[31m=[32m"8"[31m
              [33mx[31m=[32m"8"[31m
              [33my[31m=[32m"2"[31m
            [36m/>[31m
            [36m<path[31m
              [33md[31m=[32m"M16 4h2a2 2 0 0 1 2 2v14a2 2 0 0 1-2 2H6a2 2 0 0 1-2-2V6a2 2 0 0 1 2-2h2"[31m
            [36m/>[31m
            [36m<path[31m
              [33md[31m=[32m"M12 11h4"[31m
            [36m/>[31m
            [36m<path[31m
              [33md[31m=[32m"M12 16h4"[31m
            [36m/>[31m
            [36m<path[31m
              [33md[31m=[32m"M8 11h.01"[31m
            [36m/>[31m
            [36m<path[31m
              [33md[31m=[32m"M8 16h.01"[31m
            [36m/>[31m
          [36m</svg>[31m
          [36m<h1[31m
            [33mstyle[31m=[32m"font-size: 1.75rem; font-weight: 800; margin: 0px;"[31m
          [36m>[31m
            [0mMy Plan[0m
          [36m</h1>[31m
        [36m</div>[31m
        [36m<div />[31m
      [36m</div>[31m
      [36m<div[31m
        [33mclass[31m=[32m"plan-header"[31m
      [36m>[31m
        [36m<h2>[31m
          [0mYOUR PLAN[0m
        [36m</h2>[31m
        [36m<p>[31m
          [0mtest@example.com[0m
        [36m</p>[31m
        [36m<div[31m
          [33mclass[31m=[32m"user-id-section"[31m
        [36m>[31m
          [36m<span>[31m
            [0mUser ID:[0m
          [36m</span>[31m
          [36m<button[31m
            [33mclass[31m=[32m"user-id-toggle"[31m
            [33mtitle[31m=[32m"Show User ID"[31m
          [36m>[31m
            [36m<svg[31m
              [33maria-hidden[31m=[32m"true"[31m
              [33mclass[31m=[32m"lucide lucide-eye"[31m
              [33mfill[31m=[32m"none"[31m
              [33mheight[31m=[32m"16"[31m
              [33mstroke[31m=[32m"currentColor"[31m
              [33mstroke-linecap[31m=[32m"round"[31m
              [33mstroke-linejoin[31m=[32m"round"[31m
              [33mstroke-width[31m=[32m"2"[31m
              [33mviewBox[31m=[32m"0 0 24 24"[31m
              [33mwidth[31m=[32m"16"[31m
              [33mxmlns[31m=[32m"http://www.w3.org/2000/svg"[31m
            [36m>[31m
              [36m<path[31m
                [33md[31m=[32m"M2.062 12.348a1 1 0 0 1 0-.696 10.75 10.75 0 0 1 19.876 0 1 1 0 0 1 0 .696 10.75 10.75 0 0 1-19.876 0"[31m
              [36m/>[31m
              [36m<circle[31m
                [33mcx[31m=[32m"12"[31m
                [33mcy[31m=[32m"12"[31m
                [33mr[31m=[32m"3"[31m
              [36m/>[31m
            [36m</svg>[31m
          [36m</button>[31m
        [36m</div>[31m
      [36m</div>[31m
      [36m<div[31m
        [33mclass[31m=[32m"plans-grid"[31m
      [36m>[31m
        [36m<div[31m
          [33mclass[31m=[32m"plan-card current-plan"[31m
        [36m>[31m
          [36m<div[31m
            [33mclass[31m=[32m"plan-icon"[31m
          [36m>[31m
            [36m<svg[31m
              [33maria-hidden[31m=[32m"true"[31m
              [33mclass[31m=[32m"lucide lucide-diamond"[31m
              [33mfill[31m=[32m"none"[31m
              [33mheight[31m=[32m"24"[31m
              [33mstroke[31m=[32m"currentColor"[31m
              [33mstroke-linecap[31m=[32m"round"[31m
              [33mstroke-linejoin[31m=[32m"round"[31m
              [33mstroke-width[31m=[32m"2"[31m
              [33mviewBox[31m=[32m"0 0 24 24"[31m
              [33mwidth[31m=[32m"24"[31m
              [33mxmlns[31m=[32m"http://www.w3.org/2000/svg"[31m
            [36m>[31m
              [36m<path[31m
                [33md[31m=[32m"M2.7 10.3a2.41 2.41 0 0 0 0 3.41l7.59 7.59a2.41 2.41 0 0 0 3.41 0l7.59-7.59a2.41 2.41 0 0 0 0-3.41l-7.59-7.59a2.41 2.41 0 0 0-3.41 0Z"[31m
              [36m/>[31m
            [36m</svg>[31m
          [36m</div>[31m
          [36m<div[31m
            [33mclass[31m=[32m"plan-details"[31m
          [36m>[31m
            [36m<h3>[31m
              [0m$100 LIFETIME[0m
            [36m</h3>[31m
            [36m<p>[31m
              [0mAll-Access Pass, One-Time Fee[0m
            [36m</p>[31m
          [36m</div>[31m
          [36m<button[31m
            [33mclass[31m=[32m"plan-button current"[31m
          [36m>[31m
            [0mCurrent Plan[0m
          [36m</button>[31m
        [36m</div>[31m
        [36m<div[31m
          [33mclass[31m=[32m"plan-card "[31m
        [36m>[31m
          [36m<div[31m
            [33mclass[31m=[32m"plan-icon"[31m
          [36m>[31m
            [36m<svg[31m
              [33maria-hidden[31m=[32m"true"[31m
              [33mclass[31m=[32m"lucide lucide-shield-check"[31m
              [33mfill[31m=[32m"none"[31m
              [33mheight[31m=[32m"24"[31m
              [33mstroke[31m=[32m"currentColor"[31m
              [33mstroke-linecap[31m=[32m"round"[31m
              [33mstroke-linejoin[31m=[32m"round"[31m
              [33mstroke-width[31m=[32m"2"[31m
              [33mviewBox[31m=[32m"0 0 24 24"[31m
              [33mwidth[31m=[32m"24"[31m
              [33mxmlns[31m=[32m"http://www.w3.org/2000/svg"[31m
            [36m>[31m
              [36m<path[31m
                [33md[31m=[32m"M20 13c0 5-3.5 7.5-7.66 8.95a1 1 0 0 1-.67-.01C7.5 20.5 4 18 4 13V6a1 1 0 0 1 1-1c2 0 4.5-1.2 6.24-2.72a1.17 1.17 0 0 1 1.52 0C14.51 3.81 17 5 19 5a1 1 0 0 1 1 1z"[31m
              [36m/>[31m
              [36m<path[31m
                [33md[31m=[32m"m9 12 2 2 4-4"[31m
              [36m/>[31m
            [36m</svg>[31m
          [36m</div>[31m
          [36m<div[31m
            [33mclass[31m=[32m"plan-details"[31m
          [36m>[31m
            [36m<h3>[31m
              [0mFREE - SPONSORED[0m
            [36m</h3>[31m
            [36m<p>[31m
              [0mFull Access ΓÇó Community Support[0m
            [36m</p>[31m
          [36m</div>[31m
          [36m<button[31m
            [33mclass[31m=[32m"plan-button "[31m
          [36m>[31m
            [0mUpgrade Now[0m
          [36m</button>[31m
        [36m</div>[31m
        [36m<div[31m
          [33mclass[31m=[32m"plan-card "[31m
        [36m>[31m
          [36m<div[31m
            [33mclass[31m=[32m"plan-icon"[31m
          [36m>[31m
            [36m<svg[31m
              [33maria-hidden[31m=[32m"true"[31m
              [33mclass[31m=[32m"lucide lucide-zap"[31m
              [33mfill[31m=[32m"none"[31m
              [33mheight[31m=[32m"24"[31m
              [33mstroke[31m=[32m"currentColor"[31m
              [33mstroke-linecap[31m=[32m"round"[31m
              [33mstroke-linejoin[31m=[32m"round"[31m
              [33mstroke-width[31m=[32m"2"[31m
              [33mviewBox[31m=[32m"0 0 24 24"[31m
              [33mwidth[31m=[32m"24"[31m
              [33mxmlns[31m=[32m"http://www.w3.org/2000/svg"[31m
            [36m>[31m
              [36m<path[31m
                [33md[31m=[32m"M4 14a1 1 0 0 1-.78-1.63l9.9-10.2a.5.5 0 0 1 .86.46l-1.92 6.02A1 1 0 0 0 13 10h7a1 1 0 0 1 .78 1.63l-9.9 10.2a.5.5 0 0 1-.86-.46l1.92-6.02A1 1 0 0 0 11 14z"[31m
              [36m/>[31m
            [36m</svg>[31m
          [36m</div>[31m
          [36m<div[31m
            [33mclass[31m=[32m"plan-details"[31m
          [36m>[31m
            [36m<h3>[31m
              [0mFREE (INCOME BASED)[0m
            [36m</h3>[31m
            [36m<p>[31m
              [0mFull Access, Based on Eligibility[0m
            [36m</p>[31m
          [36m</div>[31m
          [36m<button[31m
            [33mclass[31m=[32m"plan-button "[31m
          [36m>[31m
            [0mUpgrade Now[0m
          [36m</button>[31m
        [36m</div>[31m
        [36m<div[31m
          [33mclass[31m=[32m"plan-card "[31m
        [36m>[31m
          [36m<div[31m
            [33mclass[31m=[32m"plan-icon"[31m
          [36m>[31m
            [36m<svg[31m
              [33maria-hidden[31m=[32m"true"[31m
              [33mclass[31m=[32m"lucide lucide-key"[31m
              [33mfill[31m=[32m"none"[31m
              [33mheight[31m=[32m"24"[31m
              [33mstroke[31m=[32m"currentColor"[31m
              [33mstroke-linecap[31m=[32m"round"[31m
              [33mstroke-linejoin[31m=[32m"round"[31m
              [33mstroke-width[31m=[32m"2"[31m
              [33mviewBox[31m=[32m"0 0 24 24"[31m
              [33mwidth[31m=[32m"24"[31m
              [33mxmlns[31m=[32m"http://www.w3.org/2000/svg"[31m
            [36m>[31m
              [36m<path[31m
                [33md[31m=[32m"m15.5 7.5 2.3 2.3a1 1 0 0 0 1.4 0l2.1-2.1a1 1 0 0 0 0-1.4L19 4"[31m
              [36m/>[31m
              [36m<path[31m
                [33md[31m=[32m"m21 2-9.6 9.6"[31m
              [36m/>[31m
              [36m<circle[31m
                [33mcx[31m=[32m"7.5"[31m
                [33mcy[31m=[32m"15.5"[31m
                [33mr[31m=[32m"5.5"[31m
              [36m/>[31m
            [36m</svg>[31m
          [36m</div>[31m
          [36m<div[31m
            [33mclass[31m=[32m"plan-details"[31m
          [36m>[31m
            [36m<h3>[31m
              [0mFREE (90 DAYS)[0m
            [36m</h3>[31m
            [36m<p>[31m
              [0mFull Access, Limited Time[0m
            [36m</p>[31m
          [36m</div>[31m
          [36m<button[31m
            [33mclass[31m=[32m"plan-button "[31m
          [36m>[31m
            [0mUpgrade Now[0m
          [36m</button>[31m
        [36m</div>[31m
        [36m<div[31m
          [33mclass[31m=[32m"plan-card "[31m
        [36m>[31m
          [36m<div[31m
            [33mclass[31m=[32m"plan-icon"[31m
          [36m>[31m
            [36m<svg[31m
              [33maria-hidden[31m=[32m"true"[31m
              [33mclass[31m=[32m"lucide lucide-dollar-sign"[31m
              [33mfill[31m=[32m"none"[31m
              [33mheight[31m=[32m"24"[31m
              [33mstroke[31m=[32m"currentColor"[31m
              [33mstroke-linecap[31m=[32m"round"[31m
              [33mstroke-linejoin[31m=[32m"round"[31m
              [33mstroke-width[31m=[32m"2"[31m
              [33mviewBox[31m=[32m"0 0 24 24"[31m
              [33mwidth[31m=[32m"24"[31m
              [33mxmlns[31m=[32m"http://www.w3.org/2000/svg"[31m
            [36m>[31m
              [36m<line[31m
                [33mx1[31m=[32m"12"[31m
                [33mx2[31m=[32m"12"[31m
                [33my1[31m=[32m"2"[31m
                [33my2[31m=[32m"22"[31m
              [36m/>[31m
              [36m<path[31m
                [33md[31m=[32m"M17 5H9.5a3.5 3.5 0 0 0 0 7h5a3.5 3.5 0 0 1 0 7H6"[31m
              [36m/>[31m
            [36m</svg>[31m
          [36m</div>[31m
          [36m<div[31m
            [33mclass[31m=[32m"plan-details"[31m
          [36m>[31m
            [36m<h3>[31m
              [0m$10 / MONTH[0m
            [36m</h3>[31m
            [36m<p>[31m
              [0mFull Access + Bonus Content[0m
            [36m</p>[31m
          [36m</div>[31m
          [36m<button[31m
            [33mclass[31m=[32m"plan-button "[31m
          [36m>[31m
            [0mUpgrade Now[0m
          [36m</button>[31m
        [36m</div>[31m
        [36m<div[31m
          [33mclass[31m=[32m"plan-card "[31m
        [36m>[31m
          [36m<div[31m
            [33mclass[31m=[32m"plan-icon"[31m
          [36m>[31m
            [36m<svg[31m
              [33maria-hidden[31m=[32m"true"[31m
              [33mclass[31m=[32m"lucide lucide-clipboard-list"[31m
              [33mfill[31m=[32m"none"[31m
              [33mheight[31m=[32m"24"[31m
              [33mstroke[31m=[32m"currentColor"[31m
              [33mstroke-linecap[31m=[32m"round"[31m
              [33mstroke-linejoin[31m=[32m"round"[31m
              [33mstroke-width[31m=[32m"2"[31m
              [33mviewBox[31m=[32m"0 0 24 24"[31m
              [33mwidth[31m=[32m"24"[31m
              [33mxmlns[31m=[32m"http://www.w3.org/2000/svg"[31m
            [36m>[31m
              [36m<rect[31m
                [33mheight[31m=[32m"4"[31m
                [33mrx[31m=[32m"1"[31m
                [33mry[31m=[32m"1"[31m
                [33mwidth[31m=[32m"8"[31m
                [33mx[31m=[32m"8"[31m
                [33my[31m=[32m"2"[31m
              [36m/>[31m
              [36m<path[31m
                [33md[31m=[32m"M16 4h2a2 2 0 0 1 2 2v14a2 2 0 0 1-2 2H6a2 2 0 0 1-2-2V6a2 2 0 0 1 2-2h2"[31m
              [36m/>[31m
              [36m<path[31m
                [33md[31m=[32m"M12 11h4"[31m
              [36m/>[31m
              [36m<path[31m
                [33md[31m=[32m"M12 16h4"[31m
              [36m/>[31m
              [36m<path[31m
                [33md[31m=[32m"M8 11h.01"[31m
              [36m/>[31m
              [36m<path[31m
                [33md[31m=[32m"M8 16h.01"[31m
              [36m/>[31m
            [36m</svg>[31m
          [36m</div>[31m
          [36m<div[31m
            [33mclass[31m=[32m"plan-details"[31m
          [36m>[31m
            [36m<h3>[31m
              [0m$100 / MONTH[0m
            [36m</h3>[31m
            [36m<p>[31m
              [0m1-on-1 Training + Full Access[0m
            [36m</p>[31m
          [36m</div>[31m
          [36m<button[31m
            [33mclass[31m=[32m"plan-button "[31m
          [36m>[31m
            [0mUpgrade Now[0m
          [36m</button>[31m
        [36m</div>[31m
      [36m</div>[31m
      [36m<p[31m
        [33mclass[31m=[32m"footer-blurb"[31m
      [36m>[31m
        [0mEvery plan is built to support your comeback. Choose what fuels you.[0m
      [36m</p>[31m
      [36m<button[31m
        [33mclass[31m=[32m"settings-button"[31m
      [36m>[31m
        [36m<svg[31m
          [33maria-hidden[31m=[32m"true"[31m
          [33mclass[31m=[32m"lucide lucide-settings"[31m
          [33mfill[31m=[32m"none"[31m
          [33mheight[31m=[32m"24"[31m
          [33mstroke[31m=[32m"currentColor"[31m
          [33mstroke-linecap[31m=[32m"round"[31m
          [33mstroke-linejoin[31m=[32m"round"[31m
          [33mstroke-width[31m=[32m"2"[31m
          [33mviewBox[31m=[32m"0 0 24 24"[31m
          [33mwidth[31m=[32m"24"[31m
          [33mxmlns[31m=[32m"http://www.w3.org/2000/svg"[31m
        [36m>[31m
          [36m<path[31m
            [33md[31m=[32m"M9.671 4.136a2.34 2.34 0 0 1 4.659 0 2.34 2.34 0 0 0 3.319 1.915 2.34 2.34 0 0 1 2.33 4.033 2.34 2.34 0 0 0 0 3.831 2.34 2.34 0 0 1-2.33 4.033 2.34 2.34 0 0 0-3.319 1.915 2.34 2.34 0 0 1-4.659 0 2.34 2.34 0 0 0-3.32-1.915 2.34 2.34 0 0 1-2.33-4.033 2.34 2.34 0 0 0 0-3.831A2.34 2.34 0 0 1 6.35 6.051a2.34 2.34 0 0 0 3.319-1.915"[31m
          [36m/>[31m
          [36m<circle[31m
            [33mcx[31m=[32m"12"[31m
            [33mcy[31m=[32m"12"[31m
            [33mr[31m=[32m"3"[31m
          [36m/>[31m
        [36m</svg>[31m
      [36m</button>[31m
    [36m</div>[31m
  [36m</div>[31m
[36m</body>[31m

Ignored nodes: comments, script, style
[36m<html>[31m
  [36m<head />[31m
  [36m<body>[31m
    [36m<div>[31m
      [36m<div[31m
        [33mclass[31m=[32m"my-plan-container"[31m
      [36m>[31m
        [36m<div[31m
          [33mstyle[31m=[32m"display: grid; grid-template-columns: 44px 1fr 44px; align-items: center; margin-bottom: 2rem;"[31m
        [36m>[31m
          [36m<button[31m
            [33maria-label[31m=[32m"Back"[31m
            [33mstyle[31m=[32m"background: none; border: medium; color: white; cursor: pointer; padding: 0px;"[31m
            [33mtype[31m=[32m"button"[31m
          [36m>[31m
            [36m<svg[31m
              [33maria-hidden[31m=[32m"true"[31m
              [33mclass[31m=[32m"lucide lucide-arrow-left"[31m
              [33mfill[31m=[32m"none"[31m
              [33mheight[31m=[32m"28"[31m
              [33mstroke[31m=[32m"currentColor"[31m
              [33mstroke-linecap[31m=[32m"round"[31m
              [33mstroke-linejoin[31m=[32m"round"[31m
              [33mstroke-width[31m=[32m"2"[31m
              [33mviewBox[31m=[32m"0 0 24 24"[31m
              [33mwidth[31m=[32m"28"[31m
              [33mxmlns[31m=[32m"http://www.w3.org/2000/svg"[31m
            [36m>[31m
              [36m<path[31m
                [33md[31m=[32m"m12 19-7-7 7-7"[31m
              [36m/>[31m
              [36m<path[31m
                [33md[31m=[32m"M19 12H5"[31m
              [36m/>[31m
            [36m</svg>[31m
          [36m</button>[31m
          [36m<div[31m
            [33mstyle[31m=[32m"display: flex; align-items: center; justify-content: center; gap: 0.5rem;"[31m
          [36m>[31m
            [36m<svg[31m
              [33maria-hidden[31m=[32m"true"[31m
              [33mclass[31m=[32m"lucide lucide-clipboard-list"[31m
              [33mfill[31m=[32m"none"[31m
              [33mheight[31m=[32m"28"[31m
              [33mstroke[31m=[32m"var(--accent-color)"[31m
              [33mstroke-linecap[31m=[32m"round"[31m
              [33mstroke-linejoin[31m=[32m"round"[31m
              [33mstroke-width[31m=[32m"2"[31m
              [33mviewBox[31m=[32m"0 0 24 24"[31m
              [33mwidth[31m=[32m"28"[31m
              [33mxmlns[31m=[32m"http://www.w3.org/2000/svg"[31m
            [36m>[31m
              [36m<rect[31m
                [33mheight[31m=[32m"4"[31m
                [33mrx[31m=[32m"1"[31m
                [33mry[31m=[32m"1"[31m
                [33mwidth[31m=[32m"8"[31m
                [33mx[31m=[32m"8"[31m
                [33my[31m=[32m"2"[31m
              [36m/>[31m
              [36m<path[31m
                [33md[31m=[32m"M16 4h2a2 2 0 0 1 2 2v14a2 2 0 0 1-2 2H6a2 2 0 0 1-2-2V6a2 2 0 0 1 2-2h2"[31m
              [36m/>[31m
              [36m<path[31m
                [33md[31m=[32m"M12 11h4"[31m
              [36m/>[31m
              [36m<path[31m
                [33md[31m=[32m"M12 16h4"[31m
              [36m/>[31m
              [36m<path[31m
                [33md[31m=[32m"M8 11h.01"[31m
              [36m/>[31m
              [36m<path[31m
                [33md[31m=[32m"M8 16h.01"[31m
              [36m/>[31m
            [36m</svg>[31m
            [36m<h1[31m
              [33mstyle[31m=[32m"font-size: 1.75rem; font-weight: 800; margin: 0px;"[31m
            [36m>[31m
              [0mMy Plan[0m
            [36m</h1>[31m
          [36m</div>[31m
          [36m<div />[31m
        [36m</div>[31m
        [36m<div[31m
          [33mclass[31m=[32m"plan-header"[31m
        [36m>[31m
          [36m<h2>[31m
            [0mYOUR PLAN[0m
          [36m</h2>[31m
          [36m<p>[31m
            [0mtest@example.com[0m
          [36m</p>[31m
          [36m<div[31m
            [33mclass[31m=[32m"user-id-section"[31m
          [36m>[31m
            [36m<span>[31m
              [0mUser ID:[0m
            [36m</span>[31m
            [36m<button[31m
              [33mclass[31m=[32m"user-id-toggle"[31m
              [33mtitle[31m=[32m"Show User ID"[31m
            [36m>[31m
              [36m<svg[31m
                [33maria-hidden[31m=[32m"true"[31m
                [33mclass[31m=[32m"lucide lucide-eye"[31m
                [33mfill[31m=[32m"none"[31m
                [33mheight[31m=[32m"16"[31m
                [33mstroke[31m=[32m"currentColor"[31m
                [33mstroke-linecap[31m=[32m"round"[31m
                [33mstroke-linejoin[31m=[32m"round"[31m
                [33mstroke-width[31m=[32m"2"[31m
                [33mviewBox[31m=[32m"0 0 24 24"[31m
                [33mwidth[31m=[32m"16"[31m
                [33mxmlns[31m=[32m"http://www.w3.org/2000/svg"[31m
              [36m>[31m
                [36m<path[31m
                  [33md[31m=[32m"M2.062 12.348a1 1 0 0 1 0-.696 10.75 10.75 0 0 1 19.876 0 1 1 0 0 1 0 .696 10.75 10.75 0 0 1-19.876 0"[31m
                [36m/>[31m
                [36m<circle[31m
                  [33mcx[31m=[32m"12"[31m
                  [33mcy[31m=[32m"12"[31m
                  [33mr[31m=[32m"3"[31m
                [36m/>[31m
              [36m</svg>[31m
            [36m</button>[31m
          [36m</div>[31m
        [36m</div>[31m
        [36m<div[31m
          [33mclass[31m=[32m"plans-grid"[31m
        [36m>[31m
          [36m<div[31m
            [33mclass[31m=[32m"plan-card current-plan"[31m
          [36m>[31m
            [36m<div[31m
              [33mclass[31m=[32m"plan-icon"[31m
            [36m>[31m
              [36m<svg[31m
                [33maria-hidden[31m=[32m"true"[31m
                [33mclass[31m=[32m"lucide lucide-diamond"[31m
                [33mfill[31m=[32m"none"[31m
                [33mheight[31m=[32m"24"[31m
                [33mstroke[31m=[32m"currentColor"[31m
                [33mstroke-linecap[31m=[32m"round"[31m
                [33mstroke-linejoin[31m=[32m"round"[31m
                [33mstroke-width[31m=[32m"2"[31m
                [33mviewBox[31m=[32m"0 0 24 24"[31m
                [33mwidth[31m=[32m"24"[31m
                [33mxmlns[31m=[32m"http://www.w3.org/2000/svg"[31m
              [36m>[31m
                [36m<path[31m
                  [33md[31m=[32m"M2.7 10.3a2.41 2.41 0 0 0 0 3.41l7.59 7.59a2.41 2.41 0 0 0 3.41 0l7.59-7.59a2.41 2.41 0 0 0 0-3.41l-7.59-7.59a2.41 2.41 0 0 0-3.41 0Z"[31m
                [36m/>[31m
              [36m</svg>[31m
            [36m</div>[31m
            [36m<div[31m
              [33mclass[31m=[32m"plan-details"[31m
            [36m>[31m
              [36m<h3>[31m
                [0m$100 LIFETIME[0m
              [36m</h3>[31m
              [36m<p>[31m
                [0mAll-Access Pass, One-Time Fee[0m
              [36m</p>[31m
            [36m</div>[31m
            [36m<button[31m
              [33mclass[31m=[32m"plan-button current"[31m
            [36m>[31m
              [0mCurrent Plan[0m
            [36m</button>[31m
          [36m</div>[31m
          [36m<div[31m
            [33mclass[31m=[32m"plan-card "[31m
          [36m>[31m
            [36m<div[31m
              [33mclass[31m=[32m"plan-icon"[31m
            [36m>[31m
              [36m<svg[31m
                [33maria-hidden[31m=[32m"true"[31m
                [33mclass[31m=[32m"lucide lucide-shield-check"[31m
                [33mfill[31m=[32m"none"[31m
                [33mheight[31m=[32m"24"[31m
                [33mstroke[31m=[32m"currentColor"[31m
                [33mstroke-linecap[31m=[32m"round"[31m
                [33mstroke-linejoin[31m=[32m"round"[31m
                [33mstroke-width[31m=[32m"2"[31m
                [33mviewBox[31m=[32m"0 0 24 24"[31m
                [33mwidth[31m=[32m"24"[31m
                [33mxmlns[31m=[32m"http://www.w3.org/2000/svg"[31m
              [36m>[31m
                [36m<path[31m
                  [33md[31m=[32m"M20 13c0 5-3.5 7.5-7.66 8.95a1 1 0 0 1-.67-.01C7.5 20.5 4 18 4 13V6a1 1 0 0 1 1-1c2 0 4.5-1.2 6.24-2.72a1.17 1.17 0 0 1 1.52 0C14.51 3.81 17 5 19 5a1 1 0 0 1 1 1z"[31m
                [36m/>[31m
                [36m<path[31m
                  [33md[31m=[32m"m9 12 2 2 4-4"[31m
                [36m/>[31m
              [36m</svg>[31m
            [36m</div>[31m
            [36m<div[31m
              [33mclass[31m=[32m"plan-details"[31m
            [36m>[31m
              [36m<h3>[31m
                [0mFREE - SPONSORED[0m
              [36m</h3>[31m
              [36m<p>[31m
                [0mFull Access ΓÇó Community Support[0m
              [36m</p>[31m
            [36m</div>[31m
            [36m<button[31m
              [33mclass[31m=[32m"plan-button "[31m
            [36m>[31m
              [0mUpgrade Now[0m
            [36m</button>[31m
          [36m</div>[31m
          [36m<div[31m
            [33mclass[31m=[32m"plan-card "[31m
          [36m>[31m
            [36m<div[31m
              [33mclass[31m=[32m"plan-icon"[31m
            [36m>[31m
              [36m<svg[31m
                [33maria-hidden[31m=[32m"true"[31m
                [33mclass[31m=[32m"lucide lucide-zap"[31m
                [33mfill[31m=[32m"none"[31m
                [33mheight[31m=[32m"24"[31m
                [33mstroke[31m=[32m"currentColor"[31m
                [33mstroke-linecap[31m=[32m"round"[31m
                [33mstroke-linejoin[31m=[32m"round"[31m
                [33mstroke-width[31m=[32m"2"[31m
                [33mviewBox[31m=[32m"0 0 24 24"[31m
                [33mwidth[31m=[32m"24"[31m
                [33mxmlns[31m=[32m"http://www.w3.org/2000/svg"[31m
              [36m>[31m
                [36m<path[31m
                  [33md[31m=[32m"M4 14a1 1 0 0 1-.78-1.63l9.9-10.2a.5.5 0 0 1 .86.46l-1.92 6.02A1 1 0 0 0 13 10h7a1 1 0 0 1 .78 1.63l-9.9 10.2a.5.5 0 0 1-.86-.46l1.92-6.02A1 1 0 0 0 11 14z"[31m
                [36m/>[31m
              [36m</svg>[31m
            [36m</div>[31m
            [36m<div[31m
              [33mclass[31m=[32m"plan-details"[31m
            [36m>[31m
              [36m<h3>[31m
                [0mFREE (INCOME BASED)[0m
              [36m</h3>[31m
              [36m<p>[31m
                [0mFull Access, Based on Eligibility[0m
              [36m</p>[31m
            [36m</div>[31m
            [36m<button[31m
              [33mclass[31m=[32m"plan-button "[31m
            [36m>[31m
              [0mUpgrade Now[0m
            [36m</button>[31m
          [36m</div>[31m
          [36m<div[31m
            [33mclass[31m=[32m"plan-card "[31m
          [36m>[31m
            [36m<div[31m
              [33mclass[31m=[32m"plan-icon"[31m
            [36m>[31m
              [36m<svg[31m
                [33maria-hidden[31m=[32m"true"[31m
                [33mclass[31m=[32m"lucide lucide-key"[31m
                [33mfill[31m=[32m"none"[31m
                [33mheight[31m=[32m"24"[31m
                [33mstroke[31m=[32m"currentColor"[31m
                [33mstroke-linecap[31m=[32m"round"[31m
                [33mstroke-linejoin[31m=[32m"round"[31m
                [33mstroke-width[31m=[32m"2"[31m
                [33mviewBox[31m=[32m"0 0 24 24"[31m
                [33mwidth[31m=[32m"24"[31m
                [33mxmlns[31m=[32m"http://www.w3.org/2000/svg"[31m
              [36m>[31m
                [36m<path[31m
                  [33md[31m=[32m"m15.5 7.5 2.3 2.3a1 1 0 0 0 1.4 0l2.1-2.1a1 1 0 0 0 0-1.4L19 4"[31m
                [36m/>[31m
                [36m<path[31m
                  [33md[31m=[32m"m21 2-9.6 9.6"[31m
                [36m/>[31m
                [36m<circle[31m
                  [33mcx[31m=[32m"7.5"[31m
                  [33mcy[31m=[32m"15.5"[31m
                  [33mr[31m=[32m"5.5"[31m
                [36m/>[31m
              [36m</svg>[31m
            [36m</div>[31m
            [36m<div[31m
              [33mclass[31m=[32m"plan-details"[31m
            [36m>[31m
              [36m<h3>[31m
                [0mFREE (90 DAYS)[0m
              [36m</h3>[31m
              [36m<p>[31m
                [0mFull Access, Limited Time[0m
              [36m</p>[31m
            [36m</div>[31m
            [36m<button[31m
              [33mclass[31m=[32m"plan-button "[31m
            [36m>[31m
              [0mUpgrade Now[0m
            [36m</button>[31m
          [36m</div>[31m
          [36m<div[31m
            [33mclass[31m=[32m"plan-card "[31m
          [36m>[31m
            [36m<div[31m
              [33mclass[31m=[32m"plan-icon"[31m
            [36m>[31m
              [36m<svg[31m
                [33maria-hidden[31m=[32m"true"[31m
                [33mclass[31m=[32m"lucide lucide-dollar-sign"[31m
                [33mfill[31m=[32m"none"[31m
                [33mheight[31m=[32m"24"[31m
                [33mstroke[31m=[32m"currentColor"[31m
                [33mstroke-linecap[31m=[32m"round"[31m
                [33mstroke-linejoin[31m=[32m"round"[31m
                [33mstroke-width[31m=[32m"2"[31m
                [33mviewBox[31m=[32m"0 0 24 24"[31m
                [33mwidth[31m=[32m"24"[31m
                [33mxmlns[31m=[32m"http://www.w3.org/2000/svg"[31m
              [36m>[31m
                [36m<line[31m
                  [33mx1[31m=[32m"12"[31m
                  [33mx2[31m=[32m"12"[31m
                  [33my1[31m=[32m"2"[31m
                  [33my2[31m=[32m"22"[31m
                [36m/>[31m
                [36m<path[31m
                  [33md[31m=[32m"M17 5H9.5a3.5 3.5 0 0 0 0 7h5a3.5 3.5 0 0 1 0 7H6"[31m
                [36m/>[31m
              [36m</svg>[31m
            [36m</div>[31m
            [36m<div[31m
              [33mclass[31m=[32m"plan-details"[31m
            [36m>[31m
              [36m<h3>[31m
                [0m$10 / MONTH[0m
              [36m</h3>[31m
              [36m<p>[31m
                [0mFull Access + Bonus Content[0m
              [36m</p>[31m
            [36m</div>[31m
            [36m<button[31m
              [33mclass[31m=[32m"plan-button "[31m
            [36m>[31m
              [0mUpgrade Now[0m
            [36m</button>[31m
          [36m</div>[31m
          [36m<div[31m
            [33mclass[31m=[32m"plan-card "[31m
          [36m>[31m
            [36m<div[31m
              [33mclass[31m=[32m"plan-icon"[31m
            [36m>[31m
              [36m<svg[31m
                [33maria-hidden[31m=[32m"true"[31m
                [33mclass[31m=[32m"lucide lucide-clipboard-list"[31m
                [33mfill[31m=[32m"none"[31m
                [33mheight[31m=[32m"24"[31m
                [33mstroke[31m=[32m"currentColor"[31m
                [33mstroke-linecap[31m=[32m"round"[31m
                [33mstroke-linejoin[31m=[32m"round"[31m
                [33mstroke-width[31m=[32m"2"[31m
                [33mviewBox[31m=[32m"0 0 24 24"[31m
                [33mwidth[31m=[32m"24"[31m
                [33mxmlns[31m=[32m"http://www.w3.org/2000/svg"[31m
              [36m>[31m
                [36m<rect[31m
                  [33mheight[31m=[32m"4"[31m
                  [33mrx[31m=[32m"1"[31m
                  [33mry[31m=[32m"1"[31m
                  [33mwidth[31m=[32m"8"[31m
                  [33mx[31m=[32m"8"[31m
                  [33my[31m=[32m"2"[31m
                [36m/>[31m
                [36m<path[31m
                  [33md[31m=[32m"M16 4h2a2 2 0 0 1 2 2v14a2 2 0 0 1-2 2H6a2 2 0 0 1-2-2V6a2 2 0 0 1 2-2h2"[31m
                [36m/>[31m
                [36m<path[31m
                  [33md[31m=[32m"M12 11h4"[31m
                [36m/>[31m
                [36m<path[31m
                  [33md[31m=[32m"M12 16h4"[31m
                [36m/>[31m
                [36m<path[31m
                  [33md[31m=[32m"M8 11h.01"[31m
                [36m/>[31m
                [36m<path[31m
                  [33md[31m=[32m"M8 16h.01"[31m
                [36m/>[31m
              [36m</svg>[31m
            [36m</div>[31m
            [36m<div[31m
              [33mclass[31m=[32m"plan-details"[31m
            [36m>[31m
              [36m<h3>[31m
                [0m$100 / MONTH[0m
              [36m</h3>[31m
              [36m<p>[31m
                [0m1-on-1 Training + Full Access[0m
              [36m</p>[31m
            [36m</div>[31m
            [36m<button[31m
              [33mclass[31m=[32m"plan-button "[31m
            [36m>[31m
              [0mUpgrade Now[0m
            [36m</button>[31m
          [36m</div>[31m
        [36m</div>[31m
        [36m<p[31m
          [33mclass[31m=[32m"footer-blurb"[31m
        [36m>[31m
          [0mEvery plan is built to support your comeback. Choose what fuels you.[0m
        [36m</p>[31m
        [36m<button[31m
          [33mclass[31m=[32m"settings-button"[31m
        [36m>[31m
          [36m<svg[31m
            [33maria-hidden[31m=[32m"true"[31m
            [33mclass[31m=[32m"lucide lucide-settings"[31m
            [33mfill[31m=[32m"none"[31m
            [33mheight[31m=[32m"24"[31m
            [33mstroke[31m=[32m"currentColor"[31m
            [33mstroke-linecap[31m=[32m"round"[31m
            [33mstroke-linejoin[31m=[32m"round"[31m
            [33mstroke-width[31m=[32m"2"[31m
            [33mviewBox[31m=[32m"0 0 24 24"[31m
            [33mwidth[31m=[32m"24"[31m
            [33mxmlns[31m=[32m"http://www.w3.org/2000/svg"[31m
          [36m>[31m
            [36m<path[31m
              [33md[31m=[32m"M9.671 4.136a2.34 2.34 0 0 1 4.659 0 2.34 2.34 0 0 0 3.319 1.915 2.34 2.34 0 0 1 2.33 4.033 2.34 2.34 0 0 0 0 3.831 2.34 2.34 0 0 1-2.33 4.033 2.34 2.34 0 0 0-3.319 1.915 2.34 2.34 0 0 1-4.659 0 2.34 2.34 0 0 0-3.32-1.915 2.34 2.34 0 0 1-2.33-4.033 2.34 2.34 0 0 0 0-3.831A2.34 2.34 0 0 1 6.35 6.051a2.34 2.34 0 0 0 3.319-1.915"[31m
            [36m/>[31m
            [36m<circle[31m
              [33mcx[31m=[32m"12"[31m
              [33mcy[31m=[32m"12"[31m
              [33mr[31m=[32m"3"[31m
            [36m/>[31m
          [36m</svg>[31m
        [36m</button>[31m
      [36m</div>[31m
    [36m</div>[31m
  [36m</body>[31m
[36m</html>[31m[39m
 [31m├ù[39m tests/pages/MyPlanPage.test.jsx[2m > [22mMyPlanPage Component[2m > [22mPerformance and Optimization[2m > [22mdoes not reload data when user object reference changes but ID stays same[32m 299[2mms[22m[39m
[31m   ΓåÆ expected 3 to be 2 // Object.is equality[39m
 [32mΓ£ô[39m tests/pages/MyPlanPage.test.jsx[2m > [22mMyPlanPage Component[2m > [22mPerformance and Optimization[2m > [22mmemoizes expensive operations[33m 982[2mms[22m[39m
 [31m├ù[39m tests/pages/MyPlanPage.test.jsx[2m > [22mMyPlanPage Integration Tests[2m > [22mcompletes full user workflow: view plans -> toggle ID -> change theme[33m 734[2mms[22m[39m
[31m   ΓåÆ [AsyncFunction writeText] is not a spy or a call to a spy![39m
 [32mΓ£ô[39m tests/pages/MyPlanPage.test.jsx[2m > [22mMyPlanPage Integration Tests[2m > [22mhandles plan switching workflow[33m 370[2mms[22m[39m

ΓÄ»ΓÄ»ΓÄ»ΓÄ»ΓÄ»ΓÄ» Failed Suites 1 ΓÄ»ΓÄ»ΓÄ»ΓÄ»ΓÄ»ΓÄ»ΓÄ»

 FAIL  tests/pages/ProfilePage.test.jsx [ tests/pages/ProfilePage.test.jsx ]
Error: [vitest] There was an error when mocking a module. If you are using "vi.mock" factory, make sure there are no top level variables inside, since this call is hoisted to top of the file. Read more: https://vitest.dev/api/vi.html#vi-mock
 Γ¥» src/pages/ProfilePage.jsx:43:1
     41| import { useAuth } from '../AuthContext.jsx';
     42| import SubPageHeader from '../components/SubPageHeader.jsx';
     43| import { supabase } from '../supabaseClient.js';
       | ^
     44| import './ProfilePage.css';
     45| 

Caused by: ReferenceError: Cannot access 'mockSupabaseInstance' before initialization
 Γ¥» tests/pages/ProfilePage.test.jsx:43:13
 Γ¥» src/pages/ProfilePage.jsx:43:1

ΓÄ»ΓÄ»ΓÄ»ΓÄ»ΓÄ»ΓÄ»ΓÄ»ΓÄ»ΓÄ»ΓÄ»ΓÄ»ΓÄ»ΓÄ»ΓÄ»ΓÄ»ΓÄ»ΓÄ»ΓÄ»ΓÄ»ΓÄ»ΓÄ»ΓÄ»ΓÄ»[1/14]ΓÄ»


ΓÄ»ΓÄ»ΓÄ»ΓÄ»ΓÄ»ΓÄ» Failed Tests 13 ΓÄ»ΓÄ»ΓÄ»ΓÄ»ΓÄ»ΓÄ»ΓÄ»

 FAIL  tests/pages/MyPlanPage.test.jsx > MyPlanPage Component > Component Rendering and Initial State > renders the page title and header correctly
TestingLibraryElementError: Unable to find an element with the text: YOUR PLAN. This could be because the text is broken up by multiple elements. In this case, you can provide a function for your text matcher to make your matcher more flexible.

Ignored nodes: comments, script, style
<body>
  <div
    id="modal-root"
  />
  <div>
    <div
      class="my-plan-container"
    >
      <div
        style="display: grid; grid-template-columns: 44px 1fr 44px; align-items: center; margin-bottom: 2rem;"
      >
        <button
          aria-label="Back"
          style="background: none; border: medium; color: white; cursor: pointer; padding: 0px;"
          type="button"
        >
          <svg
            aria-hidden="true"
            class="lucide lucide-arrow-left"
            fill="none"
            height="28"
            stroke="currentColor"
            stroke-linecap="round"
            stroke-linejoin="round"
            stroke-width="2"
            viewBox="0 0 24 24"
            width="28"
            xmlns="http://www.w3.org/2000/svg"
          >
            <path
              d="m12 19-7-7 7-7"
            />
            <path
              d="M19 12H5"
            />
          </svg>
        </button>
        <div
          style="display: flex; align-items: center; justify-content: center; gap: 0.5rem;"
        >
          <svg
            aria-hidden="true"
            class="lucide lucide-clipboard-list"
            fill="none"
            height="28"
            stroke="var(--accent-color)"
            stroke-linecap="round"
            stroke-linejoin="round"
            stroke-width="2"
            viewBox="0 0 24 24"
            width="28"
            xmlns="http://www.w3.org/2000/svg"
          >
            <rect
              height="4"
              rx="1"
              ry="1"
              width="8"
              x="8"
              y="2"
            />
            <path
              d="M16 4h2a2 2 0 0 1 2 2v14a2 2 0 0 1-2 2H6a2 2 0 0 1-2-2V6a2 2 0 0 1 2-2h2"
            />
            <path
              d="M12 11h4"
            />
            <path
              d="M12 16h4"
            />
            <path
              d="M8 11h.01"
            />
            <path
              d="M8 16h.01"
            />
          </svg>
          <h1
            style="font-size: 1.75rem; font-weight: 800; margin: 0px;"
          >
            My Plan
          </h1>
        </div>
        <div />
      </div>
      <div
        class="loading-message"
      >
        Loading your plan information...
      </div>
    </div>
  </div>
</body>
 Γ¥» Object.getElementError node_modules/@testing-library/dom/dist/config.js:37:19
 Γ¥» node_modules/@testing-library/dom/dist/query-helpers.js:76:38
 Γ¥» node_modules/@testing-library/dom/dist/query-helpers.js:52:17
 Γ¥» node_modules/@testing-library/dom/dist/query-helpers.js:95:19
 Γ¥» tests/pages/MyPlanPage.test.jsx:210:21
    208| 
    209|       expect(screen.getByText('My Plan')).toBeInTheDocument();
    210|       expect(screen.getByText('YOUR PLAN')).toBeInTheDocument();
       |                     ^
    211|       await waitFor(() => {
    212|         expect(screen.getByText('test@example.com')).toBeInTheDocumentΓÇª

ΓÄ»ΓÄ»ΓÄ»ΓÄ»ΓÄ»ΓÄ»ΓÄ»ΓÄ»ΓÄ»ΓÄ»ΓÄ»ΓÄ»ΓÄ»ΓÄ»ΓÄ»ΓÄ»ΓÄ»ΓÄ»ΓÄ»ΓÄ»ΓÄ»ΓÄ»ΓÄ»[2/14]ΓÄ»

 FAIL  tests/pages/MyPlanPage.test.jsx > MyPlanPage Component > Component Rendering and Initial State > renders settings button
TestingLibraryElementError: Unable to find role="button" and name `/settings/i`

Ignored nodes: comments, script, style
<body>
  <div>
    <div
      class="my-plan-container"
    >
      <div
        style="display: grid; grid-template-columns: 44px 1fr 44px; align-items: center; margin-bottom: 2rem;"
      >
        <button
          aria-label="Back"
          style="background: none; border: medium; color: white; cursor: pointer; padding: 0px;"
          type="button"
        >
          <svg
            aria-hidden="true"
            class="lucide lucide-arrow-left"
            fill="none"
            height="28"
            stroke="currentColor"
            stroke-linecap="round"
            stroke-linejoin="round"
            stroke-width="2"
            viewBox="0 0 24 24"
            width="28"
            xmlns="http://www.w3.org/2000/svg"
          >
            <path
              d="m12 19-7-7 7-7"
            />
            <path
              d="M19 12H5"
            />
          </svg>
        </button>
        <div
          style="display: flex; align-items: center; justify-content: center; gap: 0.5rem;"
        >
          <svg
            aria-hidden="true"
            class="lucide lucide-clipboard-list"
            fill="none"
            height="28"
            stroke="var(--accent-color)"
            stroke-linecap="round"
            stroke-linejoin="round"
            stroke-width="2"
            viewBox="0 0 24 24"
            width="28"
            xmlns="http://www.w3.org/2000/svg"
          >
            <rect
              height="4"
              rx="1"
              ry="1"
              width="8"
              x="8"
              y="2"
            />
            <path
              d="M16 4h2a2 2 0 0 1 2 2v14a2 2 0 0 1-2 2H6a2 2 0 0 1-2-2V6a2 2 0 0 1 2-2h2"
            />
            <path
              d="M12 11h4"
            />
            <path
              d="M12 16h4"
            />
            <path
              d="M8 11h.01"
            />
            <path
              d="M8 16h.01"
            />
          </svg>
          <h1
            style="font-size: 1.75rem; font-weight: 800; margin: 0px;"
          >
            My Plan
          </h1>
        </div>
        <div />
      </div>
      <div
        class="plan-header"
      >
        <h2>
          YOUR PLAN
        </h2>
        <p>
          test@example.com
        </p>
        <div
          class="user-id-section"
        >
          <span>
            User ID:
          </span>
          <button
            class="user-id-toggle"
            title="Show User ID"
          >
            <svg
              aria-hidden="true"
              class="lucide lucide-eye"
              fill="none"
              height="16"
              stroke="currentColor"
              stroke-linecap="round"
              stroke-linejoin="round"
              stroke-width="2"
              viewBox="0 0 24 24"
              width="16"
              xmlns="http://www.w3.org/2000/svg"
            >
              <path
                d="M2.062 12.348a1 1 0 0 1 0-.696 10.75 10.75 0 0 1 19.876 0 1 1 0 0 1 0 .696 10.75 10.75 0 0 1-19.876 0"
              />
              <circle
                cx="12"
                cy="12"
                r="3"
              />
            </svg>
          </button>
        </div>
      </div>
      <div
        class="plans-grid"
      >
        <div
          class="plan-card current-plan"
        >
          <div
            class="plan-icon"
          >
            <svg
              aria-hidden="true"
              class="lucide lucide-diamond"
              fill="none"
              height="24"
              stroke="currentColor"
              stroke-linecap="round"
              stroke-linejoin="round"
              stroke-width="2"
              viewBox="0 0 24 24"
              width="24"
              xmlns="http://www.w3.org/2000/svg"
            >
              <path
                d="M2.7 10.3a2.41 2.41 0 0 0 0 3.41l7.59 7.59a2.41 2.41 0 0 0 3.41 0l7.59-7.59a2.41 2.41 0 0 0 0-3.41l-7.59-7.59a2.41 2.41 0 0 0-3.41 0Z"
              />
            </svg>
          </div>
          <div
            class="plan-details"
          >
            <h3>
              $100 LIFETIME
            </h3>
            <p>
              All-Access Pass, One-Time Fee
            </p>
          </div>
          <button
            class="plan-button current"
          >
            Current Plan
          </button>
        </div>
        <div
          class="plan-card "
        >
          <div
            class="plan-icon"
          >
            <svg
              aria-hidden="true"
              class="lucide lucide-shield-check"
              fill="none"
              height="24"
              stroke="currentColor"
              stroke-linecap="round"
              stroke-linejoin="round"
              stroke-width="2"
              viewBox="0 0 24 24"
              width="24"
              xmlns="http://www.w3.org/2000/svg"
            >
              <path
                d="M20 13c0 5-3.5 7.5-7.66 8.95a1 1 0 0 1-.67-.01C7.5 20.5 4 18 4 13V6a1 1 0 0 1 1-1c2 0 4.5-1.2 6.24-2.72a1.17 1.17 0 0 1 1.52 0C14.51 3.81 17 5 19 5a1 1 0 0 1 1 1z"
              />
              <path
                d="m9 12 2 2 4-4"
              />
            </svg>
          </div>
          <div
            class="plan-details"
          >
            <h3>
              FREE - SPONSORED
            </h3>
            <p>
              Full Access ΓÇó Community Support
            </p>
          </div>
          <button
            class="plan-button "
          >
            Upgrade Now
          </button>
        </div>
        <div
          class="plan-card "
        >
          <div
            class="plan-icon"
          >
            <svg
              aria-hidden="true"
              class="lucide lucide-zap"
              fill="none"
              height="24"
              stroke="currentColor"
              stroke-linecap="round"
              stroke-linejoin="round"
              stroke-width="2"
              viewBox="0 0 24 24"
              width="24"
              xmlns="http://www.w3.org/2000/svg"
            >
              <path
                d="M4 14a1 1 0 0 1-.78-1.63l9.9-10.2a.5.5 0 0 1 .86.46l-1.92 6.02A1 1 0 0 0 13 10h7a1 1 0 0 1 .78 1.63l-9.9 10.2a.5.5 0 0 1-.86-.46l1.92-6.02A1 1 0 0 0 11 14z"
              />
            </svg>
          </div>
          <div
            class="plan-details"
          >
            <h3>
              FREE (INCOME BASED)
            </h3>
            <p>
              Full Access, Based on Eligibility
            </p>
          </div>
          <button
            class="plan-button "
          >
            Upgrade Now
          </button>
        </div>
        <div
          class="plan-card "
        >
          <div
            class="plan-icon"
          >
            <svg
              aria-hidden="true"
              class="lucide lucide-key"
              fill="none"
              height="24"
              stroke="currentColor"
              stroke-linecap="round"
              stroke-linejoin="round"
              stroke-width="2"
              viewBox="0 0 24 24"
              width="24"
              xmlns="http://www.w3.org/2000/svg"
            >
              <path
                d="m15.5 7.5 2.3 2.3a1 1 0 0 0 1.4 0l2.1-2.1a1 1 0 0 0 0-1.4L19 4"
              />
              <path
                d="m21 2-9.6 9.6"
              />
              <circle
                cx="7.5"
                cy="15.5"
                r="5.5"
              />
            </svg>
          </div>
          <div
            class="plan-details"
          >
            <h3>
              FREE (90 DAYS)
            </h3>
            <p>
              Full Access, Limited Time
            </p>
          </div>
          <button
            class="plan-button "
          >
            Upgrade Now
          </button>
        </div>
        <div
          class="plan-card "
        >
          <div
            class="plan-icon"
          >
            <svg
              aria-hidden="true"
              class="lucide lucide-dollar-sign"
              fill="none"
              height="24"
              stroke="currentColor"
              stroke-linecap="round"
              stroke-linejoin="round"
              stroke-width="2"
              viewBox="0 0 24 24"
              width="24"
              xmlns="http://www.w3.org/2000/svg"
            >
              <line
                x1="12"
                x2="12"
                y1="2"
                y2="22"
              />
              <path
                d="M17 5H9.5a3.5 3.5 0 0 0 0 7h5a3.5 3.5 0 0 1 0 7H6"
              />
            </svg>
          </div>
          <div
            class="plan-details"
          >
            <h3>
              $10 / MONTH
            </h3>
            <p>
              Full Access + Bonus Content
            </p>
          </div>
          <button
            class="plan-button "
          >
            Upgrade Now
          </button>
        </div>
        <div
          class="plan-card "
        >
          <div
            class="plan-icon"
          >
            <svg
              aria-hidden="true"
              class="lucide lucide-clipboard-list"
              fill="none"
              height="24"
              stroke="currentColor"
              stroke-linecap="round"
              stroke-linejoin="round"
              stroke-width="2"
              viewBox="0 0 24 24"
              width="24"
              xmlns="http://www.w3.org/2000/svg"
            >
              <rect
                height="4"
                rx="1"
                ry="1"
                width="8"
                x="8"
                y="2"
              />
              <path
                d="M16 4h2a2 2 0 0 1 2 2v14a2 2 0 0 1-2 2H6a2 2 0 0 1-2-2V6a2 2 0 0 1 2-2h2"
              />
              <path
                d="M12 11h4"
              />
              <path
                d="M12 16h4"
              />
              <path
                d="M8 11h.01"
              />
              <path
                d="M8 16h.01"
              />
            </svg>
          </div>
          <div
            class="plan-details"
          >
            <h3>
              $100 / MONTH
            </h3>
            <p>
              1-on-1 Training + Full Access
            </p>
          </div>
          <button
            class="plan-button "
          >
            Upgrade Now
          </button>
        </div>
      </div>
      <p
        class="footer-blurb"
      >
        Every plan is built to support your comeback. Choose what fuels you.
      </p>
      <button
        class="settings-button"
      >
        <svg
          aria-hidden="true"
          class="lucide lucide-settings"
          fill="none"
          height="24"
          stroke="currentColor"
          stroke-linecap="round"
          stroke-linejoin="round"
          stroke-width="2"
          viewBox="0 0 24 24"
          width="24"
          xmlns="http://www.w3.org/2000/svg"
        >
          <path
            d="M9.671 4.136a2.34 2.34 0 0 1 4.659 0 2.34 2.34 0 0 0 3.319 1.915 2.34 2.34 0 0 1 2.33 4.033 2.34 2.34 0 0 0 0 3.831 2.34 2.34 0 0 1-2.33 4.033 2.34 2.34 0 0 0-3.319 1.915 2.34 2.34 0 0 1-4.659 0 2.34 2.34 0 0 0-3.32-1.915 2.34 2.34 0 0 1-2.33-4.033 2.34 2.34 0 0 0 0-3.831A2.34 2.34 0 0 1 6.35 6.051a2.34 2.34 0 0 0 3.319-1.915"
          />
          <circle
            cx="12"
            cy="12"
            r="3"
          />
        </svg>
      </button>
    </div>
  </div>
</body>

Ignored nodes: comments, script, style
<html>
  <head />
  <body>
    <div>
      <div
        class="my-plan-container"
      >
        <div
          style="display: grid; grid-template-columns: 44px 1fr 44px; align-items: center; margin-bottom: 2rem;"
        >
          <button
            aria-label="Back"
            style="background: none; border: medium; color: white; cursor: pointer; padding: 0px;"
            type="button"
          >
            <svg
              aria-hidden="true"
              class="lucide lucide-arrow-left"
              fill="none"
              height="28"
              stroke="currentColor"
              stroke-linecap="round"
              stroke-linejoin="round"
              stroke-width="2"
              viewBox="0 0 24 24"
              width="28"
              xmlns="http://www.w3.org/2000/svg"
            >
              <path
                d="m12 19-7-7 7-7"
              />
              <path
                d="M19 12H5"
              />
            </svg>
          </button>
          <div
            style="display: flex; align-items: center; justify-content: center; gap: 0.5rem;"
          >
            <svg
              aria-hidden="true"
              class="lucide lucide-clipboard-list"
              fill="none"
              height="28"
              stroke="var(--accent-color)"
              stroke-linecap="round"
              stroke-linejoin="round"
              stroke-width="2"
              viewBox="0 0 24 24"
              width="28"
              xmlns="http://www.w3.org/2000/svg"
            >
              <rect
                height="4"
                rx="1"
                ry="1"
                width="8"
                x="8"
                y="2"
              />
              <path
                d="M16 4h2a2 2 0 0 1 2 2v14a2 2 0 0 1-2 2H6a2 2 0 0 1-2-2V6a2 2 0 0 1 2-2h2"
              />
              <path
                d="M12 11h4"
              />
              <path
                d="M12 16h4"
              />
              <path
                d="M8 11h.01"
              />
              <path
                d="M8 16h.01"
              />
            </svg>
            <h1
              style="font-size: 1.75rem; font-weight: 800; margin: 0px;"
            >
              My Plan
            </h1>
          </div>
          <div />
        </div>
        <div
          class="plan-header"
        >
          <h2>
            YOUR PLAN
          </h2>
          <p>
            test@example.com
          </p>
          <div
            class="user-id-section"
          >
            <span>
              User ID:
            </span>
            <button
              class="user-id-toggle"
              title="Show User ID"
            >
              <svg
                aria-hidden="true"
                class="lucide lucide-eye"
                fill="none"
                height="16"
                stroke="currentColor"
                stroke-linecap="round"
                stroke-linejoin="round"
                stroke-width="2"
                viewBox="0 0 24 24"
                width="16"
                xmlns="http://www.w3.org/2000/svg"
              >
                <path
                  d="M2.062 12.348a1 1 0 0 1 0-.696 10.75 10.75 0 0 1 19.876 0 1 1 0 0 1 0 .696 10.75 10.75 0 0 1-19.876 0"
                />
                <circle
                  cx="12"
                  cy="12"
                  r="3"
                />
              </svg>
            </button>
          </div>
        </div>
        <div
          class="plans-grid"
        >
          <div
            class="plan-card current-plan"
          >
            <div
              class="plan-icon"
            >
              <svg
                aria-hidden="true"
                class="lucide lucide-diamond"
                fill="none"
                height="24"
                stroke="currentColor"
                stroke-linecap="round"
                stroke-linejoin="round"
                stroke-width="2"
                viewBox="0 0 24 24"
                width="24"
                xmlns="http://www.w3.org/2000/svg"
              >
                <path
                  d="M2.7 10.3a2.41 2.41 0 0 0 0 3.41l7.59 7.59a2.41 2.41 0 0 0 3.41 0l7.59-7.59a2.41 2.41 0 0 0 0-3.41l-7.59-7.59a2.41 2.41 0 0 0-3.41 0Z"
                />
              </svg>
            </div>
            <div
              class="plan-details"
            >
              <h3>
                $100 LIFETIME
              </h3>
              <p>
                All-Access Pass, One-Time Fee
              </p>
            </div>
            <button
              class="plan-button current"
            >
              Current Plan
            </button>
          </div>
          <div
            class="plan-card "
          >
            <div
              class="plan-icon"
            >
              <svg
                aria-hidden="true"
                class="lucide lucide-shield-check"
                fill="none"
                height="24"
                stroke="currentColor"
                stroke-linecap="round"
                stroke-linejoin="round"
                stroke-width="2"
                viewBox="0 0 24 24"
                width="24"
                xmlns="http://www.w3.org/2000/svg"
              >
                <path
                  d="M20 13c0 5-3.5 7.5-7.66 8.95a1 1 0 0 1-.67-.01C7.5 20.5 4 18 4 13V6a1 1 0 0 1 1-1c2 0 4.5-1.2 6.24-2.72a1.17 1.17 0 0 1 1.52 0C14.51 3.81 17 5 19 5a1 1 0 0 1 1 1z"
                />
                <path
                  d="m9 12 2 2 4-4"
                />
              </svg>
            </div>
            <div
              class="plan-details"
            >
              <h3>
                FREE - SPONSORED
              </h3>
              <p>
                Full Access ΓÇó Community Support
              </p>
            </div>
            <button
              class="plan-button "
            >
              Upgrade Now
            </button>
          </div>
          <div
            class="plan-card "
          >
            <div
              class="plan-icon"
            >
              <svg
                aria-hidden="true"
                class="lucide lucide-zap"
                fill="none"
                height="24"
                stroke="currentColor"
                stroke-linecap="round"
                stroke-linejoin="round"
                stroke-width="2"
                viewBox="0 0 24 24"
                width="24"
                xmlns="http://www.w3.org/2000/svg"
              >
                <path
                  d="M4 14a1 1 0 0 1-.78-1.63l9.9-10.2a.5.5 0 0 1 .86.46l-1.92 6.02A1 1 0 0 0 13 10h7a1 1 0 0 1 .78 1.63l-9.9 10.2a.5.5 0 0 1-.86-.46l1.92-6.02A1 1 0 0 0 11 14z"
                />
              </svg>
            </div>
            <div
              class="plan-details"
            >
              <h3>
                FREE (INCOME BASED)
              </h3>
              <p>
                Full Access, Based on Eligibility
              </p>
            </div>
            <button
              class="plan-button "
            >
              Upgrade Now
            </button>
          </div>
          <div
            class="plan-card "
          >
            <div
              class="plan-icon"
            >
              <svg
                aria-hidden="true"
                class="lucide lucide-key"
                fill="none"
                height="24"
                stroke="currentColor"
                stroke-linecap="round"
                stroke-linejoin="round"
                stroke-width="2"
                viewBox="0 0 24 24"
                width="24"
                xmlns="http://www.w3.org/2000/svg"
              >
                <path
                  d="m15.5 7.5 2.3 2.3a1 1 0 0 0 1.4 0l2.1-2.1a1 1 0 0 0 0-1.4L19 4"
                />
                <path
                  d="m21 2-9.6 9.6"
                />
                <circle
                  cx="7.5"
                  cy="15.5"
                  r="5.5"
                />
              </svg>
            </div>
            <div
              class="plan-details"
            >
              <h3>
                FREE (90 DAYS)
              </h3>
              <p>
                Full Access, Limited Time
              </p>
            </div>
            <button
              class="plan-button "
            >
              Upgrade Now
            </button>
          </div>
          <div
            class="plan-card "
          >
            <div
              class="plan-icon"
            >
              <svg
                aria-hidden="true"
                class="lucide lucide-dollar-sign"
                fill="none"
                height="24"
                stroke="currentColor"
                stroke-linecap="round"
                stroke-linejoin="round"
                stroke-width="2"
                viewBox="0 0 24 24"
                width="24"
                xmlns="http://www.w3.org/2000/svg"
              >
                <line
                  x1="12"
                  x2="12"
                  y1="2"
                  y2="22"
                />
                <path
                  d="M17 5H9.5a3.5 3.5 0 0 0 0 7h5a3.5 3.5 0 0 1 0 7H6"
                />
              </svg>
            </div>
            <div
              class="plan-details"
            >
              <h3>
                $10 / MONTH
              </h3>
              <p>
                Full Access + Bonus Content
              </p>
            </div>
            <button
              class="plan-button "
            >
              Upgrade Now
            </button>
          </div>
          <div
            class="plan-card "
          >
            <div
              class="plan-icon"
            >
              <svg
                aria-hidden="true"
                class="lucide lucide-clipboard-list"
                fill="none"
                height="24"
                stroke="currentColor"
                stroke-linecap="round"
                stroke-linejoin="round"
                stroke-width="2"
                viewBox="0 0 24 24"
                width="24"
                xmlns="http://www.w3.org/2000/svg"
              >
                <rect
                  height="4"
                  rx="1"
                  ry="1"
                  width="8"
                  x="8"
                  y="2"
                />
                <path
                  d="M16 4h2a2 2 0 0 1 2 2v14a2 2 0 0 1-2 2H6a2 2 0 0 1-2-2V6a2 2 0 0 1 2-2h2"
                />
                <path
                  d="M12 11h4"
                />
                <path
                  d="M12 16h4"
                />
                <path
                  d="M8 11h.01"
                />
                <path
                  d="M8 16h.01"
                />
              </svg>
            </div>
            <div
              class="plan-details"
            >
              <h3>
                $100 / MONTH
              </h3>
              <p>
                1-on-1 Training + Full Access
              </p>
            </div>
            <button
              class="plan-button "
            >
              Upgrade Now
            </button>
          </div>
        </div>
        <p
          class="footer-blurb"
        >
          Every plan is built to support your comeback. Choose what fuels you.
        </p>
        <button
          class="settings-button"
        >
          <svg
            aria-hidden="true"
            class="lucide lucide-settings"
            fill="none"
            height="24"
            stroke="currentColor"
            stroke-linecap="round"
            stroke-linejoin="round"
            stroke-width="2"
            viewBox="0 0 24 24"
            width="24"
            xmlns="http://www.w3.org/2000/svg"
          >
            <path
              d="M9.671 4.136a2.34 2.34 0 0 1 4.659 0 2.34 2.34 0 0 0 3.319 1.915 2.34 2.34 0 0 1 2.33 4.033 2.34 2.34 0 0 0 0 3.831 2.34 2.34 0 0 1-2.33 4.033 2.34 2.34 0 0 0-3.319 1.915 2.34 2.34 0 0 1-4.659 0 2.34 2.34 0 0 0-3.32-1.915 2.34 2.34 0 0 1-2.33-4.033 2.34 2.34 0 0 0 0-3.831A2.34 2.34 0 0 1 6.35 6.051a2.34 2.34 0 0 0 3.319-1.915"
            />
            <circle
              cx="12"
              cy="12"
              r="3"
            />
          </svg>
        </button>
      </div>
    </div>
  </body>
</html>
 Γ¥» Proxy.waitForWrapper node_modules/@testing-library/dom/dist/wait-for.js:163:27
 Γ¥» tests/pages/MyPlanPage.test.jsx:266:13
    264|       );
    265| 
    266|       await waitFor(() => {
       |             ^
    267|         expect(screen.getByRole('button', { name: /settings/i })).toBeΓÇª
    268|       });

ΓÄ»ΓÄ»ΓÄ»ΓÄ»ΓÄ»ΓÄ»ΓÄ»ΓÄ»ΓÄ»ΓÄ»ΓÄ»ΓÄ»ΓÄ»ΓÄ»ΓÄ»ΓÄ»ΓÄ»ΓÄ»ΓÄ»ΓÄ»ΓÄ»ΓÄ»ΓÄ»[3/14]ΓÄ»

 FAIL  tests/pages/MyPlanPage.test.jsx > MyPlanPage Component > Plans Data Loading and Display > loads user profile data from Supabase on mount
AssertionError: expected "vi.fn()" to be called with arguments: [ 'user_profiles' ]

Received: 

  1st vi.fn() call:

  [
-   "user_profiles",
+   "plans",
  ]


Number of calls: 1

 Γ¥» tests/pages/MyPlanPage.test.jsx:300:29
    298|       );
    299| 
    300|       expect(supabase.from).toHaveBeenCalledWith('user_profiles');
       |                             ^
    301|       expect(mockSelect).toHaveBeenCalledWith('*');
    302|       expect(mockEq).toHaveBeenCalledWith('user_id', '13564e60-efe2-4bΓÇª

ΓÄ»ΓÄ»ΓÄ»ΓÄ»ΓÄ»ΓÄ»ΓÄ»ΓÄ»ΓÄ»ΓÄ»ΓÄ»ΓÄ»ΓÄ»ΓÄ»ΓÄ»ΓÄ»ΓÄ»ΓÄ»ΓÄ»ΓÄ»ΓÄ»ΓÄ»ΓÄ»[4/14]ΓÄ»

 FAIL  tests/pages/MyPlanPage.test.jsx > MyPlanPage Component > Settings Modal Functionality > opens settings modal when settings button is clicked
TestingLibraryElementError: Unable to find role="button" and name `/settings/i`

Ignored nodes: comments, script, style
<body>
  <div>
    <div
      class="my-plan-container"
    >
      <div
        style="display: grid; grid-template-columns: 44px 1fr 44px; align-items: center; margin-bottom: 2rem;"
      >
        <button
          aria-label="Back"
          style="background: none; border: medium; color: white; cursor: pointer; padding: 0px;"
          type="button"
        >
          <svg
            aria-hidden="true"
            class="lucide lucide-arrow-left"
            fill="none"
            height="28"
            stroke="currentColor"
            stroke-linecap="round"
            stroke-linejoin="round"
            stroke-width="2"
            viewBox="0 0 24 24"
            width="28"
            xmlns="http://www.w3.org/2000/svg"
          >
            <path
              d="m12 19-7-7 7-7"
            />
            <path
              d="M19 12H5"
            />
          </svg>
        </button>
        <div
          style="display: flex; align-items: center; justify-content: center; gap: 0.5rem;"
        >
          <svg
            aria-hidden="true"
            class="lucide lucide-clipboard-list"
            fill="none"
            height="28"
            stroke="var(--accent-color)"
            stroke-linecap="round"
            stroke-linejoin="round"
            stroke-width="2"
            viewBox="0 0 24 24"
            width="28"
            xmlns="http://www.w3.org/2000/svg"
          >
            <rect
              height="4"
              rx="1"
              ry="1"
              width="8"
              x="8"
              y="2"
            />
            <path
              d="M16 4h2a2 2 0 0 1 2 2v14a2 2 0 0 1-2 2H6a2 2 0 0 1-2-2V6a2 2 0 0 1 2-2h2"
            />
            <path
              d="M12 11h4"
            />
            <path
              d="M12 16h4"
            />
            <path
              d="M8 11h.01"
            />
            <path
              d="M8 16h.01"
            />
          </svg>
          <h1
            style="font-size: 1.75rem; font-weight: 800; margin: 0px;"
          >
            My Plan
          </h1>
        </div>
        <div />
      </div>
      <div
        class="plan-header"
      >
        <h2>
          YOUR PLAN
        </h2>
        <p>
          test@example.com
        </p>
        <div
          class="user-id-section"
        >
          <span>
            User ID:
          </span>
          <button
            class="user-id-toggle"
            title="Show User ID"
          >
            <svg
              aria-hidden="true"
              class="lucide lucide-eye"
              fill="none"
              height="16"
              stroke="currentColor"
              stroke-linecap="round"
              stroke-linejoin="round"
              stroke-width="2"
              viewBox="0 0 24 24"
              width="16"
              xmlns="http://www.w3.org/2000/svg"
            >
              <path
                d="M2.062 12.348a1 1 0 0 1 0-.696 10.75 10.75 0 0 1 19.876 0 1 1 0 0 1 0 .696 10.75 10.75 0 0 1-19.876 0"
              />
              <circle
                cx="12"
                cy="12"
                r="3"
              />
            </svg>
          </button>
        </div>
      </div>
      <div
        class="plans-grid"
      >
        <div
          class="plan-card current-plan"
        >
          <div
            class="plan-icon"
          >
            <svg
              aria-hidden="true"
              class="lucide lucide-diamond"
              fill="none"
              height="24"
              stroke="currentColor"
              stroke-linecap="round"
              stroke-linejoin="round"
              stroke-width="2"
              viewBox="0 0 24 24"
              width="24"
              xmlns="http://www.w3.org/2000/svg"
            >
              <path
                d="M2.7 10.3a2.41 2.41 0 0 0 0 3.41l7.59 7.59a2.41 2.41 0 0 0 3.41 0l7.59-7.59a2.41 2.41 0 0 0 0-3.41l-7.59-7.59a2.41 2.41 0 0 0-3.41 0Z"
              />
            </svg>
          </div>
          <div
            class="plan-details"
          >
            <h3>
              $100 LIFETIME
            </h3>
            <p>
              All-Access Pass, One-Time Fee
            </p>
          </div>
          <button
            class="plan-button current"
          >
            Current Plan
          </button>
        </div>
        <div
          class="plan-card "
        >
          <div
            class="plan-icon"
          >
            <svg
              aria-hidden="true"
              class="lucide lucide-shield-check"
              fill="none"
              height="24"
              stroke="currentColor"
              stroke-linecap="round"
              stroke-linejoin="round"
              stroke-width="2"
              viewBox="0 0 24 24"
              width="24"
              xmlns="http://www.w3.org/2000/svg"
            >
              <path
                d="M20 13c0 5-3.5 7.5-7.66 8.95a1 1 0 0 1-.67-.01C7.5 20.5 4 18 4 13V6a1 1 0 0 1 1-1c2 0 4.5-1.2 6.24-2.72a1.17 1.17 0 0 1 1.52 0C14.51 3.81 17 5 19 5a1 1 0 0 1 1 1z"
              />
              <path
                d="m9 12 2 2 4-4"
              />
            </svg>
          </div>
          <div
            class="plan-details"
          >
            <h3>
              FREE - SPONSORED
            </h3>
            <p>
              Full Access ΓÇó Community Support
            </p>
          </div>
          <button
            class="plan-button "
          >
            Upgrade Now
          </button>
        </div>
        <div
          class="plan-card "
        >
          <div
            class="plan-icon"
          >
            <svg
              aria-hidden="true"
              class="lucide lucide-zap"
              fill="none"
              height="24"
              stroke="currentColor"
              stroke-linecap="round"
              stroke-linejoin="round"
              stroke-width="2"
              viewBox="0 0 24 24"
              width="24"
              xmlns="http://www.w3.org/2000/svg"
            >
              <path
                d="M4 14a1 1 0 0 1-.78-1.63l9.9-10.2a.5.5 0 0 1 .86.46l-1.92 6.02A1 1 0 0 0 13 10h7a1 1 0 0 1 .78 1.63l-9.9 10.2a.5.5 0 0 1-.86-.46l1.92-6.02A1 1 0 0 0 11 14z"
              />
            </svg>
          </div>
          <div
            class="plan-details"
          >
            <h3>
              FREE (INCOME BASED)
            </h3>
            <p>
              Full Access, Based on Eligibility
            </p>
          </div>
          <button
            class="plan-button "
          >
            Upgrade Now
          </button>
        </div>
        <div
          class="plan-card "
        >
          <div
            class="plan-icon"
          >
            <svg
              aria-hidden="true"
              class="lucide lucide-key"
              fill="none"
              height="24"
              stroke="currentColor"
              stroke-linecap="round"
              stroke-linejoin="round"
              stroke-width="2"
              viewBox="0 0 24 24"
              width="24"
              xmlns="http://www.w3.org/2000/svg"
            >
              <path
                d="m15.5 7.5 2.3 2.3a1 1 0 0 0 1.4 0l2.1-2.1a1 1 0 0 0 0-1.4L19 4"
              />
              <path
                d="m21 2-9.6 9.6"
              />
              <circle
                cx="7.5"
                cy="15.5"
                r="5.5"
              />
            </svg>
          </div>
          <div
            class="plan-details"
          >
            <h3>
              FREE (90 DAYS)
            </h3>
            <p>
              Full Access, Limited Time
            </p>
          </div>
          <button
            class="plan-button "
          >
            Upgrade Now
          </button>
        </div>
        <div
          class="plan-card "
        >
          <div
            class="plan-icon"
          >
            <svg
              aria-hidden="true"
              class="lucide lucide-dollar-sign"
              fill="none"
              height="24"
              stroke="currentColor"
              stroke-linecap="round"
              stroke-linejoin="round"
              stroke-width="2"
              viewBox="0 0 24 24"
              width="24"
              xmlns="http://www.w3.org/2000/svg"
            >
              <line
                x1="12"
                x2="12"
                y1="2"
                y2="22"
              />
              <path
                d="M17 5H9.5a3.5 3.5 0 0 0 0 7h5a3.5 3.5 0 0 1 0 7H6"
              />
            </svg>
          </div>
          <div
            class="plan-details"
          >
            <h3>
              $10 / MONTH
            </h3>
            <p>
              Full Access + Bonus Content
            </p>
          </div>
          <button
            class="plan-button "
          >
            Upgrade Now
          </button>
        </div>
        <div
          class="plan-card "
        >
          <div
            class="plan-icon"
          >
            <svg
              aria-hidden="true"
              class="lucide lucide-clipboard-list"
              fill="none"
              height="24"
              stroke="currentColor"
              stroke-linecap="round"
              stroke-linejoin="round"
              stroke-width="2"
              viewBox="0 0 24 24"
              width="24"
              xmlns="http://www.w3.org/2000/svg"
            >
              <rect
                height="4"
                rx="1"
                ry="1"
                width="8"
                x="8"
                y="2"
              />
              <path
                d="M16 4h2a2 2 0 0 1 2 2v14a2 2 0 0 1-2 2H6a2 2 0 0 1-2-2V6a2 2 0 0 1 2-2h2"
              />
              <path
                d="M12 11h4"
              />
              <path
                d="M12 16h4"
              />
              <path
                d="M8 11h.01"
              />
              <path
                d="M8 16h.01"
              />
            </svg>
          </div>
          <div
            class="plan-details"
          >
            <h3>
              $100 / MONTH
            </h3>
            <p>
              1-on-1 Training + Full Access
            </p>
          </div>
          <button
            class="plan-button "
          >
            Upgrade Now
          </button>
        </div>
      </div>
      <p
        class="footer-blurb"
      >
        Every plan is built to support your comeback. Choose what fuels you.
      </p>
      <button
        class="settings-button"
      >
        <svg
          aria-hidden="true"
          class="lucide lucide-settings"
          fill="none"
          height="24"
          stroke="currentColor"
          stroke-linecap="round"
          stroke-linejoin="round"
          stroke-width="2"
          viewBox="0 0 24 24"
          width="24"
          xmlns="http://www.w3.org/2000/svg"
        >
          <path
            d="M9.671 4.136a2.34 2.34 0 0 1 4.659 0 2.34 2.34 0 0 0 3.319 1.915 2.34 2.34 0 0 1 2.33 4.033 2.34 2.34 0 0 0 0 3.831 2.34 2.34 0 0 1-2.33 4.033 2.34 2.34 0 0 0-3.319 1.915 2.34 2.34 0 0 1-4.659 0 2.34 2.34 0 0 0-3.32-1.915 2.34 2.34 0 0 1-2.33-4.033 2.34 2.34 0 0 0 0-3.831A2.34 2.34 0 0 1 6.35 6.051a2.34 2.34 0 0 0 3.319-1.915"
          />
          <circle
            cx="12"
            cy="12"
            r="3"
          />
        </svg>
      </button>
    </div>
  </div>
</body>

Ignored nodes: comments, script, style
<html>
  <head />
  <body>
    <div>
      <div
        class="my-plan-container"
      >
        <div
          style="display: grid; grid-template-columns: 44px 1fr 44px; align-items: center; margin-bottom: 2rem;"
        >
          <button
            aria-label="Back"
            style="background: none; border: medium; color: white; cursor: pointer; padding: 0px;"
            type="button"
          >
            <svg
              aria-hidden="true"
              class="lucide lucide-arrow-left"
              fill="none"
              height="28"
              stroke="currentColor"
              stroke-linecap="round"
              stroke-linejoin="round"
              stroke-width="2"
              viewBox="0 0 24 24"
              width="28"
              xmlns="http://www.w3.org/2000/svg"
            >
              <path
                d="m12 19-7-7 7-7"
              />
              <path
                d="M19 12H5"
              />
            </svg>
          </button>
          <div
            style="display: flex; align-items: center; justify-content: center; gap: 0.5rem;"
          >
            <svg
              aria-hidden="true"
              class="lucide lucide-clipboard-list"
              fill="none"
              height="28"
              stroke="var(--accent-color)"
              stroke-linecap="round"
              stroke-linejoin="round"
              stroke-width="2"
              viewBox="0 0 24 24"
              width="28"
              xmlns="http://www.w3.org/2000/svg"
            >
              <rect
                height="4"
                rx="1"
                ry="1"
                width="8"
                x="8"
                y="2"
              />
              <path
                d="M16 4h2a2 2 0 0 1 2 2v14a2 2 0 0 1-2 2H6a2 2 0 0 1-2-2V6a2 2 0 0 1 2-2h2"
              />
              <path
                d="M12 11h4"
              />
              <path
                d="M12 16h4"
              />
              <path
                d="M8 11h.01"
              />
              <path
                d="M8 16h.01"
              />
            </svg>
            <h1
              style="font-size: 1.75rem; font-weight: 800; margin: 0px;"
            >
              My Plan
            </h1>
          </div>
          <div />
        </div>
        <div
          class="plan-header"
        >
          <h2>
            YOUR PLAN
          </h2>
          <p>
            test@example.com
          </p>
          <div
            class="user-id-section"
          >
            <span>
              User ID:
            </span>
            <button
              class="user-id-toggle"
              title="Show User ID"
            >
              <svg
                aria-hidden="true"
                class="lucide lucide-eye"
                fill="none"
                height="16"
                stroke="currentColor"
                stroke-linecap="round"
                stroke-linejoin="round"
                stroke-width="2"
                viewBox="0 0 24 24"
                width="16"
                xmlns="http://www.w3.org/2000/svg"
              >
                <path
                  d="M2.062 12.348a1 1 0 0 1 0-.696 10.75 10.75 0 0 1 19.876 0 1 1 0 0 1 0 .696 10.75 10.75 0 0 1-19.876 0"
                />
                <circle
                  cx="12"
                  cy="12"
                  r="3"
                />
              </svg>
            </button>
          </div>
        </div>
        <div
          class="plans-grid"
        >
          <div
            class="plan-card current-plan"
          >
            <div
              class="plan-icon"
            >
              <svg
                aria-hidden="true"
                class="lucide lucide-diamond"
                fill="none"
                height="24"
                stroke="currentColor"
                stroke-linecap="round"
                stroke-linejoin="round"
                stroke-width="2"
                viewBox="0 0 24 24"
                width="24"
                xmlns="http://www.w3.org/2000/svg"
              >
                <path
                  d="M2.7 10.3a2.41 2.41 0 0 0 0 3.41l7.59 7.59a2.41 2.41 0 0 0 3.41 0l7.59-7.59a2.41 2.41 0 0 0 0-3.41l-7.59-7.59a2.41 2.41 0 0 0-3.41 0Z"
                />
              </svg>
            </div>
            <div
              class="plan-details"
            >
              <h3>
                $100 LIFETIME
              </h3>
              <p>
                All-Access Pass, One-Time Fee
              </p>
            </div>
            <button
              class="plan-button current"
            >
              Current Plan
            </button>
          </div>
          <div
            class="plan-card "
          >
            <div
              class="plan-icon"
            >
              <svg
                aria-hidden="true"
                class="lucide lucide-shield-check"
                fill="none"
                height="24"
                stroke="currentColor"
                stroke-linecap="round"
                stroke-linejoin="round"
                stroke-width="2"
                viewBox="0 0 24 24"
                width="24"
                xmlns="http://www.w3.org/2000/svg"
              >
                <path
                  d="M20 13c0 5-3.5 7.5-7.66 8.95a1 1 0 0 1-.67-.01C7.5 20.5 4 18 4 13V6a1 1 0 0 1 1-1c2 0 4.5-1.2 6.24-2.72a1.17 1.17 0 0 1 1.52 0C14.51 3.81 17 5 19 5a1 1 0 0 1 1 1z"
                />
                <path
                  d="m9 12 2 2 4-4"
                />
              </svg>
            </div>
            <div
              class="plan-details"
            >
              <h3>
                FREE - SPONSORED
              </h3>
              <p>
                Full Access ΓÇó Community Support
              </p>
            </div>
            <button
              class="plan-button "
            >
              Upgrade Now
            </button>
          </div>
          <div
            class="plan-card "
          >
            <div
              class="plan-icon"
            >
              <svg
                aria-hidden="true"
                class="lucide lucide-zap"
                fill="none"
                height="24"
                stroke="currentColor"
                stroke-linecap="round"
                stroke-linejoin="round"
                stroke-width="2"
                viewBox="0 0 24 24"
                width="24"
                xmlns="http://www.w3.org/2000/svg"
              >
                <path
                  d="M4 14a1 1 0 0 1-.78-1.63l9.9-10.2a.5.5 0 0 1 .86.46l-1.92 6.02A1 1 0 0 0 13 10h7a1 1 0 0 1 .78 1.63l-9.9 10.2a.5.5 0 0 1-.86-.46l1.92-6.02A1 1 0 0 0 11 14z"
                />
              </svg>
            </div>
            <div
              class="plan-details"
            >
              <h3>
                FREE (INCOME BASED)
              </h3>
              <p>
                Full Access, Based on Eligibility
              </p>
            </div>
            <button
              class="plan-button "
            >
              Upgrade Now
            </button>
          </div>
          <div
            class="plan-card "
          >
            <div
              class="plan-icon"
            >
              <svg
                aria-hidden="true"
                class="lucide lucide-key"
                fill="none"
                height="24"
                stroke="currentColor"
                stroke-linecap="round"
                stroke-linejoin="round"
                stroke-width="2"
                viewBox="0 0 24 24"
                width="24"
                xmlns="http://www.w3.org/2000/svg"
              >
                <path
                  d="m15.5 7.5 2.3 2.3a1 1 0 0 0 1.4 0l2.1-2.1a1 1 0 0 0 0-1.4L19 4"
                />
                <path
                  d="m21 2-9.6 9.6"
                />
                <circle
                  cx="7.5"
                  cy="15.5"
                  r="5.5"
                />
              </svg>
            </div>
            <div
              class="plan-details"
            >
              <h3>
                FREE (90 DAYS)
              </h3>
              <p>
                Full Access, Limited Time
              </p>
            </div>
            <button
              class="plan-button "
            >
              Upgrade Now
            </button>
          </div>
          <div
            class="plan-card "
          >
            <div
              class="plan-icon"
            >
              <svg
                aria-hidden="true"
                class="lucide lucide-dollar-sign"
                fill="none"
                height="24"
                stroke="currentColor"
                stroke-linecap="round"
                stroke-linejoin="round"
                stroke-width="2"
                viewBox="0 0 24 24"
                width="24"
                xmlns="http://www.w3.org/2000/svg"
              >
                <line
                  x1="12"
                  x2="12"
                  y1="2"
                  y2="22"
                />
                <path
                  d="M17 5H9.5a3.5 3.5 0 0 0 0 7h5a3.5 3.5 0 0 1 0 7H6"
                />
              </svg>
            </div>
            <div
              class="plan-details"
            >
              <h3>
                $10 / MONTH
              </h3>
              <p>
                Full Access + Bonus Content
              </p>
            </div>
            <button
              class="plan-button "
            >
              Upgrade Now
            </button>
          </div>
          <div
            class="plan-card "
          >
            <div
              class="plan-icon"
            >
              <svg
                aria-hidden="true"
                class="lucide lucide-clipboard-list"
                fill="none"
                height="24"
                stroke="currentColor"
                stroke-linecap="round"
                stroke-linejoin="round"
                stroke-width="2"
                viewBox="0 0 24 24"
                width="24"
                xmlns="http://www.w3.org/2000/svg"
              >
                <rect
                  height="4"
                  rx="1"
                  ry="1"
                  width="8"
                  x="8"
                  y="2"
                />
                <path
                  d="M16 4h2a2 2 0 0 1 2 2v14a2 2 0 0 1-2 2H6a2 2 0 0 1-2-2V6a2 2 0 0 1 2-2h2"
                />
                <path
                  d="M12 11h4"
                />
                <path
                  d="M12 16h4"
                />
                <path
                  d="M8 11h.01"
                />
                <path
                  d="M8 16h.01"
                />
              </svg>
            </div>
            <div
              class="plan-details"
            >
              <h3>
                $100 / MONTH
              </h3>
              <p>
                1-on-1 Training + Full Access
              </p>
            </div>
            <button
              class="plan-button "
            >
              Upgrade Now
            </button>
          </div>
        </div>
        <p
          class="footer-blurb"
        >
          Every plan is built to support your comeback. Choose what fuels you.
        </p>
        <button
          class="settings-button"
        >
          <svg
            aria-hidden="true"
            class="lucide lucide-settings"
            fill="none"
            height="24"
            stroke="currentColor"
            stroke-linecap="round"
            stroke-linejoin="round"
            stroke-width="2"
            viewBox="0 0 24 24"
            width="24"
            xmlns="http://www.w3.org/2000/svg"
          >
            <path
              d="M9.671 4.136a2.34 2.34 0 0 1 4.659 0 2.34 2.34 0 0 0 3.319 1.915 2.34 2.34 0 0 1 2.33 4.033 2.34 2.34 0 0 0 0 3.831 2.34 2.34 0 0 1-2.33 4.033 2.34 2.34 0 0 0-3.319 1.915 2.34 2.34 0 0 1-4.659 0 2.34 2.34 0 0 0-3.32-1.915 2.34 2.34 0 0 1-2.33-4.033 2.34 2.34 0 0 0 0-3.831A2.34 2.34 0 0 1 6.35 6.051a2.34 2.34 0 0 0 3.319-1.915"
            />
            <circle
              cx="12"
              cy="12"
              r="3"
            />
          </svg>
        </button>
      </div>
    </div>
  </body>
</html>
 Γ¥» Proxy.waitForWrapper node_modules/@testing-library/dom/dist/wait-for.js:163:27
 Γ¥» tests/pages/MyPlanPage.test.jsx:478:13
    476|       );
    477| 
    478|       await waitFor(() => {
       |             ^
    479|         expect(screen.getByRole('button', { name: /settings/i })).toBeΓÇª
    480|       });

ΓÄ»ΓÄ»ΓÄ»ΓÄ»ΓÄ»ΓÄ»ΓÄ»ΓÄ»ΓÄ»ΓÄ»ΓÄ»ΓÄ»ΓÄ»ΓÄ»ΓÄ»ΓÄ»ΓÄ»ΓÄ»ΓÄ»ΓÄ»ΓÄ»ΓÄ»ΓÄ»[5/14]ΓÄ»

 FAIL  tests/pages/MyPlanPage.test.jsx > MyPlanPage Component > Settings Modal Functionality > closes settings modal when close button is clicked
TestingLibraryElementError: Unable to find role="button" and name `/settings/i`

Ignored nodes: comments, script, style
<body>
  <div>
    <div
      class="my-plan-container"
    >
      <div
        style="display: grid; grid-template-columns: 44px 1fr 44px; align-items: center; margin-bottom: 2rem;"
      >
        <button
          aria-label="Back"
          style="background: none; border: medium; color: white; cursor: pointer; padding: 0px;"
          type="button"
        >
          <svg
            aria-hidden="true"
            class="lucide lucide-arrow-left"
            fill="none"
            height="28"
            stroke="currentColor"
            stroke-linecap="round"
            stroke-linejoin="round"
            stroke-width="2"
            viewBox="0 0 24 24"
            width="28"
            xmlns="http://www.w3.org/2000/svg"
          >
            <path
              d="m12 19-7-7 7-7"
            />
            <path
              d="M19 12H5"
            />
          </svg>
        </button>
        <div
          style="display: flex; align-items: center; justify-content: center; gap: 0.5rem;"
        >
          <svg
            aria-hidden="true"
            class="lucide lucide-clipboard-list"
            fill="none"
            height="28"
            stroke="var(--accent-color)"
            stroke-linecap="round"
            stroke-linejoin="round"
            stroke-width="2"
            viewBox="0 0 24 24"
            width="28"
            xmlns="http://www.w3.org/2000/svg"
          >
            <rect
              height="4"
              rx="1"
              ry="1"
              width="8"
              x="8"
              y="2"
            />
            <path
              d="M16 4h2a2 2 0 0 1 2 2v14a2 2 0 0 1-2 2H6a2 2 0 0 1-2-2V6a2 2 0 0 1 2-2h2"
            />
            <path
              d="M12 11h4"
            />
            <path
              d="M12 16h4"
            />
            <path
              d="M8 11h.01"
            />
            <path
              d="M8 16h.01"
            />
          </svg>
          <h1
            style="font-size: 1.75rem; font-weight: 800; margin: 0px;"
          >
            My Plan
          </h1>
        </div>
        <div />
      </div>
      <div
        class="plan-header"
      >
        <h2>
          YOUR PLAN
        </h2>
        <p>
          test@example.com
        </p>
        <div
          class="user-id-section"
        >
          <span>
            User ID:
          </span>
          <button
            class="user-id-toggle"
            title="Show User ID"
          >
            <svg
              aria-hidden="true"
              class="lucide lucide-eye"
              fill="none"
              height="16"
              stroke="currentColor"
              stroke-linecap="round"
              stroke-linejoin="round"
              stroke-width="2"
              viewBox="0 0 24 24"
              width="16"
              xmlns="http://www.w3.org/2000/svg"
            >
              <path
                d="M2.062 12.348a1 1 0 0 1 0-.696 10.75 10.75 0 0 1 19.876 0 1 1 0 0 1 0 .696 10.75 10.75 0 0 1-19.876 0"
              />
              <circle
                cx="12"
                cy="12"
                r="3"
              />
            </svg>
          </button>
        </div>
      </div>
      <div
        class="plans-grid"
      >
        <div
          class="plan-card current-plan"
        >
          <div
            class="plan-icon"
          >
            <svg
              aria-hidden="true"
              class="lucide lucide-diamond"
              fill="none"
              height="24"
              stroke="currentColor"
              stroke-linecap="round"
              stroke-linejoin="round"
              stroke-width="2"
              viewBox="0 0 24 24"
              width="24"
              xmlns="http://www.w3.org/2000/svg"
            >
              <path
                d="M2.7 10.3a2.41 2.41 0 0 0 0 3.41l7.59 7.59a2.41 2.41 0 0 0 3.41 0l7.59-7.59a2.41 2.41 0 0 0 0-3.41l-7.59-7.59a2.41 2.41 0 0 0-3.41 0Z"
              />
            </svg>
          </div>
          <div
            class="plan-details"
          >
            <h3>
              $100 LIFETIME
            </h3>
            <p>
              All-Access Pass, One-Time Fee
            </p>
          </div>
          <button
            class="plan-button current"
          >
            Current Plan
          </button>
        </div>
        <div
          class="plan-card "
        >
          <div
            class="plan-icon"
          >
            <svg
              aria-hidden="true"
              class="lucide lucide-shield-check"
              fill="none"
              height="24"
              stroke="currentColor"
              stroke-linecap="round"
              stroke-linejoin="round"
              stroke-width="2"
              viewBox="0 0 24 24"
              width="24"
              xmlns="http://www.w3.org/2000/svg"
            >
              <path
                d="M20 13c0 5-3.5 7.5-7.66 8.95a1 1 0 0 1-.67-.01C7.5 20.5 4 18 4 13V6a1 1 0 0 1 1-1c2 0 4.5-1.2 6.24-2.72a1.17 1.17 0 0 1 1.52 0C14.51 3.81 17 5 19 5a1 1 0 0 1 1 1z"
              />
              <path
                d="m9 12 2 2 4-4"
              />
            </svg>
          </div>
          <div
            class="plan-details"
          >
            <h3>
              FREE - SPONSORED
            </h3>
            <p>
              Full Access ΓÇó Community Support
            </p>
          </div>
          <button
            class="plan-button "
          >
            Upgrade Now
          </button>
        </div>
        <div
          class="plan-card "
        >
          <div
            class="plan-icon"
          >
            <svg
              aria-hidden="true"
              class="lucide lucide-zap"
              fill="none"
              height="24"
              stroke="currentColor"
              stroke-linecap="round"
              stroke-linejoin="round"
              stroke-width="2"
              viewBox="0 0 24 24"
              width="24"
              xmlns="http://www.w3.org/2000/svg"
            >
              <path
                d="M4 14a1 1 0 0 1-.78-1.63l9.9-10.2a.5.5 0 0 1 .86.46l-1.92 6.02A1 1 0 0 0 13 10h7a1 1 0 0 1 .78 1.63l-9.9 10.2a.5.5 0 0 1-.86-.46l1.92-6.02A1 1 0 0 0 11 14z"
              />
            </svg>
          </div>
          <div
            class="plan-details"
          >
            <h3>
              FREE (INCOME BASED)
            </h3>
            <p>
              Full Access, Based on Eligibility
            </p>
          </div>
          <button
            class="plan-button "
          >
            Upgrade Now
          </button>
        </div>
        <div
          class="plan-card "
        >
          <div
            class="plan-icon"
          >
            <svg
              aria-hidden="true"
              class="lucide lucide-key"
              fill="none"
              height="24"
              stroke="currentColor"
              stroke-linecap="round"
              stroke-linejoin="round"
              stroke-width="2"
              viewBox="0 0 24 24"
              width="24"
              xmlns="http://www.w3.org/2000/svg"
            >
              <path
                d="m15.5 7.5 2.3 2.3a1 1 0 0 0 1.4 0l2.1-2.1a1 1 0 0 0 0-1.4L19 4"
              />
              <path
                d="m21 2-9.6 9.6"
              />
              <circle
                cx="7.5"
                cy="15.5"
                r="5.5"
              />
            </svg>
          </div>
          <div
            class="plan-details"
          >
            <h3>
              FREE (90 DAYS)
            </h3>
            <p>
              Full Access, Limited Time
            </p>
          </div>
          <button
            class="plan-button "
          >
            Upgrade Now
          </button>
        </div>
        <div
          class="plan-card "
        >
          <div
            class="plan-icon"
          >
            <svg
              aria-hidden="true"
              class="lucide lucide-dollar-sign"
              fill="none"
              height="24"
              stroke="currentColor"
              stroke-linecap="round"
              stroke-linejoin="round"
              stroke-width="2"
              viewBox="0 0 24 24"
              width="24"
              xmlns="http://www.w3.org/2000/svg"
            >
              <line
                x1="12"
                x2="12"
                y1="2"
                y2="22"
              />
              <path
                d="M17 5H9.5a3.5 3.5 0 0 0 0 7h5a3.5 3.5 0 0 1 0 7H6"
              />
            </svg>
          </div>
          <div
            class="plan-details"
          >
            <h3>
              $10 / MONTH
            </h3>
            <p>
              Full Access + Bonus Content
            </p>
          </div>
          <button
            class="plan-button "
          >
            Upgrade Now
          </button>
        </div>
        <div
          class="plan-card "
        >
          <div
            class="plan-icon"
          >
            <svg
              aria-hidden="true"
              class="lucide lucide-clipboard-list"
              fill="none"
              height="24"
              stroke="currentColor"
              stroke-linecap="round"
              stroke-linejoin="round"
              stroke-width="2"
              viewBox="0 0 24 24"
              width="24"
              xmlns="http://www.w3.org/2000/svg"
            >
              <rect
                height="4"
                rx="1"
                ry="1"
                width="8"
                x="8"
                y="2"
              />
              <path
                d="M16 4h2a2 2 0 0 1 2 2v14a2 2 0 0 1-2 2H6a2 2 0 0 1-2-2V6a2 2 0 0 1 2-2h2"
              />
              <path
                d="M12 11h4"
              />
              <path
                d="M12 16h4"
              />
              <path
                d="M8 11h.01"
              />
              <path
                d="M8 16h.01"
              />
            </svg>
          </div>
          <div
            class="plan-details"
          >
            <h3>
              $100 / MONTH
            </h3>
            <p>
              1-on-1 Training + Full Access
            </p>
          </div>
          <button
            class="plan-button "
          >
            Upgrade Now
          </button>
        </div>
      </div>
      <p
        class="footer-blurb"
      >
        Every plan is built to support your comeback. Choose what fuels you.
      </p>
      <button
        class="settings-button"
      >
        <svg
          aria-hidden="true"
          class="lucide lucide-settings"
          fill="none"
          height="24"
          stroke="currentColor"
          stroke-linecap="round"
          stroke-linejoin="round"
          stroke-width="2"
          viewBox="0 0 24 24"
          width="24"
          xmlns="http://www.w3.org/2000/svg"
        >
          <path
            d="M9.671 4.136a2.34 2.34 0 0 1 4.659 0 2.34 2.34 0 0 0 3.319 1.915 2.34 2.34 0 0 1 2.33 4.033 2.34 2.34 0 0 0 0 3.831 2.34 2.34 0 0 1-2.33 4.033 2.34 2.34 0 0 0-3.319 1.915 2.34 2.34 0 0 1-4.659 0 2.34 2.34 0 0 0-3.32-1.915 2.34 2.34 0 0 1-2.33-4.033 2.34 2.34 0 0 0 0-3.831A2.34 2.34 0 0 1 6.35 6.051a2.34 2.34 0 0 0 3.319-1.915"
          />
          <circle
            cx="12"
            cy="12"
            r="3"
          />
        </svg>
      </button>
    </div>
  </div>
</body>

Ignored nodes: comments, script, style
<html>
  <head />
  <body>
    <div>
      <div
        class="my-plan-container"
      >
        <div
          style="display: grid; grid-template-columns: 44px 1fr 44px; align-items: center; margin-bottom: 2rem;"
        >
          <button
            aria-label="Back"
            style="background: none; border: medium; color: white; cursor: pointer; padding: 0px;"
            type="button"
          >
            <svg
              aria-hidden="true"
              class="lucide lucide-arrow-left"
              fill="none"
              height="28"
              stroke="currentColor"
              stroke-linecap="round"
              stroke-linejoin="round"
              stroke-width="2"
              viewBox="0 0 24 24"
              width="28"
              xmlns="http://www.w3.org/2000/svg"
            >
              <path
                d="m12 19-7-7 7-7"
              />
              <path
                d="M19 12H5"
              />
            </svg>
          </button>
          <div
            style="display: flex; align-items: center; justify-content: center; gap: 0.5rem;"
          >
            <svg
              aria-hidden="true"
              class="lucide lucide-clipboard-list"
              fill="none"
              height="28"
              stroke="var(--accent-color)"
              stroke-linecap="round"
              stroke-linejoin="round"
              stroke-width="2"
              viewBox="0 0 24 24"
              width="28"
              xmlns="http://www.w3.org/2000/svg"
            >
              <rect
                height="4"
                rx="1"
                ry="1"
                width="8"
                x="8"
                y="2"
              />
              <path
                d="M16 4h2a2 2 0 0 1 2 2v14a2 2 0 0 1-2 2H6a2 2 0 0 1-2-2V6a2 2 0 0 1 2-2h2"
              />
              <path
                d="M12 11h4"
              />
              <path
                d="M12 16h4"
              />
              <path
                d="M8 11h.01"
              />
              <path
                d="M8 16h.01"
              />
            </svg>
            <h1
              style="font-size: 1.75rem; font-weight: 800; margin: 0px;"
            >
              My Plan
            </h1>
          </div>
          <div />
        </div>
        <div
          class="plan-header"
        >
          <h2>
            YOUR PLAN
          </h2>
          <p>
            test@example.com
          </p>
          <div
            class="user-id-section"
          >
            <span>
              User ID:
            </span>
            <button
              class="user-id-toggle"
              title="Show User ID"
            >
              <svg
                aria-hidden="true"
                class="lucide lucide-eye"
                fill="none"
                height="16"
                stroke="currentColor"
                stroke-linecap="round"
                stroke-linejoin="round"
                stroke-width="2"
                viewBox="0 0 24 24"
                width="16"
                xmlns="http://www.w3.org/2000/svg"
              >
                <path
                  d="M2.062 12.348a1 1 0 0 1 0-.696 10.75 10.75 0 0 1 19.876 0 1 1 0 0 1 0 .696 10.75 10.75 0 0 1-19.876 0"
                />
                <circle
                  cx="12"
                  cy="12"
                  r="3"
                />
              </svg>
            </button>
          </div>
        </div>
        <div
          class="plans-grid"
        >
          <div
            class="plan-card current-plan"
          >
            <div
              class="plan-icon"
            >
              <svg
                aria-hidden="true"
                class="lucide lucide-diamond"
                fill="none"
                height="24"
                stroke="currentColor"
                stroke-linecap="round"
                stroke-linejoin="round"
                stroke-width="2"
                viewBox="0 0 24 24"
                width="24"
                xmlns="http://www.w3.org/2000/svg"
              >
                <path
                  d="M2.7 10.3a2.41 2.41 0 0 0 0 3.41l7.59 7.59a2.41 2.41 0 0 0 3.41 0l7.59-7.59a2.41 2.41 0 0 0 0-3.41l-7.59-7.59a2.41 2.41 0 0 0-3.41 0Z"
                />
              </svg>
            </div>
            <div
              class="plan-details"
            >
              <h3>
                $100 LIFETIME
              </h3>
              <p>
                All-Access Pass, One-Time Fee
              </p>
            </div>
            <button
              class="plan-button current"
            >
              Current Plan
            </button>
          </div>
          <div
            class="plan-card "
          >
            <div
              class="plan-icon"
            >
              <svg
                aria-hidden="true"
                class="lucide lucide-shield-check"
                fill="none"
                height="24"
                stroke="currentColor"
                stroke-linecap="round"
                stroke-linejoin="round"
                stroke-width="2"
                viewBox="0 0 24 24"
                width="24"
                xmlns="http://www.w3.org/2000/svg"
              >
                <path
                  d="M20 13c0 5-3.5 7.5-7.66 8.95a1 1 0 0 1-.67-.01C7.5 20.5 4 18 4 13V6a1 1 0 0 1 1-1c2 0 4.5-1.2 6.24-2.72a1.17 1.17 0 0 1 1.52 0C14.51 3.81 17 5 19 5a1 1 0 0 1 1 1z"
                />
                <path
                  d="m9 12 2 2 4-4"
                />
              </svg>
            </div>
            <div
              class="plan-details"
            >
              <h3>
                FREE - SPONSORED
              </h3>
              <p>
                Full Access ΓÇó Community Support
              </p>
            </div>
            <button
              class="plan-button "
            >
              Upgrade Now
            </button>
          </div>
          <div
            class="plan-card "
          >
            <div
              class="plan-icon"
            >
              <svg
                aria-hidden="true"
                class="lucide lucide-zap"
                fill="none"
                height="24"
                stroke="currentColor"
                stroke-linecap="round"
                stroke-linejoin="round"
                stroke-width="2"
                viewBox="0 0 24 24"
                width="24"
                xmlns="http://www.w3.org/2000/svg"
              >
                <path
                  d="M4 14a1 1 0 0 1-.78-1.63l9.9-10.2a.5.5 0 0 1 .86.46l-1.92 6.02A1 1 0 0 0 13 10h7a1 1 0 0 1 .78 1.63l-9.9 10.2a.5.5 0 0 1-.86-.46l1.92-6.02A1 1 0 0 0 11 14z"
                />
              </svg>
            </div>
            <div
              class="plan-details"
            >
              <h3>
                FREE (INCOME BASED)
              </h3>
              <p>
                Full Access, Based on Eligibility
              </p>
            </div>
            <button
              class="plan-button "
            >
              Upgrade Now
            </button>
          </div>
          <div
            class="plan-card "
          >
            <div
              class="plan-icon"
            >
              <svg
                aria-hidden="true"
                class="lucide lucide-key"
                fill="none"
                height="24"
                stroke="currentColor"
                stroke-linecap="round"
                stroke-linejoin="round"
                stroke-width="2"
                viewBox="0 0 24 24"
                width="24"
                xmlns="http://www.w3.org/2000/svg"
              >
                <path
                  d="m15.5 7.5 2.3 2.3a1 1 0 0 0 1.4 0l2.1-2.1a1 1 0 0 0 0-1.4L19 4"
                />
                <path
                  d="m21 2-9.6 9.6"
                />
                <circle
                  cx="7.5"
                  cy="15.5"
                  r="5.5"
                />
              </svg>
            </div>
            <div
              class="plan-details"
            >
              <h3>
                FREE (90 DAYS)
              </h3>
              <p>
                Full Access, Limited Time
              </p>
            </div>
            <button
              class="plan-button "
            >
              Upgrade Now
            </button>
          </div>
          <div
            class="plan-card "
          >
            <div
              class="plan-icon"
            >
              <svg
                aria-hidden="true"
                class="lucide lucide-dollar-sign"
                fill="none"
                height="24"
                stroke="currentColor"
                stroke-linecap="round"
                stroke-linejoin="round"
                stroke-width="2"
                viewBox="0 0 24 24"
                width="24"
                xmlns="http://www.w3.org/2000/svg"
              >
                <line
                  x1="12"
                  x2="12"
                  y1="2"
                  y2="22"
                />
                <path
                  d="M17 5H9.5a3.5 3.5 0 0 0 0 7h5a3.5 3.5 0 0 1 0 7H6"
                />
              </svg>
            </div>
            <div
              class="plan-details"
            >
              <h3>
                $10 / MONTH
              </h3>
              <p>
                Full Access + Bonus Content
              </p>
            </div>
            <button
              class="plan-button "
            >
              Upgrade Now
            </button>
          </div>
          <div
            class="plan-card "
          >
            <div
              class="plan-icon"
            >
              <svg
                aria-hidden="true"
                class="lucide lucide-clipboard-list"
                fill="none"
                height="24"
                stroke="currentColor"
                stroke-linecap="round"
                stroke-linejoin="round"
                stroke-width="2"
                viewBox="0 0 24 24"
                width="24"
                xmlns="http://www.w3.org/2000/svg"
              >
                <rect
                  height="4"
                  rx="1"
                  ry="1"
                  width="8"
                  x="8"
                  y="2"
                />
                <path
                  d="M16 4h2a2 2 0 0 1 2 2v14a2 2 0 0 1-2 2H6a2 2 0 0 1-2-2V6a2 2 0 0 1 2-2h2"
                />
                <path
                  d="M12 11h4"
                />
                <path
                  d="M12 16h4"
                />
                <path
                  d="M8 11h.01"
                />
                <path
                  d="M8 16h.01"
                />
              </svg>
            </div>
            <div
              class="plan-details"
            >
              <h3>
                $100 / MONTH
              </h3>
              <p>
                1-on-1 Training + Full Access
              </p>
            </div>
            <button
              class="plan-button "
            >
              Upgrade Now
            </button>
          </div>
        </div>
        <p
          class="footer-blurb"
        >
          Every plan is built to support your comeback. Choose what fuels you.
        </p>
        <button
          class="settings-button"
        >
          <svg
            aria-hidden="true"
            class="lucide lucide-settings"
            fill="none"
            height="24"
            stroke="currentColor"
            stroke-linecap="round"
            stroke-linejoin="round"
            stroke-width="2"
            viewBox="0 0 24 24"
            width="24"
            xmlns="http://www.w3.org/2000/svg"
          >
            <path
              d="M9.671 4.136a2.34 2.34 0 0 1 4.659 0 2.34 2.34 0 0 0 3.319 1.915 2.34 2.34 0 0 1 2.33 4.033 2.34 2.34 0 0 0 0 3.831 2.34 2.34 0 0 1-2.33 4.033 2.34 2.34 0 0 0-3.319 1.915 2.34 2.34 0 0 1-4.659 0 2.34 2.34 0 0 0-3.32-1.915 2.34 2.34 0 0 1-2.33-4.033 2.34 2.34 0 0 0 0-3.831A2.34 2.34 0 0 1 6.35 6.051a2.34 2.34 0 0 0 3.319-1.915"
            />
            <circle
              cx="12"
              cy="12"
              r="3"
            />
          </svg>
        </button>
      </div>
    </div>
  </body>
</html>
 Γ¥» Proxy.waitForWrapper node_modules/@testing-library/dom/dist/wait-for.js:163:27
 Γ¥» tests/pages/MyPlanPage.test.jsx:498:13
    496|       );
    497| 
    498|       await waitFor(() => {
       |             ^
    499|         expect(screen.getByRole('button', { name: /settings/i })).toBeΓÇª
    500|       });

ΓÄ»ΓÄ»ΓÄ»ΓÄ»ΓÄ»ΓÄ»ΓÄ»ΓÄ»ΓÄ»ΓÄ»ΓÄ»ΓÄ»ΓÄ»ΓÄ»ΓÄ»ΓÄ»ΓÄ»ΓÄ»ΓÄ»ΓÄ»ΓÄ»ΓÄ»ΓÄ»[6/14]ΓÄ»

 FAIL  tests/pages/MyPlanPage.test.jsx > MyPlanPage Component > Settings Modal Functionality > displays all theme options in modal
TestingLibraryElementError: Unable to find role="button" and name `/settings/i`

Ignored nodes: comments, script, style
<body>
  <div>
    <div
      class="my-plan-container"
    >
      <div
        style="display: grid; grid-template-columns: 44px 1fr 44px; align-items: center; margin-bottom: 2rem;"
      >
        <button
          aria-label="Back"
          style="background: none; border: medium; color: white; cursor: pointer; padding: 0px;"
          type="button"
        >
          <svg
            aria-hidden="true"
            class="lucide lucide-arrow-left"
            fill="none"
            height="28"
            stroke="currentColor"
            stroke-linecap="round"
            stroke-linejoin="round"
            stroke-width="2"
            viewBox="0 0 24 24"
            width="28"
            xmlns="http://www.w3.org/2000/svg"
          >
            <path
              d="m12 19-7-7 7-7"
            />
            <path
              d="M19 12H5"
            />
          </svg>
        </button>
        <div
          style="display: flex; align-items: center; justify-content: center; gap: 0.5rem;"
        >
          <svg
            aria-hidden="true"
            class="lucide lucide-clipboard-list"
            fill="none"
            height="28"
            stroke="var(--accent-color)"
            stroke-linecap="round"
            stroke-linejoin="round"
            stroke-width="2"
            viewBox="0 0 24 24"
            width="28"
            xmlns="http://www.w3.org/2000/svg"
          >
            <rect
              height="4"
              rx="1"
              ry="1"
              width="8"
              x="8"
              y="2"
            />
            <path
              d="M16 4h2a2 2 0 0 1 2 2v14a2 2 0 0 1-2 2H6a2 2 0 0 1-2-2V6a2 2 0 0 1 2-2h2"
            />
            <path
              d="M12 11h4"
            />
            <path
              d="M12 16h4"
            />
            <path
              d="M8 11h.01"
            />
            <path
              d="M8 16h.01"
            />
          </svg>
          <h1
            style="font-size: 1.75rem; font-weight: 800; margin: 0px;"
          >
            My Plan
          </h1>
        </div>
        <div />
      </div>
      <div
        class="plan-header"
      >
        <h2>
          YOUR PLAN
        </h2>
        <p>
          test@example.com
        </p>
        <div
          class="user-id-section"
        >
          <span>
            User ID:
          </span>
          <button
            class="user-id-toggle"
            title="Show User ID"
          >
            <svg
              aria-hidden="true"
              class="lucide lucide-eye"
              fill="none"
              height="16"
              stroke="currentColor"
              stroke-linecap="round"
              stroke-linejoin="round"
              stroke-width="2"
              viewBox="0 0 24 24"
              width="16"
              xmlns="http://www.w3.org/2000/svg"
            >
              <path
                d="M2.062 12.348a1 1 0 0 1 0-.696 10.75 10.75 0 0 1 19.876 0 1 1 0 0 1 0 .696 10.75 10.75 0 0 1-19.876 0"
              />
              <circle
                cx="12"
                cy="12"
                r="3"
              />
            </svg>
          </button>
        </div>
      </div>
      <div
        class="plans-grid"
      >
        <div
          class="plan-card current-plan"
        >
          <div
            class="plan-icon"
          >
            <svg
              aria-hidden="true"
              class="lucide lucide-diamond"
              fill="none"
              height="24"
              stroke="currentColor"
              stroke-linecap="round"
              stroke-linejoin="round"
              stroke-width="2"
              viewBox="0 0 24 24"
              width="24"
              xmlns="http://www.w3.org/2000/svg"
            >
              <path
                d="M2.7 10.3a2.41 2.41 0 0 0 0 3.41l7.59 7.59a2.41 2.41 0 0 0 3.41 0l7.59-7.59a2.41 2.41 0 0 0 0-3.41l-7.59-7.59a2.41 2.41 0 0 0-3.41 0Z"
              />
            </svg>
          </div>
          <div
            class="plan-details"
          >
            <h3>
              $100 LIFETIME
            </h3>
            <p>
              All-Access Pass, One-Time Fee
            </p>
          </div>
          <button
            class="plan-button current"
          >
            Current Plan
          </button>
        </div>
        <div
          class="plan-card "
        >
          <div
            class="plan-icon"
          >
            <svg
              aria-hidden="true"
              class="lucide lucide-shield-check"
              fill="none"
              height="24"
              stroke="currentColor"
              stroke-linecap="round"
              stroke-linejoin="round"
              stroke-width="2"
              viewBox="0 0 24 24"
              width="24"
              xmlns="http://www.w3.org/2000/svg"
            >
              <path
                d="M20 13c0 5-3.5 7.5-7.66 8.95a1 1 0 0 1-.67-.01C7.5 20.5 4 18 4 13V6a1 1 0 0 1 1-1c2 0 4.5-1.2 6.24-2.72a1.17 1.17 0 0 1 1.52 0C14.51 3.81 17 5 19 5a1 1 0 0 1 1 1z"
              />
              <path
                d="m9 12 2 2 4-4"
              />
            </svg>
          </div>
          <div
            class="plan-details"
          >
            <h3>
              FREE - SPONSORED
            </h3>
            <p>
              Full Access ΓÇó Community Support
            </p>
          </div>
          <button
            class="plan-button "
          >
            Upgrade Now
          </button>
        </div>
        <div
          class="plan-card "
        >
          <div
            class="plan-icon"
          >
            <svg
              aria-hidden="true"
              class="lucide lucide-zap"
              fill="none"
              height="24"
              stroke="currentColor"
              stroke-linecap="round"
              stroke-linejoin="round"
              stroke-width="2"
              viewBox="0 0 24 24"
              width="24"
              xmlns="http://www.w3.org/2000/svg"
            >
              <path
                d="M4 14a1 1 0 0 1-.78-1.63l9.9-10.2a.5.5 0 0 1 .86.46l-1.92 6.02A1 1 0 0 0 13 10h7a1 1 0 0 1 .78 1.63l-9.9 10.2a.5.5 0 0 1-.86-.46l1.92-6.02A1 1 0 0 0 11 14z"
              />
            </svg>
          </div>
          <div
            class="plan-details"
          >
            <h3>
              FREE (INCOME BASED)
            </h3>
            <p>
              Full Access, Based on Eligibility
            </p>
          </div>
          <button
            class="plan-button "
          >
            Upgrade Now
          </button>
        </div>
        <div
          class="plan-card "
        >
          <div
            class="plan-icon"
          >
            <svg
              aria-hidden="true"
              class="lucide lucide-key"
              fill="none"
              height="24"
              stroke="currentColor"
              stroke-linecap="round"
              stroke-linejoin="round"
              stroke-width="2"
              viewBox="0 0 24 24"
              width="24"
              xmlns="http://www.w3.org/2000/svg"
            >
              <path
                d="m15.5 7.5 2.3 2.3a1 1 0 0 0 1.4 0l2.1-2.1a1 1 0 0 0 0-1.4L19 4"
              />
              <path
                d="m21 2-9.6 9.6"
              />
              <circle
                cx="7.5"
                cy="15.5"
                r="5.5"
              />
            </svg>
          </div>
          <div
            class="plan-details"
          >
            <h3>
              FREE (90 DAYS)
            </h3>
            <p>
              Full Access, Limited Time
            </p>
          </div>
          <button
            class="plan-button "
          >
            Upgrade Now
          </button>
        </div>
        <div
          class="plan-card "
        >
          <div
            class="plan-icon"
          >
            <svg
              aria-hidden="true"
              class="lucide lucide-dollar-sign"
              fill="none"
              height="24"
              stroke="currentColor"
              stroke-linecap="round"
              stroke-linejoin="round"
              stroke-width="2"
              viewBox="0 0 24 24"
              width="24"
              xmlns="http://www.w3.org/2000/svg"
            >
              <line
                x1="12"
                x2="12"
                y1="2"
                y2="22"
              />
              <path
                d="M17 5H9.5a3.5 3.5 0 0 0 0 7h5a3.5 3.5 0 0 1 0 7H6"
              />
            </svg>
          </div>
          <div
            class="plan-details"
          >
            <h3>
              $10 / MONTH
            </h3>
            <p>
              Full Access + Bonus Content
            </p>
          </div>
          <button
            class="plan-button "
          >
            Upgrade Now
          </button>
        </div>
        <div
          class="plan-card "
        >
          <div
            class="plan-icon"
          >
            <svg
              aria-hidden="true"
              class="lucide lucide-clipboard-list"
              fill="none"
              height="24"
              stroke="currentColor"
              stroke-linecap="round"
              stroke-linejoin="round"
              stroke-width="2"
              viewBox="0 0 24 24"
              width="24"
              xmlns="http://www.w3.org/2000/svg"
            >
              <rect
                height="4"
                rx="1"
                ry="1"
                width="8"
                x="8"
                y="2"
              />
              <path
                d="M16 4h2a2 2 0 0 1 2 2v14a2 2 0 0 1-2 2H6a2 2 0 0 1-2-2V6a2 2 0 0 1 2-2h2"
              />
              <path
                d="M12 11h4"
              />
              <path
                d="M12 16h4"
              />
              <path
                d="M8 11h.01"
              />
              <path
                d="M8 16h.01"
              />
            </svg>
          </div>
          <div
            class="plan-details"
          >
            <h3>
              $100 / MONTH
            </h3>
            <p>
              1-on-1 Training + Full Access
            </p>
          </div>
          <button
            class="plan-button "
          >
            Upgrade Now
          </button>
        </div>
      </div>
      <p
        class="footer-blurb"
      >
        Every plan is built to support your comeback. Choose what fuels you.
      </p>
      <button
        class="settings-button"
      >
        <svg
          aria-hidden="true"
          class="lucide lucide-settings"
          fill="none"
          height="24"
          stroke="currentColor"
          stroke-linecap="round"
          stroke-linejoin="round"
          stroke-width="2"
          viewBox="0 0 24 24"
          width="24"
          xmlns="http://www.w3.org/2000/svg"
        >
          <path
            d="M9.671 4.136a2.34 2.34 0 0 1 4.659 0 2.34 2.34 0 0 0 3.319 1.915 2.34 2.34 0 0 1 2.33 4.033 2.34 2.34 0 0 0 0 3.831 2.34 2.34 0 0 1-2.33 4.033 2.34 2.34 0 0 0-3.319 1.915 2.34 2.34 0 0 1-4.659 0 2.34 2.34 0 0 0-3.32-1.915 2.34 2.34 0 0 1-2.33-4.033 2.34 2.34 0 0 0 0-3.831A2.34 2.34 0 0 1 6.35 6.051a2.34 2.34 0 0 0 3.319-1.915"
          />
          <circle
            cx="12"
            cy="12"
            r="3"
          />
        </svg>
      </button>
    </div>
  </div>
</body>

Ignored nodes: comments, script, style
<html>
  <head />
  <body>
    <div>
      <div
        class="my-plan-container"
      >
        <div
          style="display: grid; grid-template-columns: 44px 1fr 44px; align-items: center; margin-bottom: 2rem;"
        >
          <button
            aria-label="Back"
            style="background: none; border: medium; color: white; cursor: pointer; padding: 0px;"
            type="button"
          >
            <svg
              aria-hidden="true"
              class="lucide lucide-arrow-left"
              fill="none"
              height="28"
              stroke="currentColor"
              stroke-linecap="round"
              stroke-linejoin="round"
              stroke-width="2"
              viewBox="0 0 24 24"
              width="28"
              xmlns="http://www.w3.org/2000/svg"
            >
              <path
                d="m12 19-7-7 7-7"
              />
              <path
                d="M19 12H5"
              />
            </svg>
          </button>
          <div
            style="display: flex; align-items: center; justify-content: center; gap: 0.5rem;"
          >
            <svg
              aria-hidden="true"
              class="lucide lucide-clipboard-list"
              fill="none"
              height="28"
              stroke="var(--accent-color)"
              stroke-linecap="round"
              stroke-linejoin="round"
              stroke-width="2"
              viewBox="0 0 24 24"
              width="28"
              xmlns="http://www.w3.org/2000/svg"
            >
              <rect
                height="4"
                rx="1"
                ry="1"
                width="8"
                x="8"
                y="2"
              />
              <path
                d="M16 4h2a2 2 0 0 1 2 2v14a2 2 0 0 1-2 2H6a2 2 0 0 1-2-2V6a2 2 0 0 1 2-2h2"
              />
              <path
                d="M12 11h4"
              />
              <path
                d="M12 16h4"
              />
              <path
                d="M8 11h.01"
              />
              <path
                d="M8 16h.01"
              />
            </svg>
            <h1
              style="font-size: 1.75rem; font-weight: 800; margin: 0px;"
            >
              My Plan
            </h1>
          </div>
          <div />
        </div>
        <div
          class="plan-header"
        >
          <h2>
            YOUR PLAN
          </h2>
          <p>
            test@example.com
          </p>
          <div
            class="user-id-section"
          >
            <span>
              User ID:
            </span>
            <button
              class="user-id-toggle"
              title="Show User ID"
            >
              <svg
                aria-hidden="true"
                class="lucide lucide-eye"
                fill="none"
                height="16"
                stroke="currentColor"
                stroke-linecap="round"
                stroke-linejoin="round"
                stroke-width="2"
                viewBox="0 0 24 24"
                width="16"
                xmlns="http://www.w3.org/2000/svg"
              >
                <path
                  d="M2.062 12.348a1 1 0 0 1 0-.696 10.75 10.75 0 0 1 19.876 0 1 1 0 0 1 0 .696 10.75 10.75 0 0 1-19.876 0"
                />
                <circle
                  cx="12"
                  cy="12"
                  r="3"
                />
              </svg>
            </button>
          </div>
        </div>
        <div
          class="plans-grid"
        >
          <div
            class="plan-card current-plan"
          >
            <div
              class="plan-icon"
            >
              <svg
                aria-hidden="true"
                class="lucide lucide-diamond"
                fill="none"
                height="24"
                stroke="currentColor"
                stroke-linecap="round"
                stroke-linejoin="round"
                stroke-width="2"
                viewBox="0 0 24 24"
                width="24"
                xmlns="http://www.w3.org/2000/svg"
              >
                <path
                  d="M2.7 10.3a2.41 2.41 0 0 0 0 3.41l7.59 7.59a2.41 2.41 0 0 0 3.41 0l7.59-7.59a2.41 2.41 0 0 0 0-3.41l-7.59-7.59a2.41 2.41 0 0 0-3.41 0Z"
                />
              </svg>
            </div>
            <div
              class="plan-details"
            >
              <h3>
                $100 LIFETIME
              </h3>
              <p>
                All-Access Pass, One-Time Fee
              </p>
            </div>
            <button
              class="plan-button current"
            >
              Current Plan
            </button>
          </div>
          <div
            class="plan-card "
          >
            <div
              class="plan-icon"
            >
              <svg
                aria-hidden="true"
                class="lucide lucide-shield-check"
                fill="none"
                height="24"
                stroke="currentColor"
                stroke-linecap="round"
                stroke-linejoin="round"
                stroke-width="2"
                viewBox="0 0 24 24"
                width="24"
                xmlns="http://www.w3.org/2000/svg"
              >
                <path
                  d="M20 13c0 5-3.5 7.5-7.66 8.95a1 1 0 0 1-.67-.01C7.5 20.5 4 18 4 13V6a1 1 0 0 1 1-1c2 0 4.5-1.2 6.24-2.72a1.17 1.17 0 0 1 1.52 0C14.51 3.81 17 5 19 5a1 1 0 0 1 1 1z"
                />
                <path
                  d="m9 12 2 2 4-4"
                />
              </svg>
            </div>
            <div
              class="plan-details"
            >
              <h3>
                FREE - SPONSORED
              </h3>
              <p>
                Full Access ΓÇó Community Support
              </p>
            </div>
            <button
              class="plan-button "
            >
              Upgrade Now
            </button>
          </div>
          <div
            class="plan-card "
          >
            <div
              class="plan-icon"
            >
              <svg
                aria-hidden="true"
                class="lucide lucide-zap"
                fill="none"
                height="24"
                stroke="currentColor"
                stroke-linecap="round"
                stroke-linejoin="round"
                stroke-width="2"
                viewBox="0 0 24 24"
                width="24"
                xmlns="http://www.w3.org/2000/svg"
              >
                <path
                  d="M4 14a1 1 0 0 1-.78-1.63l9.9-10.2a.5.5 0 0 1 .86.46l-1.92 6.02A1 1 0 0 0 13 10h7a1 1 0 0 1 .78 1.63l-9.9 10.2a.5.5 0 0 1-.86-.46l1.92-6.02A1 1 0 0 0 11 14z"
                />
              </svg>
            </div>
            <div
              class="plan-details"
            >
              <h3>
                FREE (INCOME BASED)
              </h3>
              <p>
                Full Access, Based on Eligibility
              </p>
            </div>
            <button
              class="plan-button "
            >
              Upgrade Now
            </button>
          </div>
          <div
            class="plan-card "
          >
            <div
              class="plan-icon"
            >
              <svg
                aria-hidden="true"
                class="lucide lucide-key"
                fill="none"
                height="24"
                stroke="currentColor"
                stroke-linecap="round"
                stroke-linejoin="round"
                stroke-width="2"
                viewBox="0 0 24 24"
                width="24"
                xmlns="http://www.w3.org/2000/svg"
              >
                <path
                  d="m15.5 7.5 2.3 2.3a1 1 0 0 0 1.4 0l2.1-2.1a1 1 0 0 0 0-1.4L19 4"
                />
                <path
                  d="m21 2-9.6 9.6"
                />
                <circle
                  cx="7.5"
                  cy="15.5"
                  r="5.5"
                />
              </svg>
            </div>
            <div
              class="plan-details"
            >
              <h3>
                FREE (90 DAYS)
              </h3>
              <p>
                Full Access, Limited Time
              </p>
            </div>
            <button
              class="plan-button "
            >
              Upgrade Now
            </button>
          </div>
          <div
            class="plan-card "
          >
            <div
              class="plan-icon"
            >
              <svg
                aria-hidden="true"
                class="lucide lucide-dollar-sign"
                fill="none"
                height="24"
                stroke="currentColor"
                stroke-linecap="round"
                stroke-linejoin="round"
                stroke-width="2"
                viewBox="0 0 24 24"
                width="24"
                xmlns="http://www.w3.org/2000/svg"
              >
                <line
                  x1="12"
                  x2="12"
                  y1="2"
                  y2="22"
                />
                <path
                  d="M17 5H9.5a3.5 3.5 0 0 0 0 7h5a3.5 3.5 0 0 1 0 7H6"
                />
              </svg>
            </div>
            <div
              class="plan-details"
            >
              <h3>
                $10 / MONTH
              </h3>
              <p>
                Full Access + Bonus Content
              </p>
            </div>
            <button
              class="plan-button "
            >
              Upgrade Now
            </button>
          </div>
          <div
            class="plan-card "
          >
            <div
              class="plan-icon"
            >
              <svg
                aria-hidden="true"
                class="lucide lucide-clipboard-list"
                fill="none"
                height="24"
                stroke="currentColor"
                stroke-linecap="round"
                stroke-linejoin="round"
                stroke-width="2"
                viewBox="0 0 24 24"
                width="24"
                xmlns="http://www.w3.org/2000/svg"
              >
                <rect
                  height="4"
                  rx="1"
                  ry="1"
                  width="8"
                  x="8"
                  y="2"
                />
                <path
                  d="M16 4h2a2 2 0 0 1 2 2v14a2 2 0 0 1-2 2H6a2 2 0 0 1-2-2V6a2 2 0 0 1 2-2h2"
                />
                <path
                  d="M12 11h4"
                />
                <path
                  d="M12 16h4"
                />
                <path
                  d="M8 11h.01"
                />
                <path
                  d="M8 16h.01"
                />
              </svg>
            </div>
            <div
              class="plan-details"
            >
              <h3>
                $100 / MONTH
              </h3>
              <p>
                1-on-1 Training + Full Access
              </p>
            </div>
            <button
              class="plan-button "
            >
              Upgrade Now
            </button>
          </div>
        </div>
        <p
          class="footer-blurb"
        >
          Every plan is built to support your comeback. Choose what fuels you.
        </p>
        <button
          class="settings-button"
        >
          <svg
            aria-hidden="true"
            class="lucide lucide-settings"
            fill="none"
            height="24"
            stroke="currentColor"
            stroke-linecap="round"
            stroke-linejoin="round"
            stroke-width="2"
            viewBox="0 0 24 24"
            width="24"
            xmlns="http://www.w3.org/2000/svg"
          >
            <path
              d="M9.671 4.136a2.34 2.34 0 0 1 4.659 0 2.34 2.34 0 0 0 3.319 1.915 2.34 2.34 0 0 1 2.33 4.033 2.34 2.34 0 0 0 0 3.831 2.34 2.34 0 0 1-2.33 4.033 2.34 2.34 0 0 0-3.319 1.915 2.34 2.34 0 0 1-4.659 0 2.34 2.34 0 0 0-3.32-1.915 2.34 2.34 0 0 1-2.33-4.033 2.34 2.34 0 0 0 0-3.831A2.34 2.34 0 0 1 6.35 6.051a2.34 2.34 0 0 0 3.319-1.915"
            />
            <circle
              cx="12"
              cy="12"
              r="3"
            />
          </svg>
        </button>
      </div>
    </div>
  </body>
</html>
 Γ¥» Proxy.waitForWrapper node_modules/@testing-library/dom/dist/wait-for.js:163:27
 Γ¥» tests/pages/MyPlanPage.test.jsx:520:13
    518|       );
    519| 
    520|       await waitFor(() => {
       |             ^
    521|         expect(screen.getByRole('button', { name: /settings/i })).toBeΓÇª
    522|       });

ΓÄ»ΓÄ»ΓÄ»ΓÄ»ΓÄ»ΓÄ»ΓÄ»ΓÄ»ΓÄ»ΓÄ»ΓÄ»ΓÄ»ΓÄ»ΓÄ»ΓÄ»ΓÄ»ΓÄ»ΓÄ»ΓÄ»ΓÄ»ΓÄ»ΓÄ»ΓÄ»[7/14]ΓÄ»

 FAIL  tests/pages/MyPlanPage.test.jsx > MyPlanPage Component > Settings Modal Functionality > highlights current theme button
TestingLibraryElementError: Unable to find role="button" and name `/settings/i`

Ignored nodes: comments, script, style
<body>
  <div>
    <div
      class="my-plan-container"
    >
      <div
        style="display: grid; grid-template-columns: 44px 1fr 44px; align-items: center; margin-bottom: 2rem;"
      >
        <button
          aria-label="Back"
          style="background: none; border: medium; color: white; cursor: pointer; padding: 0px;"
          type="button"
        >
          <svg
            aria-hidden="true"
            class="lucide lucide-arrow-left"
            fill="none"
            height="28"
            stroke="currentColor"
            stroke-linecap="round"
            stroke-linejoin="round"
            stroke-width="2"
            viewBox="0 0 24 24"
            width="28"
            xmlns="http://www.w3.org/2000/svg"
          >
            <path
              d="m12 19-7-7 7-7"
            />
            <path
              d="M19 12H5"
            />
          </svg>
        </button>
        <div
          style="display: flex; align-items: center; justify-content: center; gap: 0.5rem;"
        >
          <svg
            aria-hidden="true"
            class="lucide lucide-clipboard-list"
            fill="none"
            height="28"
            stroke="var(--accent-color)"
            stroke-linecap="round"
            stroke-linejoin="round"
            stroke-width="2"
            viewBox="0 0 24 24"
            width="28"
            xmlns="http://www.w3.org/2000/svg"
          >
            <rect
              height="4"
              rx="1"
              ry="1"
              width="8"
              x="8"
              y="2"
            />
            <path
              d="M16 4h2a2 2 0 0 1 2 2v14a2 2 0 0 1-2 2H6a2 2 0 0 1-2-2V6a2 2 0 0 1 2-2h2"
            />
            <path
              d="M12 11h4"
            />
            <path
              d="M12 16h4"
            />
            <path
              d="M8 11h.01"
            />
            <path
              d="M8 16h.01"
            />
          </svg>
          <h1
            style="font-size: 1.75rem; font-weight: 800; margin: 0px;"
          >
            My Plan
          </h1>
        </div>
        <div />
      </div>
      <div
        class="plan-header"
      >
        <h2>
          YOUR PLAN
        </h2>
        <p>
          test@example.com
        </p>
        <div
          class="user-id-section"
        >
          <span>
            User ID:
          </span>
          <button
            class="user-id-toggle"
            title="Show User ID"
          >
            <svg
              aria-hidden="true"
              class="lucide lucide-eye"
              fill="none"
              height="16"
              stroke="currentColor"
              stroke-linecap="round"
              stroke-linejoin="round"
              stroke-width="2"
              viewBox="0 0 24 24"
              width="16"
              xmlns="http://www.w3.org/2000/svg"
            >
              <path
                d="M2.062 12.348a1 1 0 0 1 0-.696 10.75 10.75 0 0 1 19.876 0 1 1 0 0 1 0 .696 10.75 10.75 0 0 1-19.876 0"
              />
              <circle
                cx="12"
                cy="12"
                r="3"
              />
            </svg>
          </button>
        </div>
      </div>
      <div
        class="plans-grid"
      >
        <div
          class="plan-card current-plan"
        >
          <div
            class="plan-icon"
          >
            <svg
              aria-hidden="true"
              class="lucide lucide-diamond"
              fill="none"
              height="24"
              stroke="currentColor"
              stroke-linecap="round"
              stroke-linejoin="round"
              stroke-width="2"
              viewBox="0 0 24 24"
              width="24"
              xmlns="http://www.w3.org/2000/svg"
            >
              <path
                d="M2.7 10.3a2.41 2.41 0 0 0 0 3.41l7.59 7.59a2.41 2.41 0 0 0 3.41 0l7.59-7.59a2.41 2.41 0 0 0 0-3.41l-7.59-7.59a2.41 2.41 0 0 0-3.41 0Z"
              />
            </svg>
          </div>
          <div
            class="plan-details"
          >
            <h3>
              $100 LIFETIME
            </h3>
            <p>
              All-Access Pass, One-Time Fee
            </p>
          </div>
          <button
            class="plan-button current"
          >
            Current Plan
          </button>
        </div>
        <div
          class="plan-card "
        >
          <div
            class="plan-icon"
          >
            <svg
              aria-hidden="true"
              class="lucide lucide-shield-check"
              fill="none"
              height="24"
              stroke="currentColor"
              stroke-linecap="round"
              stroke-linejoin="round"
              stroke-width="2"
              viewBox="0 0 24 24"
              width="24"
              xmlns="http://www.w3.org/2000/svg"
            >
              <path
                d="M20 13c0 5-3.5 7.5-7.66 8.95a1 1 0 0 1-.67-.01C7.5 20.5 4 18 4 13V6a1 1 0 0 1 1-1c2 0 4.5-1.2 6.24-2.72a1.17 1.17 0 0 1 1.52 0C14.51 3.81 17 5 19 5a1 1 0 0 1 1 1z"
              />
              <path
                d="m9 12 2 2 4-4"
              />
            </svg>
          </div>
          <div
            class="plan-details"
          >
            <h3>
              FREE - SPONSORED
            </h3>
            <p>
              Full Access ΓÇó Community Support
            </p>
          </div>
          <button
            class="plan-button "
          >
            Upgrade Now
          </button>
        </div>
        <div
          class="plan-card "
        >
          <div
            class="plan-icon"
          >
            <svg
              aria-hidden="true"
              class="lucide lucide-zap"
              fill="none"
              height="24"
              stroke="currentColor"
              stroke-linecap="round"
              stroke-linejoin="round"
              stroke-width="2"
              viewBox="0 0 24 24"
              width="24"
              xmlns="http://www.w3.org/2000/svg"
            >
              <path
                d="M4 14a1 1 0 0 1-.78-1.63l9.9-10.2a.5.5 0 0 1 .86.46l-1.92 6.02A1 1 0 0 0 13 10h7a1 1 0 0 1 .78 1.63l-9.9 10.2a.5.5 0 0 1-.86-.46l1.92-6.02A1 1 0 0 0 11 14z"
              />
            </svg>
          </div>
          <div
            class="plan-details"
          >
            <h3>
              FREE (INCOME BASED)
            </h3>
            <p>
              Full Access, Based on Eligibility
            </p>
          </div>
          <button
            class="plan-button "
          >
            Upgrade Now
          </button>
        </div>
        <div
          class="plan-card "
        >
          <div
            class="plan-icon"
          >
            <svg
              aria-hidden="true"
              class="lucide lucide-key"
              fill="none"
              height="24"
              stroke="currentColor"
              stroke-linecap="round"
              stroke-linejoin="round"
              stroke-width="2"
              viewBox="0 0 24 24"
              width="24"
              xmlns="http://www.w3.org/2000/svg"
            >
              <path
                d="m15.5 7.5 2.3 2.3a1 1 0 0 0 1.4 0l2.1-2.1a1 1 0 0 0 0-1.4L19 4"
              />
              <path
                d="m21 2-9.6 9.6"
              />
              <circle
                cx="7.5"
                cy="15.5"
                r="5.5"
              />
            </svg>
          </div>
          <div
            class="plan-details"
          >
            <h3>
              FREE (90 DAYS)
            </h3>
            <p>
              Full Access, Limited Time
            </p>
          </div>
          <button
            class="plan-button "
          >
            Upgrade Now
          </button>
        </div>
        <div
          class="plan-card "
        >
          <div
            class="plan-icon"
          >
            <svg
              aria-hidden="true"
              class="lucide lucide-dollar-sign"
              fill="none"
              height="24"
              stroke="currentColor"
              stroke-linecap="round"
              stroke-linejoin="round"
              stroke-width="2"
              viewBox="0 0 24 24"
              width="24"
              xmlns="http://www.w3.org/2000/svg"
            >
              <line
                x1="12"
                x2="12"
                y1="2"
                y2="22"
              />
              <path
                d="M17 5H9.5a3.5 3.5 0 0 0 0 7h5a3.5 3.5 0 0 1 0 7H6"
              />
            </svg>
          </div>
          <div
            class="plan-details"
          >
            <h3>
              $10 / MONTH
            </h3>
            <p>
              Full Access + Bonus Content
            </p>
          </div>
          <button
            class="plan-button "
          >
            Upgrade Now
          </button>
        </div>
        <div
          class="plan-card "
        >
          <div
            class="plan-icon"
          >
            <svg
              aria-hidden="true"
              class="lucide lucide-clipboard-list"
              fill="none"
              height="24"
              stroke="currentColor"
              stroke-linecap="round"
              stroke-linejoin="round"
              stroke-width="2"
              viewBox="0 0 24 24"
              width="24"
              xmlns="http://www.w3.org/2000/svg"
            >
              <rect
                height="4"
                rx="1"
                ry="1"
                width="8"
                x="8"
                y="2"
              />
              <path
                d="M16 4h2a2 2 0 0 1 2 2v14a2 2 0 0 1-2 2H6a2 2 0 0 1-2-2V6a2 2 0 0 1 2-2h2"
              />
              <path
                d="M12 11h4"
              />
              <path
                d="M12 16h4"
              />
              <path
                d="M8 11h.01"
              />
              <path
                d="M8 16h.01"
              />
            </svg>
          </div>
          <div
            class="plan-details"
          >
            <h3>
              $100 / MONTH
            </h3>
            <p>
              1-on-1 Training + Full Access
            </p>
          </div>
          <button
            class="plan-button "
          >
            Upgrade Now
          </button>
        </div>
      </div>
      <p
        class="footer-blurb"
      >
        Every plan is built to support your comeback. Choose what fuels you.
      </p>
      <button
        class="settings-button"
      >
        <svg
          aria-hidden="true"
          class="lucide lucide-settings"
          fill="none"
          height="24"
          stroke="currentColor"
          stroke-linecap="round"
          stroke-linejoin="round"
          stroke-width="2"
          viewBox="0 0 24 24"
          width="24"
          xmlns="http://www.w3.org/2000/svg"
        >
          <path
            d="M9.671 4.136a2.34 2.34 0 0 1 4.659 0 2.34 2.34 0 0 0 3.319 1.915 2.34 2.34 0 0 1 2.33 4.033 2.34 2.34 0 0 0 0 3.831 2.34 2.34 0 0 1-2.33 4.033 2.34 2.34 0 0 0-3.319 1.915 2.34 2.34 0 0 1-4.659 0 2.34 2.34 0 0 0-3.32-1.915 2.34 2.34 0 0 1-2.33-4.033 2.34 2.34 0 0 0 0-3.831A2.34 2.34 0 0 1 6.35 6.051a2.34 2.34 0 0 0 3.319-1.915"
          />
          <circle
            cx="12"
            cy="12"
            r="3"
          />
        </svg>
      </button>
    </div>
  </div>
</body>

Ignored nodes: comments, script, style
<html>
  <head />
  <body>
    <div>
      <div
        class="my-plan-container"
      >
        <div
          style="display: grid; grid-template-columns: 44px 1fr 44px; align-items: center; margin-bottom: 2rem;"
        >
          <button
            aria-label="Back"
            style="background: none; border: medium; color: white; cursor: pointer; padding: 0px;"
            type="button"
          >
            <svg
              aria-hidden="true"
              class="lucide lucide-arrow-left"
              fill="none"
              height="28"
              stroke="currentColor"
              stroke-linecap="round"
              stroke-linejoin="round"
              stroke-width="2"
              viewBox="0 0 24 24"
              width="28"
              xmlns="http://www.w3.org/2000/svg"
            >
              <path
                d="m12 19-7-7 7-7"
              />
              <path
                d="M19 12H5"
              />
            </svg>
          </button>
          <div
            style="display: flex; align-items: center; justify-content: center; gap: 0.5rem;"
          >
            <svg
              aria-hidden="true"
              class="lucide lucide-clipboard-list"
              fill="none"
              height="28"
              stroke="var(--accent-color)"
              stroke-linecap="round"
              stroke-linejoin="round"
              stroke-width="2"
              viewBox="0 0 24 24"
              width="28"
              xmlns="http://www.w3.org/2000/svg"
            >
              <rect
                height="4"
                rx="1"
                ry="1"
                width="8"
                x="8"
                y="2"
              />
              <path
                d="M16 4h2a2 2 0 0 1 2 2v14a2 2 0 0 1-2 2H6a2 2 0 0 1-2-2V6a2 2 0 0 1 2-2h2"
              />
              <path
                d="M12 11h4"
              />
              <path
                d="M12 16h4"
              />
              <path
                d="M8 11h.01"
              />
              <path
                d="M8 16h.01"
              />
            </svg>
            <h1
              style="font-size: 1.75rem; font-weight: 800; margin: 0px;"
            >
              My Plan
            </h1>
          </div>
          <div />
        </div>
        <div
          class="plan-header"
        >
          <h2>
            YOUR PLAN
          </h2>
          <p>
            test@example.com
          </p>
          <div
            class="user-id-section"
          >
            <span>
              User ID:
            </span>
            <button
              class="user-id-toggle"
              title="Show User ID"
            >
              <svg
                aria-hidden="true"
                class="lucide lucide-eye"
                fill="none"
                height="16"
                stroke="currentColor"
                stroke-linecap="round"
                stroke-linejoin="round"
                stroke-width="2"
                viewBox="0 0 24 24"
                width="16"
                xmlns="http://www.w3.org/2000/svg"
              >
                <path
                  d="M2.062 12.348a1 1 0 0 1 0-.696 10.75 10.75 0 0 1 19.876 0 1 1 0 0 1 0 .696 10.75 10.75 0 0 1-19.876 0"
                />
                <circle
                  cx="12"
                  cy="12"
                  r="3"
                />
              </svg>
            </button>
          </div>
        </div>
        <div
          class="plans-grid"
        >
          <div
            class="plan-card current-plan"
          >
            <div
              class="plan-icon"
            >
              <svg
                aria-hidden="true"
                class="lucide lucide-diamond"
                fill="none"
                height="24"
                stroke="currentColor"
                stroke-linecap="round"
                stroke-linejoin="round"
                stroke-width="2"
                viewBox="0 0 24 24"
                width="24"
                xmlns="http://www.w3.org/2000/svg"
              >
                <path
                  d="M2.7 10.3a2.41 2.41 0 0 0 0 3.41l7.59 7.59a2.41 2.41 0 0 0 3.41 0l7.59-7.59a2.41 2.41 0 0 0 0-3.41l-7.59-7.59a2.41 2.41 0 0 0-3.41 0Z"
                />
              </svg>
            </div>
            <div
              class="plan-details"
            >
              <h3>
                $100 LIFETIME
              </h3>
              <p>
                All-Access Pass, One-Time Fee
              </p>
            </div>
            <button
              class="plan-button current"
            >
              Current Plan
            </button>
          </div>
          <div
            class="plan-card "
          >
            <div
              class="plan-icon"
            >
              <svg
                aria-hidden="true"
                class="lucide lucide-shield-check"
                fill="none"
                height="24"
                stroke="currentColor"
                stroke-linecap="round"
                stroke-linejoin="round"
                stroke-width="2"
                viewBox="0 0 24 24"
                width="24"
                xmlns="http://www.w3.org/2000/svg"
              >
                <path
                  d="M20 13c0 5-3.5 7.5-7.66 8.95a1 1 0 0 1-.67-.01C7.5 20.5 4 18 4 13V6a1 1 0 0 1 1-1c2 0 4.5-1.2 6.24-2.72a1.17 1.17 0 0 1 1.52 0C14.51 3.81 17 5 19 5a1 1 0 0 1 1 1z"
                />
                <path
                  d="m9 12 2 2 4-4"
                />
              </svg>
            </div>
            <div
              class="plan-details"
            >
              <h3>
                FREE - SPONSORED
              </h3>
              <p>
                Full Access ΓÇó Community Support
              </p>
            </div>
            <button
              class="plan-button "
            >
              Upgrade Now
            </button>
          </div>
          <div
            class="plan-card "
          >
            <div
              class="plan-icon"
            >
              <svg
                aria-hidden="true"
                class="lucide lucide-zap"
                fill="none"
                height="24"
                stroke="currentColor"
                stroke-linecap="round"
                stroke-linejoin="round"
                stroke-width="2"
                viewBox="0 0 24 24"
                width="24"
                xmlns="http://www.w3.org/2000/svg"
              >
                <path
                  d="M4 14a1 1 0 0 1-.78-1.63l9.9-10.2a.5.5 0 0 1 .86.46l-1.92 6.02A1 1 0 0 0 13 10h7a1 1 0 0 1 .78 1.63l-9.9 10.2a.5.5 0 0 1-.86-.46l1.92-6.02A1 1 0 0 0 11 14z"
                />
              </svg>
            </div>
            <div
              class="plan-details"
            >
              <h3>
                FREE (INCOME BASED)
              </h3>
              <p>
                Full Access, Based on Eligibility
              </p>
            </div>
            <button
              class="plan-button "
            >
              Upgrade Now
            </button>
          </div>
          <div
            class="plan-card "
          >
            <div
              class="plan-icon"
            >
              <svg
                aria-hidden="true"
                class="lucide lucide-key"
                fill="none"
                height="24"
                stroke="currentColor"
                stroke-linecap="round"
                stroke-linejoin="round"
                stroke-width="2"
                viewBox="0 0 24 24"
                width="24"
                xmlns="http://www.w3.org/2000/svg"
              >
                <path
                  d="m15.5 7.5 2.3 2.3a1 1 0 0 0 1.4 0l2.1-2.1a1 1 0 0 0 0-1.4L19 4"
                />
                <path
                  d="m21 2-9.6 9.6"
                />
                <circle
                  cx="7.5"
                  cy="15.5"
                  r="5.5"
                />
              </svg>
            </div>
            <div
              class="plan-details"
            >
              <h3>
                FREE (90 DAYS)
              </h3>
              <p>
                Full Access, Limited Time
              </p>
            </div>
            <button
              class="plan-button "
            >
              Upgrade Now
            </button>
          </div>
          <div
            class="plan-card "
          >
            <div
              class="plan-icon"
            >
              <svg
                aria-hidden="true"
                class="lucide lucide-dollar-sign"
                fill="none"
                height="24"
                stroke="currentColor"
                stroke-linecap="round"
                stroke-linejoin="round"
                stroke-width="2"
                viewBox="0 0 24 24"
                width="24"
                xmlns="http://www.w3.org/2000/svg"
              >
                <line
                  x1="12"
                  x2="12"
                  y1="2"
                  y2="22"
                />
                <path
                  d="M17 5H9.5a3.5 3.5 0 0 0 0 7h5a3.5 3.5 0 0 1 0 7H6"
                />
              </svg>
            </div>
            <div
              class="plan-details"
            >
              <h3>
                $10 / MONTH
              </h3>
              <p>
                Full Access + Bonus Content
              </p>
            </div>
            <button
              class="plan-button "
            >
              Upgrade Now
            </button>
          </div>
          <div
            class="plan-card "
          >
            <div
              class="plan-icon"
            >
              <svg
                aria-hidden="true"
                class="lucide lucide-clipboard-list"
                fill="none"
                height="24"
                stroke="currentColor"
                stroke-linecap="round"
                stroke-linejoin="round"
                stroke-width="2"
                viewBox="0 0 24 24"
                width="24"
                xmlns="http://www.w3.org/2000/svg"
              >
                <rect
                  height="4"
                  rx="1"
                  ry="1"
                  width="8"
                  x="8"
                  y="2"
                />
                <path
                  d="M16 4h2a2 2 0 0 1 2 2v14a2 2 0 0 1-2 2H6a2 2 0 0 1-2-2V6a2 2 0 0 1 2-2h2"
                />
                <path
                  d="M12 11h4"
                />
                <path
                  d="M12 16h4"
                />
                <path
                  d="M8 11h.01"
                />
                <path
                  d="M8 16h.01"
                />
              </svg>
            </div>
            <div
              class="plan-details"
            >
              <h3>
                $100 / MONTH
              </h3>
              <p>
                1-on-1 Training + Full Access
              </p>
            </div>
            <button
              class="plan-button "
            >
              Upgrade Now
            </button>
          </div>
        </div>
        <p
          class="footer-blurb"
        >
          Every plan is built to support your comeback. Choose what fuels you.
        </p>
        <button
          class="settings-button"
        >
          <svg
            aria-hidden="true"
            class="lucide lucide-settings"
            fill="none"
            height="24"
            stroke="currentColor"
            stroke-linecap="round"
            stroke-linejoin="round"
            stroke-width="2"
            viewBox="0 0 24 24"
            width="24"
            xmlns="http://www.w3.org/2000/svg"
          >
            <path
              d="M9.671 4.136a2.34 2.34 0 0 1 4.659 0 2.34 2.34 0 0 0 3.319 1.915 2.34 2.34 0 0 1 2.33 4.033 2.34 2.34 0 0 0 0 3.831 2.34 2.34 0 0 1-2.33 4.033 2.34 2.34 0 0 0-3.319 1.915 2.34 2.34 0 0 1-4.659 0 2.34 2.34 0 0 0-3.32-1.915 2.34 2.34 0 0 1-2.33-4.033 2.34 2.34 0 0 0 0-3.831A2.34 2.34 0 0 1 6.35 6.051a2.34 2.34 0 0 0 3.319-1.915"
            />
            <circle
              cx="12"
              cy="12"
              r="3"
            />
          </svg>
        </button>
      </div>
    </div>
  </body>
</html>
 Γ¥» Proxy.waitForWrapper node_modules/@testing-library/dom/dist/wait-for.js:163:27
 Γ¥» tests/pages/MyPlanPage.test.jsx:540:13
    538|       );
    539| 
    540|       await waitFor(() => {
       |             ^
    541|         expect(screen.getByRole('button', { name: /settings/i })).toBeΓÇª
    542|       });

ΓÄ»ΓÄ»ΓÄ»ΓÄ»ΓÄ»ΓÄ»ΓÄ»ΓÄ»ΓÄ»ΓÄ»ΓÄ»ΓÄ»ΓÄ»ΓÄ»ΓÄ»ΓÄ»ΓÄ»ΓÄ»ΓÄ»ΓÄ»ΓÄ»ΓÄ»ΓÄ»[8/14]ΓÄ»

 FAIL  tests/pages/MyPlanPage.test.jsx > MyPlanPage Component > Settings Modal Functionality > calls updateUserTheme when theme button is clicked
TestingLibraryElementError: Unable to find role="button" and name `/settings/i`

Ignored nodes: comments, script, style
<body>
  <div>
    <div
      class="my-plan-container"
    >
      <div
        style="display: grid; grid-template-columns: 44px 1fr 44px; align-items: center; margin-bottom: 2rem;"
      >
        <button
          aria-label="Back"
          style="background: none; border: medium; color: white; cursor: pointer; padding: 0px;"
          type="button"
        >
          <svg
            aria-hidden="true"
            class="lucide lucide-arrow-left"
            fill="none"
            height="28"
            stroke="currentColor"
            stroke-linecap="round"
            stroke-linejoin="round"
            stroke-width="2"
            viewBox="0 0 24 24"
            width="28"
            xmlns="http://www.w3.org/2000/svg"
          >
            <path
              d="m12 19-7-7 7-7"
            />
            <path
              d="M19 12H5"
            />
          </svg>
        </button>
        <div
          style="display: flex; align-items: center; justify-content: center; gap: 0.5rem;"
        >
          <svg
            aria-hidden="true"
            class="lucide lucide-clipboard-list"
            fill="none"
            height="28"
            stroke="var(--accent-color)"
            stroke-linecap="round"
            stroke-linejoin="round"
            stroke-width="2"
            viewBox="0 0 24 24"
            width="28"
            xmlns="http://www.w3.org/2000/svg"
          >
            <rect
              height="4"
              rx="1"
              ry="1"
              width="8"
              x="8"
              y="2"
            />
            <path
              d="M16 4h2a2 2 0 0 1 2 2v14a2 2 0 0 1-2 2H6a2 2 0 0 1-2-2V6a2 2 0 0 1 2-2h2"
            />
            <path
              d="M12 11h4"
            />
            <path
              d="M12 16h4"
            />
            <path
              d="M8 11h.01"
            />
            <path
              d="M8 16h.01"
            />
          </svg>
          <h1
            style="font-size: 1.75rem; font-weight: 800; margin: 0px;"
          >
            My Plan
          </h1>
        </div>
        <div />
      </div>
      <div
        class="plan-header"
      >
        <h2>
          YOUR PLAN
        </h2>
        <p>
          test@example.com
        </p>
        <div
          class="user-id-section"
        >
          <span>
            User ID:
          </span>
          <button
            class="user-id-toggle"
            title="Show User ID"
          >
            <svg
              aria-hidden="true"
              class="lucide lucide-eye"
              fill="none"
              height="16"
              stroke="currentColor"
              stroke-linecap="round"
              stroke-linejoin="round"
              stroke-width="2"
              viewBox="0 0 24 24"
              width="16"
              xmlns="http://www.w3.org/2000/svg"
            >
              <path
                d="M2.062 12.348a1 1 0 0 1 0-.696 10.75 10.75 0 0 1 19.876 0 1 1 0 0 1 0 .696 10.75 10.75 0 0 1-19.876 0"
              />
              <circle
                cx="12"
                cy="12"
                r="3"
              />
            </svg>
          </button>
        </div>
      </div>
      <div
        class="plans-grid"
      >
        <div
          class="plan-card current-plan"
        >
          <div
            class="plan-icon"
          >
            <svg
              aria-hidden="true"
              class="lucide lucide-diamond"
              fill="none"
              height="24"
              stroke="currentColor"
              stroke-linecap="round"
              stroke-linejoin="round"
              stroke-width="2"
              viewBox="0 0 24 24"
              width="24"
              xmlns="http://www.w3.org/2000/svg"
            >
              <path
                d="M2.7 10.3a2.41 2.41 0 0 0 0 3.41l7.59 7.59a2.41 2.41 0 0 0 3.41 0l7.59-7.59a2.41 2.41 0 0 0 0-3.41l-7.59-7.59a2.41 2.41 0 0 0-3.41 0Z"
              />
            </svg>
          </div>
          <div
            class="plan-details"
          >
            <h3>
              $100 LIFETIME
            </h3>
            <p>
              All-Access Pass, One-Time Fee
            </p>
          </div>
          <button
            class="plan-button current"
          >
            Current Plan
          </button>
        </div>
        <div
          class="plan-card "
        >
          <div
            class="plan-icon"
          >
            <svg
              aria-hidden="true"
              class="lucide lucide-shield-check"
              fill="none"
              height="24"
              stroke="currentColor"
              stroke-linecap="round"
              stroke-linejoin="round"
              stroke-width="2"
              viewBox="0 0 24 24"
              width="24"
              xmlns="http://www.w3.org/2000/svg"
            >
              <path
                d="M20 13c0 5-3.5 7.5-7.66 8.95a1 1 0 0 1-.67-.01C7.5 20.5 4 18 4 13V6a1 1 0 0 1 1-1c2 0 4.5-1.2 6.24-2.72a1.17 1.17 0 0 1 1.52 0C14.51 3.81 17 5 19 5a1 1 0 0 1 1 1z"
              />
              <path
                d="m9 12 2 2 4-4"
              />
            </svg>
          </div>
          <div
            class="plan-details"
          >
            <h3>
              FREE - SPONSORED
            </h3>
            <p>
              Full Access ΓÇó Community Support
            </p>
          </div>
          <button
            class="plan-button "
          >
            Upgrade Now
          </button>
        </div>
        <div
          class="plan-card "
        >
          <div
            class="plan-icon"
          >
            <svg
              aria-hidden="true"
              class="lucide lucide-zap"
              fill="none"
              height="24"
              stroke="currentColor"
              stroke-linecap="round"
              stroke-linejoin="round"
              stroke-width="2"
              viewBox="0 0 24 24"
              width="24"
              xmlns="http://www.w3.org/2000/svg"
            >
              <path
                d="M4 14a1 1 0 0 1-.78-1.63l9.9-10.2a.5.5 0 0 1 .86.46l-1.92 6.02A1 1 0 0 0 13 10h7a1 1 0 0 1 .78 1.63l-9.9 10.2a.5.5 0 0 1-.86-.46l1.92-6.02A1 1 0 0 0 11 14z"
              />
            </svg>
          </div>
          <div
            class="plan-details"
          >
            <h3>
              FREE (INCOME BASED)
            </h3>
            <p>
              Full Access, Based on Eligibility
            </p>
          </div>
          <button
            class="plan-button "
          >
            Upgrade Now
          </button>
        </div>
        <div
          class="plan-card "
        >
          <div
            class="plan-icon"
          >
            <svg
              aria-hidden="true"
              class="lucide lucide-key"
              fill="none"
              height="24"
              stroke="currentColor"
              stroke-linecap="round"
              stroke-linejoin="round"
              stroke-width="2"
              viewBox="0 0 24 24"
              width="24"
              xmlns="http://www.w3.org/2000/svg"
            >
              <path
                d="m15.5 7.5 2.3 2.3a1 1 0 0 0 1.4 0l2.1-2.1a1 1 0 0 0 0-1.4L19 4"
              />
              <path
                d="m21 2-9.6 9.6"
              />
              <circle
                cx="7.5"
                cy="15.5"
                r="5.5"
              />
            </svg>
          </div>
          <div
            class="plan-details"
          >
            <h3>
              FREE (90 DAYS)
            </h3>
            <p>
              Full Access, Limited Time
            </p>
          </div>
          <button
            class="plan-button "
          >
            Upgrade Now
          </button>
        </div>
        <div
          class="plan-card "
        >
          <div
            class="plan-icon"
          >
            <svg
              aria-hidden="true"
              class="lucide lucide-dollar-sign"
              fill="none"
              height="24"
              stroke="currentColor"
              stroke-linecap="round"
              stroke-linejoin="round"
              stroke-width="2"
              viewBox="0 0 24 24"
              width="24"
              xmlns="http://www.w3.org/2000/svg"
            >
              <line
                x1="12"
                x2="12"
                y1="2"
                y2="22"
              />
              <path
                d="M17 5H9.5a3.5 3.5 0 0 0 0 7h5a3.5 3.5 0 0 1 0 7H6"
              />
            </svg>
          </div>
          <div
            class="plan-details"
          >
            <h3>
              $10 / MONTH
            </h3>
            <p>
              Full Access + Bonus Content
            </p>
          </div>
          <button
            class="plan-button "
          >
            Upgrade Now
          </button>
        </div>
        <div
          class="plan-card "
        >
          <div
            class="plan-icon"
          >
            <svg
              aria-hidden="true"
              class="lucide lucide-clipboard-list"
              fill="none"
              height="24"
              stroke="currentColor"
              stroke-linecap="round"
              stroke-linejoin="round"
              stroke-width="2"
              viewBox="0 0 24 24"
              width="24"
              xmlns="http://www.w3.org/2000/svg"
            >
              <rect
                height="4"
                rx="1"
                ry="1"
                width="8"
                x="8"
                y="2"
              />
              <path
                d="M16 4h2a2 2 0 0 1 2 2v14a2 2 0 0 1-2 2H6a2 2 0 0 1-2-2V6a2 2 0 0 1 2-2h2"
              />
              <path
                d="M12 11h4"
              />
              <path
                d="M12 16h4"
              />
              <path
                d="M8 11h.01"
              />
              <path
                d="M8 16h.01"
              />
            </svg>
          </div>
          <div
            class="plan-details"
          >
            <h3>
              $100 / MONTH
            </h3>
            <p>
              1-on-1 Training + Full Access
            </p>
          </div>
          <button
            class="plan-button "
          >
            Upgrade Now
          </button>
        </div>
      </div>
      <p
        class="footer-blurb"
      >
        Every plan is built to support your comeback. Choose what fuels you.
      </p>
      <button
        class="settings-button"
      >
        <svg
          aria-hidden="true"
          class="lucide lucide-settings"
          fill="none"
          height="24"
          stroke="currentColor"
          stroke-linecap="round"
          stroke-linejoin="round"
          stroke-width="2"
          viewBox="0 0 24 24"
          width="24"
          xmlns="http://www.w3.org/2000/svg"
        >
          <path
            d="M9.671 4.136a2.34 2.34 0 0 1 4.659 0 2.34 2.34 0 0 0 3.319 1.915 2.34 2.34 0 0 1 2.33 4.033 2.34 2.34 0 0 0 0 3.831 2.34 2.34 0 0 1-2.33 4.033 2.34 2.34 0 0 0-3.319 1.915 2.34 2.34 0 0 1-4.659 0 2.34 2.34 0 0 0-3.32-1.915 2.34 2.34 0 0 1-2.33-4.033 2.34 2.34 0 0 0 0-3.831A2.34 2.34 0 0 1 6.35 6.051a2.34 2.34 0 0 0 3.319-1.915"
          />
          <circle
            cx="12"
            cy="12"
            r="3"
          />
        </svg>
      </button>
    </div>
  </div>
</body>

Ignored nodes: comments, script, style
<html>
  <head />
  <body>
    <div>
      <div
        class="my-plan-container"
      >
        <div
          style="display: grid; grid-template-columns: 44px 1fr 44px; align-items: center; margin-bottom: 2rem;"
        >
          <button
            aria-label="Back"
            style="background: none; border: medium; color: white; cursor: pointer; padding: 0px;"
            type="button"
          >
            <svg
              aria-hidden="true"
              class="lucide lucide-arrow-left"
              fill="none"
              height="28"
              stroke="currentColor"
              stroke-linecap="round"
              stroke-linejoin="round"
              stroke-width="2"
              viewBox="0 0 24 24"
              width="28"
              xmlns="http://www.w3.org/2000/svg"
            >
              <path
                d="m12 19-7-7 7-7"
              />
              <path
                d="M19 12H5"
              />
            </svg>
          </button>
          <div
            style="display: flex; align-items: center; justify-content: center; gap: 0.5rem;"
          >
            <svg
              aria-hidden="true"
              class="lucide lucide-clipboard-list"
              fill="none"
              height="28"
              stroke="var(--accent-color)"
              stroke-linecap="round"
              stroke-linejoin="round"
              stroke-width="2"
              viewBox="0 0 24 24"
              width="28"
              xmlns="http://www.w3.org/2000/svg"
            >
              <rect
                height="4"
                rx="1"
                ry="1"
                width="8"
                x="8"
                y="2"
              />
              <path
                d="M16 4h2a2 2 0 0 1 2 2v14a2 2 0 0 1-2 2H6a2 2 0 0 1-2-2V6a2 2 0 0 1 2-2h2"
              />
              <path
                d="M12 11h4"
              />
              <path
                d="M12 16h4"
              />
              <path
                d="M8 11h.01"
              />
              <path
                d="M8 16h.01"
              />
            </svg>
            <h1
              style="font-size: 1.75rem; font-weight: 800; margin: 0px;"
            >
              My Plan
            </h1>
          </div>
          <div />
        </div>
        <div
          class="plan-header"
        >
          <h2>
            YOUR PLAN
          </h2>
          <p>
            test@example.com
          </p>
          <div
            class="user-id-section"
          >
            <span>
              User ID:
            </span>
            <button
              class="user-id-toggle"
              title="Show User ID"
            >
              <svg
                aria-hidden="true"
                class="lucide lucide-eye"
                fill="none"
                height="16"
                stroke="currentColor"
                stroke-linecap="round"
                stroke-linejoin="round"
                stroke-width="2"
                viewBox="0 0 24 24"
                width="16"
                xmlns="http://www.w3.org/2000/svg"
              >
                <path
                  d="M2.062 12.348a1 1 0 0 1 0-.696 10.75 10.75 0 0 1 19.876 0 1 1 0 0 1 0 .696 10.75 10.75 0 0 1-19.876 0"
                />
                <circle
                  cx="12"
                  cy="12"
                  r="3"
                />
              </svg>
            </button>
          </div>
        </div>
        <div
          class="plans-grid"
        >
          <div
            class="plan-card current-plan"
          >
            <div
              class="plan-icon"
            >
              <svg
                aria-hidden="true"
                class="lucide lucide-diamond"
                fill="none"
                height="24"
                stroke="currentColor"
                stroke-linecap="round"
                stroke-linejoin="round"
                stroke-width="2"
                viewBox="0 0 24 24"
                width="24"
                xmlns="http://www.w3.org/2000/svg"
              >
                <path
                  d="M2.7 10.3a2.41 2.41 0 0 0 0 3.41l7.59 7.59a2.41 2.41 0 0 0 3.41 0l7.59-7.59a2.41 2.41 0 0 0 0-3.41l-7.59-7.59a2.41 2.41 0 0 0-3.41 0Z"
                />
              </svg>
            </div>
            <div
              class="plan-details"
            >
              <h3>
                $100 LIFETIME
              </h3>
              <p>
                All-Access Pass, One-Time Fee
              </p>
            </div>
            <button
              class="plan-button current"
            >
              Current Plan
            </button>
          </div>
          <div
            class="plan-card "
          >
            <div
              class="plan-icon"
            >
              <svg
                aria-hidden="true"
                class="lucide lucide-shield-check"
                fill="none"
                height="24"
                stroke="currentColor"
                stroke-linecap="round"
                stroke-linejoin="round"
                stroke-width="2"
                viewBox="0 0 24 24"
                width="24"
                xmlns="http://www.w3.org/2000/svg"
              >
                <path
                  d="M20 13c0 5-3.5 7.5-7.66 8.95a1 1 0 0 1-.67-.01C7.5 20.5 4 18 4 13V6a1 1 0 0 1 1-1c2 0 4.5-1.2 6.24-2.72a1.17 1.17 0 0 1 1.52 0C14.51 3.81 17 5 19 5a1 1 0 0 1 1 1z"
                />
                <path
                  d="m9 12 2 2 4-4"
                />
              </svg>
            </div>
            <div
              class="plan-details"
            >
              <h3>
                FREE - SPONSORED
              </h3>
              <p>
                Full Access ΓÇó Community Support
              </p>
            </div>
            <button
              class="plan-button "
            >
              Upgrade Now
            </button>
          </div>
          <div
            class="plan-card "
          >
            <div
              class="plan-icon"
            >
              <svg
                aria-hidden="true"
                class="lucide lucide-zap"
                fill="none"
                height="24"
                stroke="currentColor"
                stroke-linecap="round"
                stroke-linejoin="round"
                stroke-width="2"
                viewBox="0 0 24 24"
                width="24"
                xmlns="http://www.w3.org/2000/svg"
              >
                <path
                  d="M4 14a1 1 0 0 1-.78-1.63l9.9-10.2a.5.5 0 0 1 .86.46l-1.92 6.02A1 1 0 0 0 13 10h7a1 1 0 0 1 .78 1.63l-9.9 10.2a.5.5 0 0 1-.86-.46l1.92-6.02A1 1 0 0 0 11 14z"
                />
              </svg>
            </div>
            <div
              class="plan-details"
            >
              <h3>
                FREE (INCOME BASED)
              </h3>
              <p>
                Full Access, Based on Eligibility
              </p>
            </div>
            <button
              class="plan-button "
            >
              Upgrade Now
            </button>
          </div>
          <div
            class="plan-card "
          >
            <div
              class="plan-icon"
            >
              <svg
                aria-hidden="true"
                class="lucide lucide-key"
                fill="none"
                height="24"
                stroke="currentColor"
                stroke-linecap="round"
                stroke-linejoin="round"
                stroke-width="2"
                viewBox="0 0 24 24"
                width="24"
                xmlns="http://www.w3.org/2000/svg"
              >
                <path
                  d="m15.5 7.5 2.3 2.3a1 1 0 0 0 1.4 0l2.1-2.1a1 1 0 0 0 0-1.4L19 4"
                />
                <path
                  d="m21 2-9.6 9.6"
                />
                <circle
                  cx="7.5"
                  cy="15.5"
                  r="5.5"
                />
              </svg>
            </div>
            <div
              class="plan-details"
            >
              <h3>
                FREE (90 DAYS)
              </h3>
              <p>
                Full Access, Limited Time
              </p>
            </div>
            <button
              class="plan-button "
            >
              Upgrade Now
            </button>
          </div>
          <div
            class="plan-card "
          >
            <div
              class="plan-icon"
            >
              <svg
                aria-hidden="true"
                class="lucide lucide-dollar-sign"
                fill="none"
                height="24"
                stroke="currentColor"
                stroke-linecap="round"
                stroke-linejoin="round"
                stroke-width="2"
                viewBox="0 0 24 24"
                width="24"
                xmlns="http://www.w3.org/2000/svg"
              >
                <line
                  x1="12"
                  x2="12"
                  y1="2"
                  y2="22"
                />
                <path
                  d="M17 5H9.5a3.5 3.5 0 0 0 0 7h5a3.5 3.5 0 0 1 0 7H6"
                />
              </svg>
            </div>
            <div
              class="plan-details"
            >
              <h3>
                $10 / MONTH
              </h3>
              <p>
                Full Access + Bonus Content
              </p>
            </div>
            <button
              class="plan-button "
            >
              Upgrade Now
            </button>
          </div>
          <div
            class="plan-card "
          >
            <div
              class="plan-icon"
            >
              <svg
                aria-hidden="true"
                class="lucide lucide-clipboard-list"
                fill="none"
                height="24"
                stroke="currentColor"
                stroke-linecap="round"
                stroke-linejoin="round"
                stroke-width="2"
                viewBox="0 0 24 24"
                width="24"
                xmlns="http://www.w3.org/2000/svg"
              >
                <rect
                  height="4"
                  rx="1"
                  ry="1"
                  width="8"
                  x="8"
                  y="2"
                />
                <path
                  d="M16 4h2a2 2 0 0 1 2 2v14a2 2 0 0 1-2 2H6a2 2 0 0 1-2-2V6a2 2 0 0 1 2-2h2"
                />
                <path
                  d="M12 11h4"
                />
                <path
                  d="M12 16h4"
                />
                <path
                  d="M8 11h.01"
                />
                <path
                  d="M8 16h.01"
                />
              </svg>
            </div>
            <div
              class="plan-details"
            >
              <h3>
                $100 / MONTH
              </h3>
              <p>
                1-on-1 Training + Full Access
              </p>
            </div>
            <button
              class="plan-button "
            >
              Upgrade Now
            </button>
          </div>
        </div>
        <p
          class="footer-blurb"
        >
          Every plan is built to support your comeback. Choose what fuels you.
        </p>
        <button
          class="settings-button"
        >
          <svg
            aria-hidden="true"
            class="lucide lucide-settings"
            fill="none"
            height="24"
            stroke="currentColor"
            stroke-linecap="round"
            stroke-linejoin="round"
            stroke-width="2"
            viewBox="0 0 24 24"
            width="24"
            xmlns="http://www.w3.org/2000/svg"
          >
            <path
              d="M9.671 4.136a2.34 2.34 0 0 1 4.659 0 2.34 2.34 0 0 0 3.319 1.915 2.34 2.34 0 0 1 2.33 4.033 2.34 2.34 0 0 0 0 3.831 2.34 2.34 0 0 1-2.33 4.033 2.34 2.34 0 0 0-3.319 1.915 2.34 2.34 0 0 1-4.659 0 2.34 2.34 0 0 0-3.32-1.915 2.34 2.34 0 0 1-2.33-4.033 2.34 2.34 0 0 0 0-3.831A2.34 2.34 0 0 1 6.35 6.051a2.34 2.34 0 0 0 3.319-1.915"
            />
            <circle
              cx="12"
              cy="12"
              r="3"
            />
          </svg>
        </button>
      </div>
    </div>
  </body>
</html>
 Γ¥» Proxy.waitForWrapper node_modules/@testing-library/dom/dist/wait-for.js:163:27
 Γ¥» tests/pages/MyPlanPage.test.jsx:560:13
    558|       );
    559| 
    560|       await waitFor(() => {
       |             ^
    561|         expect(screen.getByRole('button', { name: /settings/i })).toBeΓÇª
    562|       });

ΓÄ»ΓÄ»ΓÄ»ΓÄ»ΓÄ»ΓÄ»ΓÄ»ΓÄ»ΓÄ»ΓÄ»ΓÄ»ΓÄ»ΓÄ»ΓÄ»ΓÄ»ΓÄ»ΓÄ»ΓÄ»ΓÄ»ΓÄ»ΓÄ»ΓÄ»ΓÄ»[9/14]ΓÄ»

 FAIL  tests/pages/MyPlanPage.test.jsx > MyPlanPage Component > Error Handling > handles plans loading error gracefully
AssertionError: expected "Mock" to be called with arguments: [ 'Error loading data:', Any<Error> ]

Received: 

  1st Mock call:

  [
    "Error loading data:",
-   Any<Error>,
+   {
+     "message": "Plans load failed",
+   },
  ]


Number of calls: 1


Ignored nodes: comments, script, style
<html>
  <head />
  <body>
    <div>
      <div
        class="my-plan-container"
      >
        <div
          style="display: grid; grid-template-columns: 44px 1fr 44px; align-items: center; margin-bottom: 2rem;"
        >
          <button
            aria-label="Back"
            style="background: none; border: medium; color: white; cursor: pointer; padding: 0px;"
            type="button"
          >
            <svg
              aria-hidden="true"
              class="lucide lucide-arrow-left"
              fill="none"
              height="28"
              stroke="currentColor"
              stroke-linecap="round"
              stroke-linejoin="round"
              stroke-width="2"
              viewBox="0 0 24 24"
              width="28"
              xmlns="http://www.w3.org/2000/svg"
            >
              <path
                d="m12 19-7-7 7-7"
              />
              <path
                d="M19 12H5"
              />
            </svg>
          </button>
          <div
            style="display: flex; align-items: center; justify-content: center; gap: 0.5rem;"
          >
            <svg
              aria-hidden="true"
              class="lucide lucide-clipboard-list"
              fill="none"
              height="28"
              stroke="var(--accent-color)"
              stroke-linecap="round"
              stroke-linejoin="round"
              stroke-width="2"
              viewBox="0 0 24 24"
              width="28"
              xmlns="http://www.w3.org/2000/svg"
            >
              <rect
                height="4"
                rx="1"
                ry="1"
                width="8"
                x="8"
                y="2"
              />
              <path
                d="M16 4h2a2 2 0 0 1 2 2v14a2 2 0 0 1-2 2H6a2 2 0 0 1-2-2V6a2 2 0 0 1 2-2h2"
              />
              <path
                d="M12 11h4"
              />
              <path
                d="M12 16h4"
              />
              <path
                d="M8 11h.01"
              />
              <path
                d="M8 16h.01"
              />
            </svg>
            <h1
              style="font-size: 1.75rem; font-weight: 800; margin: 0px;"
            >
              My Plan
            </h1>
          </div>
          <div />
        </div>
        <div
          class="plan-header"
        >
          <h2>
            YOUR PLAN
          </h2>
          <p>
            test@example.com
          </p>
          <div
            class="user-id-section"
          >
            <span>
              User ID:
            </span>
            <button
              class="user-id-toggle"
              title="Show User ID"
            >
              <svg
                aria-hidden="true"
                class="lucide lucide-eye"
                fill="none"
                height="16"
                stroke="currentColor"
                stroke-linecap="round"
                stroke-linejoin="round"
                stroke-width="2"
                viewBox="0 0 24 24"
                width="16"
                xmlns="http://www.w3.org/2000/svg"
              >
                <path
                  d="M2.062 12.348a1 1 0 0 1 0-.696 10.75 10.75 0 0 1 19.876 0 1 1 0 0 1 0 .696 10.75 10.75 0 0 1-19.876 0"
                />
                <circle
                  cx="12"
                  cy="12"
                  r="3"
                />
              </svg>
            </button>
          </div>
        </div>
        <div
          class="plans-grid"
        />
        <p
          class="footer-blurb"
        >
          Every plan is built to support your comeback. Choose what fuels you.
        </p>
        <button
          class="settings-button"
        >
          <svg
            aria-hidden="true"
            class="lucide lucide-settings"
            fill="none"
            height="24"
            stroke="currentColor"
            stroke-linecap="round"
            stroke-linejoin="round"
            stroke-width="2"
            viewBox="0 0 24 24"
            width="24"
            xmlns="http://www.w3.org/2000/svg"
          >
            <path
              d="M9.671 4.136a2.34 2.34 0 0 1 4.659 0 2.34 2.34 0 0 0 3.319 1.915 2.34 2.34 0 0 1 2.33 4.033 2.34 2.34 0 0 0 0 3.831 2.34 2.34 0 0 1-2.33 4.033 2.34 2.34 0 0 0-3.319 1.915 2.34 2.34 0 0 1-4.659 0 2.34 2.34 0 0 0-3.32-1.915 2.34 2.34 0 0 1-2.33-4.033 2.34 2.34 0 0 0 0-3.831A2.34 2.34 0 0 1 6.35 6.051a2.34 2.34 0 0 0 3.319-1.915"
            />
            <circle
              cx="12"
              cy="12"
              r="3"
            />
          </svg>
        </button>
      </div>
    </div>
  </body>
</html>
 Γ¥» tests/pages/MyPlanPage.test.jsx:601:28
    599| 
    600|       await waitFor(() => {
    601|         expect(consoleSpy).toHaveBeenCalledWith('Error loading data:',ΓÇª
       |                            ^
    602|       });
    603| 
 Γ¥» runWithExpensiveErrorDiagnosticsDisabled node_modules/@testing-library/dom/dist/config.js:47:12
 Γ¥» checkCallback node_modules/@testing-library/dom/dist/wait-for.js:124:77
 Γ¥» Timeout.checkRealTimersCallback node_modules/@testing-library/dom/dist/wait-for.js:118:16

ΓÄ»ΓÄ»ΓÄ»ΓÄ»ΓÄ»ΓÄ»ΓÄ»ΓÄ»ΓÄ»ΓÄ»ΓÄ»ΓÄ»ΓÄ»ΓÄ»ΓÄ»ΓÄ»ΓÄ»ΓÄ»ΓÄ»ΓÄ»ΓÄ»ΓÄ»[10/14]ΓÄ»

 FAIL  tests/pages/MyPlanPage.test.jsx > MyPlanPage Component > Accessibility > has proper ARIA labels and roles
TestingLibraryElementError: Unable to find role="button" and name `/settings/i`

Ignored nodes: comments, script, style
<body>
  <div>
    <div
      class="my-plan-container"
    >
      <div
        style="display: grid; grid-template-columns: 44px 1fr 44px; align-items: center; margin-bottom: 2rem;"
      >
        <button
          aria-label="Back"
          style="background: none; border: medium; color: white; cursor: pointer; padding: 0px;"
          type="button"
        >
          <svg
            aria-hidden="true"
            class="lucide lucide-arrow-left"
            fill="none"
            height="28"
            stroke="currentColor"
            stroke-linecap="round"
            stroke-linejoin="round"
            stroke-width="2"
            viewBox="0 0 24 24"
            width="28"
            xmlns="http://www.w3.org/2000/svg"
          >
            <path
              d="m12 19-7-7 7-7"
            />
            <path
              d="M19 12H5"
            />
          </svg>
        </button>
        <div
          style="display: flex; align-items: center; justify-content: center; gap: 0.5rem;"
        >
          <svg
            aria-hidden="true"
            class="lucide lucide-clipboard-list"
            fill="none"
            height="28"
            stroke="var(--accent-color)"
            stroke-linecap="round"
            stroke-linejoin="round"
            stroke-width="2"
            viewBox="0 0 24 24"
            width="28"
            xmlns="http://www.w3.org/2000/svg"
          >
            <rect
              height="4"
              rx="1"
              ry="1"
              width="8"
              x="8"
              y="2"
            />
            <path
              d="M16 4h2a2 2 0 0 1 2 2v14a2 2 0 0 1-2 2H6a2 2 0 0 1-2-2V6a2 2 0 0 1 2-2h2"
            />
            <path
              d="M12 11h4"
            />
            <path
              d="M12 16h4"
            />
            <path
              d="M8 11h.01"
            />
            <path
              d="M8 16h.01"
            />
          </svg>
          <h1
            style="font-size: 1.75rem; font-weight: 800; margin: 0px;"
          >
            My Plan
          </h1>
        </div>
        <div />
      </div>
      <div
        class="plan-header"
      >
        <h2>
          YOUR PLAN
        </h2>
        <p>
          test@example.com
        </p>
        <div
          class="user-id-section"
        >
          <span>
            User ID:
          </span>
          <button
            class="user-id-toggle"
            title="Show User ID"
          >
            <svg
              aria-hidden="true"
              class="lucide lucide-eye"
              fill="none"
              height="16"
              stroke="currentColor"
              stroke-linecap="round"
              stroke-linejoin="round"
              stroke-width="2"
              viewBox="0 0 24 24"
              width="16"
              xmlns="http://www.w3.org/2000/svg"
            >
              <path
                d="M2.062 12.348a1 1 0 0 1 0-.696 10.75 10.75 0 0 1 19.876 0 1 1 0 0 1 0 .696 10.75 10.75 0 0 1-19.876 0"
              />
              <circle
                cx="12"
                cy="12"
                r="3"
              />
            </svg>
          </button>
        </div>
      </div>
      <div
        class="plans-grid"
      >
        <div
          class="plan-card current-plan"
        >
          <div
            class="plan-icon"
          >
            <svg
              aria-hidden="true"
              class="lucide lucide-diamond"
              fill="none"
              height="24"
              stroke="currentColor"
              stroke-linecap="round"
              stroke-linejoin="round"
              stroke-width="2"
              viewBox="0 0 24 24"
              width="24"
              xmlns="http://www.w3.org/2000/svg"
            >
              <path
                d="M2.7 10.3a2.41 2.41 0 0 0 0 3.41l7.59 7.59a2.41 2.41 0 0 0 3.41 0l7.59-7.59a2.41 2.41 0 0 0 0-3.41l-7.59-7.59a2.41 2.41 0 0 0-3.41 0Z"
              />
            </svg>
          </div>
          <div
            class="plan-details"
          >
            <h3>
              $100 LIFETIME
            </h3>
            <p>
              All-Access Pass, One-Time Fee
            </p>
          </div>
          <button
            class="plan-button current"
          >
            Current Plan
          </button>
        </div>
        <div
          class="plan-card "
        >
          <div
            class="plan-icon"
          >
            <svg
              aria-hidden="true"
              class="lucide lucide-shield-check"
              fill="none"
              height="24"
              stroke="currentColor"
              stroke-linecap="round"
              stroke-linejoin="round"
              stroke-width="2"
              viewBox="0 0 24 24"
              width="24"
              xmlns="http://www.w3.org/2000/svg"
            >
              <path
                d="M20 13c0 5-3.5 7.5-7.66 8.95a1 1 0 0 1-.67-.01C7.5 20.5 4 18 4 13V6a1 1 0 0 1 1-1c2 0 4.5-1.2 6.24-2.72a1.17 1.17 0 0 1 1.52 0C14.51 3.81 17 5 19 5a1 1 0 0 1 1 1z"
              />
              <path
                d="m9 12 2 2 4-4"
              />
            </svg>
          </div>
          <div
            class="plan-details"
          >
            <h3>
              FREE - SPONSORED
            </h3>
            <p>
              Full Access ΓÇó Community Support
            </p>
          </div>
          <button
            class="plan-button "
          >
            Upgrade Now
          </button>
        </div>
        <div
          class="plan-card "
        >
          <div
            class="plan-icon"
          >
            <svg
              aria-hidden="true"
              class="lucide lucide-zap"
              fill="none"
              height="24"
              stroke="currentColor"
              stroke-linecap="round"
              stroke-linejoin="round"
              stroke-width="2"
              viewBox="0 0 24 24"
              width="24"
              xmlns="http://www.w3.org/2000/svg"
            >
              <path
                d="M4 14a1 1 0 0 1-.78-1.63l9.9-10.2a.5.5 0 0 1 .86.46l-1.92 6.02A1 1 0 0 0 13 10h7a1 1 0 0 1 .78 1.63l-9.9 10.2a.5.5 0 0 1-.86-.46l1.92-6.02A1 1 0 0 0 11 14z"
              />
            </svg>
          </div>
          <div
            class="plan-details"
          >
            <h3>
              FREE (INCOME BASED)
            </h3>
            <p>
              Full Access, Based on Eligibility
            </p>
          </div>
          <button
            class="plan-button "
          >
            Upgrade Now
          </button>
        </div>
        <div
          class="plan-card "
        >
          <div
            class="plan-icon"
          >
            <svg
              aria-hidden="true"
              class="lucide lucide-key"
              fill="none"
              height="24"
              stroke="currentColor"
              stroke-linecap="round"
              stroke-linejoin="round"
              stroke-width="2"
              viewBox="0 0 24 24"
              width="24"
              xmlns="http://www.w3.org/2000/svg"
            >
              <path
                d="m15.5 7.5 2.3 2.3a1 1 0 0 0 1.4 0l2.1-2.1a1 1 0 0 0 0-1.4L19 4"
              />
              <path
                d="m21 2-9.6 9.6"
              />
              <circle
                cx="7.5"
                cy="15.5"
                r="5.5"
              />
            </svg>
          </div>
          <div
            class="plan-details"
          >
            <h3>
              FREE (90 DAYS)
            </h3>
            <p>
              Full Access, Limited Time
            </p>
          </div>
          <button
            class="plan-button "
          >
            Upgrade Now
          </button>
        </div>
        <div
          class="plan-card "
        >
          <div
            class="plan-icon"
          >
            <svg
              aria-hidden="true"
              class="lucide lucide-dollar-sign"
              fill="none"
              height="24"
              stroke="currentColor"
              stroke-linecap="round"
              stroke-linejoin="round"
              stroke-width="2"
              viewBox="0 0 24 24"
              width="24"
              xmlns="http://www.w3.org/2000/svg"
            >
              <line
                x1="12"
                x2="12"
                y1="2"
                y2="22"
              />
              <path
                d="M17 5H9.5a3.5 3.5 0 0 0 0 7h5a3.5 3.5 0 0 1 0 7H6"
              />
            </svg>
          </div>
          <div
            class="plan-details"
          >
            <h3>
              $10 / MONTH
            </h3>
            <p>
              Full Access + Bonus Content
            </p>
          </div>
          <button
            class="plan-button "
          >
            Upgrade Now
          </button>
        </div>
        <div
          class="plan-card "
        >
          <div
            class="plan-icon"
          >
            <svg
              aria-hidden="true"
              class="lucide lucide-clipboard-list"
              fill="none"
              height="24"
              stroke="currentColor"
              stroke-linecap="round"
              stroke-linejoin="round"
              stroke-width="2"
              viewBox="0 0 24 24"
              width="24"
              xmlns="http://www.w3.org/2000/svg"
            >
              <rect
                height="4"
                rx="1"
                ry="1"
                width="8"
                x="8"
                y="2"
              />
              <path
                d="M16 4h2a2 2 0 0 1 2 2v14a2 2 0 0 1-2 2H6a2 2 0 0 1-2-2V6a2 2 0 0 1 2-2h2"
              />
              <path
                d="M12 11h4"
              />
              <path
                d="M12 16h4"
              />
              <path
                d="M8 11h.01"
              />
              <path
                d="M8 16h.01"
              />
            </svg>
          </div>
          <div
            class="plan-details"
          >
            <h3>
              $100 / MONTH
            </h3>
            <p>
              1-on-1 Training + Full Access
            </p>
          </div>
          <button
            class="plan-button "
          >
            Upgrade Now
          </button>
        </div>
      </div>
      <p
        class="footer-blurb"
      >
        Every plan is built to support your comeback. Choose what fuels you.
      </p>
      <button
        class="settings-button"
      >
        <svg
          aria-hidden="true"
          class="lucide lucide-settings"
          fill="none"
          height="24"
          stroke="currentColor"
          stroke-linecap="round"
          stroke-linejoin="round"
          stroke-width="2"
          viewBox="0 0 24 24"
          width="24"
          xmlns="http://www.w3.org/2000/svg"
        >
          <path
            d="M9.671 4.136a2.34 2.34 0 0 1 4.659 0 2.34 2.34 0 0 0 3.319 1.915 2.34 2.34 0 0 1 2.33 4.033 2.34 2.34 0 0 0 0 3.831 2.34 2.34 0 0 1-2.33 4.033 2.34 2.34 0 0 0-3.319 1.915 2.34 2.34 0 0 1-4.659 0 2.34 2.34 0 0 0-3.32-1.915 2.34 2.34 0 0 1-2.33-4.033 2.34 2.34 0 0 0 0-3.831A2.34 2.34 0 0 1 6.35 6.051a2.34 2.34 0 0 0 3.319-1.915"
          />
          <circle
            cx="12"
            cy="12"
            r="3"
          />
        </svg>
      </button>
    </div>
  </div>
</body>

Ignored nodes: comments, script, style
<html>
  <head />
  <body>
    <div>
      <div
        class="my-plan-container"
      >
        <div
          style="display: grid; grid-template-columns: 44px 1fr 44px; align-items: center; margin-bottom: 2rem;"
        >
          <button
            aria-label="Back"
            style="background: none; border: medium; color: white; cursor: pointer; padding: 0px;"
            type="button"
          >
            <svg
              aria-hidden="true"
              class="lucide lucide-arrow-left"
              fill="none"
              height="28"
              stroke="currentColor"
              stroke-linecap="round"
              stroke-linejoin="round"
              stroke-width="2"
              viewBox="0 0 24 24"
              width="28"
              xmlns="http://www.w3.org/2000/svg"
            >
              <path
                d="m12 19-7-7 7-7"
              />
              <path
                d="M19 12H5"
              />
            </svg>
          </button>
          <div
            style="display: flex; align-items: center; justify-content: center; gap: 0.5rem;"
          >
            <svg
              aria-hidden="true"
              class="lucide lucide-clipboard-list"
              fill="none"
              height="28"
              stroke="var(--accent-color)"
              stroke-linecap="round"
              stroke-linejoin="round"
              stroke-width="2"
              viewBox="0 0 24 24"
              width="28"
              xmlns="http://www.w3.org/2000/svg"
            >
              <rect
                height="4"
                rx="1"
                ry="1"
                width="8"
                x="8"
                y="2"
              />
              <path
                d="M16 4h2a2 2 0 0 1 2 2v14a2 2 0 0 1-2 2H6a2 2 0 0 1-2-2V6a2 2 0 0 1 2-2h2"
              />
              <path
                d="M12 11h4"
              />
              <path
                d="M12 16h4"
              />
              <path
                d="M8 11h.01"
              />
              <path
                d="M8 16h.01"
              />
            </svg>
            <h1
              style="font-size: 1.75rem; font-weight: 800; margin: 0px;"
            >
              My Plan
            </h1>
          </div>
          <div />
        </div>
        <div
          class="plan-header"
        >
          <h2>
            YOUR PLAN
          </h2>
          <p>
            test@example.com
          </p>
          <div
            class="user-id-section"
          >
            <span>
              User ID:
            </span>
            <button
              class="user-id-toggle"
              title="Show User ID"
            >
              <svg
                aria-hidden="true"
                class="lucide lucide-eye"
                fill="none"
                height="16"
                stroke="currentColor"
                stroke-linecap="round"
                stroke-linejoin="round"
                stroke-width="2"
                viewBox="0 0 24 24"
                width="16"
                xmlns="http://www.w3.org/2000/svg"
              >
                <path
                  d="M2.062 12.348a1 1 0 0 1 0-.696 10.75 10.75 0 0 1 19.876 0 1 1 0 0 1 0 .696 10.75 10.75 0 0 1-19.876 0"
                />
                <circle
                  cx="12"
                  cy="12"
                  r="3"
                />
              </svg>
            </button>
          </div>
        </div>
        <div
          class="plans-grid"
        >
          <div
            class="plan-card current-plan"
          >
            <div
              class="plan-icon"
            >
              <svg
                aria-hidden="true"
                class="lucide lucide-diamond"
                fill="none"
                height="24"
                stroke="currentColor"
                stroke-linecap="round"
                stroke-linejoin="round"
                stroke-width="2"
                viewBox="0 0 24 24"
                width="24"
                xmlns="http://www.w3.org/2000/svg"
              >
                <path
                  d="M2.7 10.3a2.41 2.41 0 0 0 0 3.41l7.59 7.59a2.41 2.41 0 0 0 3.41 0l7.59-7.59a2.41 2.41 0 0 0 0-3.41l-7.59-7.59a2.41 2.41 0 0 0-3.41 0Z"
                />
              </svg>
            </div>
            <div
              class="plan-details"
            >
              <h3>
                $100 LIFETIME
              </h3>
              <p>
                All-Access Pass, One-Time Fee
              </p>
            </div>
            <button
              class="plan-button current"
            >
              Current Plan
            </button>
          </div>
          <div
            class="plan-card "
          >
            <div
              class="plan-icon"
            >
              <svg
                aria-hidden="true"
                class="lucide lucide-shield-check"
                fill="none"
                height="24"
                stroke="currentColor"
                stroke-linecap="round"
                stroke-linejoin="round"
                stroke-width="2"
                viewBox="0 0 24 24"
                width="24"
                xmlns="http://www.w3.org/2000/svg"
              >
                <path
                  d="M20 13c0 5-3.5 7.5-7.66 8.95a1 1 0 0 1-.67-.01C7.5 20.5 4 18 4 13V6a1 1 0 0 1 1-1c2 0 4.5-1.2 6.24-2.72a1.17 1.17 0 0 1 1.52 0C14.51 3.81 17 5 19 5a1 1 0 0 1 1 1z"
                />
                <path
                  d="m9 12 2 2 4-4"
                />
              </svg>
            </div>
            <div
              class="plan-details"
            >
              <h3>
                FREE - SPONSORED
              </h3>
              <p>
                Full Access ΓÇó Community Support
              </p>
            </div>
            <button
              class="plan-button "
            >
              Upgrade Now
            </button>
          </div>
          <div
            class="plan-card "
          >
            <div
              class="plan-icon"
            >
              <svg
                aria-hidden="true"
                class="lucide lucide-zap"
                fill="none"
                height="24"
                stroke="currentColor"
                stroke-linecap="round"
                stroke-linejoin="round"
                stroke-width="2"
                viewBox="0 0 24 24"
                width="24"
                xmlns="http://www.w3.org/2000/svg"
              >
                <path
                  d="M4 14a1 1 0 0 1-.78-1.63l9.9-10.2a.5.5 0 0 1 .86.46l-1.92 6.02A1 1 0 0 0 13 10h7a1 1 0 0 1 .78 1.63l-9.9 10.2a.5.5 0 0 1-.86-.46l1.92-6.02A1 1 0 0 0 11 14z"
                />
              </svg>
            </div>
            <div
              class="plan-details"
            >
              <h3>
                FREE (INCOME BASED)
              </h3>
              <p>
                Full Access, Based on Eligibility
              </p>
            </div>
            <button
              class="plan-button "
            >
              Upgrade Now
            </button>
          </div>
          <div
            class="plan-card "
          >
            <div
              class="plan-icon"
            >
              <svg
                aria-hidden="true"
                class="lucide lucide-key"
                fill="none"
                height="24"
                stroke="currentColor"
                stroke-linecap="round"
                stroke-linejoin="round"
                stroke-width="2"
                viewBox="0 0 24 24"
                width="24"
                xmlns="http://www.w3.org/2000/svg"
              >
                <path
                  d="m15.5 7.5 2.3 2.3a1 1 0 0 0 1.4 0l2.1-2.1a1 1 0 0 0 0-1.4L19 4"
                />
                <path
                  d="m21 2-9.6 9.6"
                />
                <circle
                  cx="7.5"
                  cy="15.5"
                  r="5.5"
                />
              </svg>
            </div>
            <div
              class="plan-details"
            >
              <h3>
                FREE (90 DAYS)
              </h3>
              <p>
                Full Access, Limited Time
              </p>
            </div>
            <button
              class="plan-button "
            >
              Upgrade Now
            </button>
          </div>
          <div
            class="plan-card "
          >
            <div
              class="plan-icon"
            >
              <svg
                aria-hidden="true"
                class="lucide lucide-dollar-sign"
                fill="none"
                height="24"
                stroke="currentColor"
                stroke-linecap="round"
                stroke-linejoin="round"
                stroke-width="2"
                viewBox="0 0 24 24"
                width="24"
                xmlns="http://www.w3.org/2000/svg"
              >
                <line
                  x1="12"
                  x2="12"
                  y1="2"
                  y2="22"
                />
                <path
                  d="M17 5H9.5a3.5 3.5 0 0 0 0 7h5a3.5 3.5 0 0 1 0 7H6"
                />
              </svg>
            </div>
            <div
              class="plan-details"
            >
              <h3>
                $10 / MONTH
              </h3>
              <p>
                Full Access + Bonus Content
              </p>
            </div>
            <button
              class="plan-button "
            >
              Upgrade Now
            </button>
          </div>
          <div
            class="plan-card "
          >
            <div
              class="plan-icon"
            >
              <svg
                aria-hidden="true"
                class="lucide lucide-clipboard-list"
                fill="none"
                height="24"
                stroke="currentColor"
                stroke-linecap="round"
                stroke-linejoin="round"
                stroke-width="2"
                viewBox="0 0 24 24"
                width="24"
                xmlns="http://www.w3.org/2000/svg"
              >
                <rect
                  height="4"
                  rx="1"
                  ry="1"
                  width="8"
                  x="8"
                  y="2"
                />
                <path
                  d="M16 4h2a2 2 0 0 1 2 2v14a2 2 0 0 1-2 2H6a2 2 0 0 1-2-2V6a2 2 0 0 1 2-2h2"
                />
                <path
                  d="M12 11h4"
                />
                <path
                  d="M12 16h4"
                />
                <path
                  d="M8 11h.01"
                />
                <path
                  d="M8 16h.01"
                />
              </svg>
            </div>
            <div
              class="plan-details"
            >
              <h3>
                $100 / MONTH
              </h3>
              <p>
                1-on-1 Training + Full Access
              </p>
            </div>
            <button
              class="plan-button "
            >
              Upgrade Now
            </button>
          </div>
        </div>
        <p
          class="footer-blurb"
        >
          Every plan is built to support your comeback. Choose what fuels you.
        </p>
        <button
          class="settings-button"
        >
          <svg
            aria-hidden="true"
            class="lucide lucide-settings"
            fill="none"
            height="24"
            stroke="currentColor"
            stroke-linecap="round"
            stroke-linejoin="round"
            stroke-width="2"
            viewBox="0 0 24 24"
            width="24"
            xmlns="http://www.w3.org/2000/svg"
          >
            <path
              d="M9.671 4.136a2.34 2.34 0 0 1 4.659 0 2.34 2.34 0 0 0 3.319 1.915 2.34 2.34 0 0 1 2.33 4.033 2.34 2.34 0 0 0 0 3.831 2.34 2.34 0 0 1-2.33 4.033 2.34 2.34 0 0 0-3.319 1.915 2.34 2.34 0 0 1-4.659 0 2.34 2.34 0 0 0-3.32-1.915 2.34 2.34 0 0 1-2.33-4.033 2.34 2.34 0 0 0 0-3.831A2.34 2.34 0 0 1 6.35 6.051a2.34 2.34 0 0 0 3.319-1.915"
            />
            <circle
              cx="12"
              cy="12"
              r="3"
            />
          </svg>
        </button>
      </div>
    </div>
  </body>
</html>
 Γ¥» Proxy.waitForWrapper node_modules/@testing-library/dom/dist/wait-for.js:163:27
 Γ¥» tests/pages/MyPlanPage.test.jsx:760:13
    758|       );
    759| 
    760|       await waitFor(() => {
       |             ^
    761|         // Settings modal should have proper dialog role when opened
    762|         expect(screen.getByRole('button', { name: /settings/i })).toBeΓÇª

ΓÄ»ΓÄ»ΓÄ»ΓÄ»ΓÄ»ΓÄ»ΓÄ»ΓÄ»ΓÄ»ΓÄ»ΓÄ»ΓÄ»ΓÄ»ΓÄ»ΓÄ»ΓÄ»ΓÄ»ΓÄ»ΓÄ»ΓÄ»ΓÄ»ΓÄ»[11/14]ΓÄ»

 FAIL  tests/pages/MyPlanPage.test.jsx > MyPlanPage Component > Accessibility > supports keyboard navigation
TestingLibraryElementError: Unable to find role="button" and name `/settings/i`

Ignored nodes: comments, script, style
<body>
  <div>
    <div
      class="my-plan-container"
    >
      <div
        style="display: grid; grid-template-columns: 44px 1fr 44px; align-items: center; margin-bottom: 2rem;"
      >
        <button
          aria-label="Back"
          style="background: none; border: medium; color: white; cursor: pointer; padding: 0px;"
          type="button"
        >
          <svg
            aria-hidden="true"
            class="lucide lucide-arrow-left"
            fill="none"
            height="28"
            stroke="currentColor"
            stroke-linecap="round"
            stroke-linejoin="round"
            stroke-width="2"
            viewBox="0 0 24 24"
            width="28"
            xmlns="http://www.w3.org/2000/svg"
          >
            <path
              d="m12 19-7-7 7-7"
            />
            <path
              d="M19 12H5"
            />
          </svg>
        </button>
        <div
          style="display: flex; align-items: center; justify-content: center; gap: 0.5rem;"
        >
          <svg
            aria-hidden="true"
            class="lucide lucide-clipboard-list"
            fill="none"
            height="28"
            stroke="var(--accent-color)"
            stroke-linecap="round"
            stroke-linejoin="round"
            stroke-width="2"
            viewBox="0 0 24 24"
            width="28"
            xmlns="http://www.w3.org/2000/svg"
          >
            <rect
              height="4"
              rx="1"
              ry="1"
              width="8"
              x="8"
              y="2"
            />
            <path
              d="M16 4h2a2 2 0 0 1 2 2v14a2 2 0 0 1-2 2H6a2 2 0 0 1-2-2V6a2 2 0 0 1 2-2h2"
            />
            <path
              d="M12 11h4"
            />
            <path
              d="M12 16h4"
            />
            <path
              d="M8 11h.01"
            />
            <path
              d="M8 16h.01"
            />
          </svg>
          <h1
            style="font-size: 1.75rem; font-weight: 800; margin: 0px;"
          >
            My Plan
          </h1>
        </div>
        <div />
      </div>
      <div
        class="plan-header"
      >
        <h2>
          YOUR PLAN
        </h2>
        <p>
          test@example.com
        </p>
        <div
          class="user-id-section"
        >
          <span>
            User ID:
          </span>
          <button
            class="user-id-toggle"
            title="Show User ID"
          >
            <svg
              aria-hidden="true"
              class="lucide lucide-eye"
              fill="none"
              height="16"
              stroke="currentColor"
              stroke-linecap="round"
              stroke-linejoin="round"
              stroke-width="2"
              viewBox="0 0 24 24"
              width="16"
              xmlns="http://www.w3.org/2000/svg"
            >
              <path
                d="M2.062 12.348a1 1 0 0 1 0-.696 10.75 10.75 0 0 1 19.876 0 1 1 0 0 1 0 .696 10.75 10.75 0 0 1-19.876 0"
              />
              <circle
                cx="12"
                cy="12"
                r="3"
              />
            </svg>
          </button>
        </div>
      </div>
      <div
        class="plans-grid"
      >
        <div
          class="plan-card current-plan"
        >
          <div
            class="plan-icon"
          >
            <svg
              aria-hidden="true"
              class="lucide lucide-diamond"
              fill="none"
              height="24"
              stroke="currentColor"
              stroke-linecap="round"
              stroke-linejoin="round"
              stroke-width="2"
              viewBox="0 0 24 24"
              width="24"
              xmlns="http://www.w3.org/2000/svg"
            >
              <path
                d="M2.7 10.3a2.41 2.41 0 0 0 0 3.41l7.59 7.59a2.41 2.41 0 0 0 3.41 0l7.59-7.59a2.41 2.41 0 0 0 0-3.41l-7.59-7.59a2.41 2.41 0 0 0-3.41 0Z"
              />
            </svg>
          </div>
          <div
            class="plan-details"
          >
            <h3>
              $100 LIFETIME
            </h3>
            <p>
              All-Access Pass, One-Time Fee
            </p>
          </div>
          <button
            class="plan-button current"
          >
            Current Plan
          </button>
        </div>
        <div
          class="plan-card "
        >
          <div
            class="plan-icon"
          >
            <svg
              aria-hidden="true"
              class="lucide lucide-shield-check"
              fill="none"
              height="24"
              stroke="currentColor"
              stroke-linecap="round"
              stroke-linejoin="round"
              stroke-width="2"
              viewBox="0 0 24 24"
              width="24"
              xmlns="http://www.w3.org/2000/svg"
            >
              <path
                d="M20 13c0 5-3.5 7.5-7.66 8.95a1 1 0 0 1-.67-.01C7.5 20.5 4 18 4 13V6a1 1 0 0 1 1-1c2 0 4.5-1.2 6.24-2.72a1.17 1.17 0 0 1 1.52 0C14.51 3.81 17 5 19 5a1 1 0 0 1 1 1z"
              />
              <path
                d="m9 12 2 2 4-4"
              />
            </svg>
          </div>
          <div
            class="plan-details"
          >
            <h3>
              FREE - SPONSORED
            </h3>
            <p>
              Full Access ΓÇó Community Support
            </p>
          </div>
          <button
            class="plan-button "
          >
            Upgrade Now
          </button>
        </div>
        <div
          class="plan-card "
        >
          <div
            class="plan-icon"
          >
            <svg
              aria-hidden="true"
              class="lucide lucide-zap"
              fill="none"
              height="24"
              stroke="currentColor"
              stroke-linecap="round"
              stroke-linejoin="round"
              stroke-width="2"
              viewBox="0 0 24 24"
              width="24"
              xmlns="http://www.w3.org/2000/svg"
            >
              <path
                d="M4 14a1 1 0 0 1-.78-1.63l9.9-10.2a.5.5 0 0 1 .86.46l-1.92 6.02A1 1 0 0 0 13 10h7a1 1 0 0 1 .78 1.63l-9.9 10.2a.5.5 0 0 1-.86-.46l1.92-6.02A1 1 0 0 0 11 14z"
              />
            </svg>
          </div>
          <div
            class="plan-details"
          >
            <h3>
              FREE (INCOME BASED)
            </h3>
            <p>
              Full Access, Based on Eligibility
            </p>
          </div>
          <button
            class="plan-button "
          >
            Upgrade Now
          </button>
        </div>
        <div
          class="plan-card "
        >
          <div
            class="plan-icon"
          >
            <svg
              aria-hidden="true"
              class="lucide lucide-key"
              fill="none"
              height="24"
              stroke="currentColor"
              stroke-linecap="round"
              stroke-linejoin="round"
              stroke-width="2"
              viewBox="0 0 24 24"
              width="24"
              xmlns="http://www.w3.org/2000/svg"
            >
              <path
                d="m15.5 7.5 2.3 2.3a1 1 0 0 0 1.4 0l2.1-2.1a1 1 0 0 0 0-1.4L19 4"
              />
              <path
                d="m21 2-9.6 9.6"
              />
              <circle
                cx="7.5"
                cy="15.5"
                r="5.5"
              />
            </svg>
          </div>
          <div
            class="plan-details"
          >
            <h3>
              FREE (90 DAYS)
            </h3>
            <p>
              Full Access, Limited Time
            </p>
          </div>
          <button
            class="plan-button "
          >
            Upgrade Now
          </button>
        </div>
        <div
          class="plan-card "
        >
          <div
            class="plan-icon"
          >
            <svg
              aria-hidden="true"
              class="lucide lucide-dollar-sign"
              fill="none"
              height="24"
              stroke="currentColor"
              stroke-linecap="round"
              stroke-linejoin="round"
              stroke-width="2"
              viewBox="0 0 24 24"
              width="24"
              xmlns="http://www.w3.org/2000/svg"
            >
              <line
                x1="12"
                x2="12"
                y1="2"
                y2="22"
              />
              <path
                d="M17 5H9.5a3.5 3.5 0 0 0 0 7h5a3.5 3.5 0 0 1 0 7H6"
              />
            </svg>
          </div>
          <div
            class="plan-details"
          >
            <h3>
              $10 / MONTH
            </h3>
            <p>
              Full Access + Bonus Content
            </p>
          </div>
          <button
            class="plan-button "
          >
            Upgrade Now
          </button>
        </div>
        <div
          class="plan-card "
        >
          <div
            class="plan-icon"
          >
            <svg
              aria-hidden="true"
              class="lucide lucide-clipboard-list"
              fill="none"
              height="24"
              stroke="currentColor"
              stroke-linecap="round"
              stroke-linejoin="round"
              stroke-width="2"
              viewBox="0 0 24 24"
              width="24"
              xmlns="http://www.w3.org/2000/svg"
            >
              <rect
                height="4"
                rx="1"
                ry="1"
                width="8"
                x="8"
                y="2"
              />
              <path
                d="M16 4h2a2 2 0 0 1 2 2v14a2 2 0 0 1-2 2H6a2 2 0 0 1-2-2V6a2 2 0 0 1 2-2h2"
              />
              <path
                d="M12 11h4"
              />
              <path
                d="M12 16h4"
              />
              <path
                d="M8 11h.01"
              />
              <path
                d="M8 16h.01"
              />
            </svg>
          </div>
          <div
            class="plan-details"
          >
            <h3>
              $100 / MONTH
            </h3>
            <p>
              1-on-1 Training + Full Access
            </p>
          </div>
          <button
            class="plan-button "
          >
            Upgrade Now
          </button>
        </div>
      </div>
      <p
        class="footer-blurb"
      >
        Every plan is built to support your comeback. Choose what fuels you.
      </p>
      <button
        class="settings-button"
      >
        <svg
          aria-hidden="true"
          class="lucide lucide-settings"
          fill="none"
          height="24"
          stroke="currentColor"
          stroke-linecap="round"
          stroke-linejoin="round"
          stroke-width="2"
          viewBox="0 0 24 24"
          width="24"
          xmlns="http://www.w3.org/2000/svg"
        >
          <path
            d="M9.671 4.136a2.34 2.34 0 0 1 4.659 0 2.34 2.34 0 0 0 3.319 1.915 2.34 2.34 0 0 1 2.33 4.033 2.34 2.34 0 0 0 0 3.831 2.34 2.34 0 0 1-2.33 4.033 2.34 2.34 0 0 0-3.319 1.915 2.34 2.34 0 0 1-4.659 0 2.34 2.34 0 0 0-3.32-1.915 2.34 2.34 0 0 1-2.33-4.033 2.34 2.34 0 0 0 0-3.831A2.34 2.34 0 0 1 6.35 6.051a2.34 2.34 0 0 0 3.319-1.915"
          />
          <circle
            cx="12"
            cy="12"
            r="3"
          />
        </svg>
      </button>
    </div>
  </div>
</body>

Ignored nodes: comments, script, style
<html>
  <head />
  <body>
    <div>
      <div
        class="my-plan-container"
      >
        <div
          style="display: grid; grid-template-columns: 44px 1fr 44px; align-items: center; margin-bottom: 2rem;"
        >
          <button
            aria-label="Back"
            style="background: none; border: medium; color: white; cursor: pointer; padding: 0px;"
            type="button"
          >
            <svg
              aria-hidden="true"
              class="lucide lucide-arrow-left"
              fill="none"
              height="28"
              stroke="currentColor"
              stroke-linecap="round"
              stroke-linejoin="round"
              stroke-width="2"
              viewBox="0 0 24 24"
              width="28"
              xmlns="http://www.w3.org/2000/svg"
            >
              <path
                d="m12 19-7-7 7-7"
              />
              <path
                d="M19 12H5"
              />
            </svg>
          </button>
          <div
            style="display: flex; align-items: center; justify-content: center; gap: 0.5rem;"
          >
            <svg
              aria-hidden="true"
              class="lucide lucide-clipboard-list"
              fill="none"
              height="28"
              stroke="var(--accent-color)"
              stroke-linecap="round"
              stroke-linejoin="round"
              stroke-width="2"
              viewBox="0 0 24 24"
              width="28"
              xmlns="http://www.w3.org/2000/svg"
            >
              <rect
                height="4"
                rx="1"
                ry="1"
                width="8"
                x="8"
                y="2"
              />
              <path
                d="M16 4h2a2 2 0 0 1 2 2v14a2 2 0 0 1-2 2H6a2 2 0 0 1-2-2V6a2 2 0 0 1 2-2h2"
              />
              <path
                d="M12 11h4"
              />
              <path
                d="M12 16h4"
              />
              <path
                d="M8 11h.01"
              />
              <path
                d="M8 16h.01"
              />
            </svg>
            <h1
              style="font-size: 1.75rem; font-weight: 800; margin: 0px;"
            >
              My Plan
            </h1>
          </div>
          <div />
        </div>
        <div
          class="plan-header"
        >
          <h2>
            YOUR PLAN
          </h2>
          <p>
            test@example.com
          </p>
          <div
            class="user-id-section"
          >
            <span>
              User ID:
            </span>
            <button
              class="user-id-toggle"
              title="Show User ID"
            >
              <svg
                aria-hidden="true"
                class="lucide lucide-eye"
                fill="none"
                height="16"
                stroke="currentColor"
                stroke-linecap="round"
                stroke-linejoin="round"
                stroke-width="2"
                viewBox="0 0 24 24"
                width="16"
                xmlns="http://www.w3.org/2000/svg"
              >
                <path
                  d="M2.062 12.348a1 1 0 0 1 0-.696 10.75 10.75 0 0 1 19.876 0 1 1 0 0 1 0 .696 10.75 10.75 0 0 1-19.876 0"
                />
                <circle
                  cx="12"
                  cy="12"
                  r="3"
                />
              </svg>
            </button>
          </div>
        </div>
        <div
          class="plans-grid"
        >
          <div
            class="plan-card current-plan"
          >
            <div
              class="plan-icon"
            >
              <svg
                aria-hidden="true"
                class="lucide lucide-diamond"
                fill="none"
                height="24"
                stroke="currentColor"
                stroke-linecap="round"
                stroke-linejoin="round"
                stroke-width="2"
                viewBox="0 0 24 24"
                width="24"
                xmlns="http://www.w3.org/2000/svg"
              >
                <path
                  d="M2.7 10.3a2.41 2.41 0 0 0 0 3.41l7.59 7.59a2.41 2.41 0 0 0 3.41 0l7.59-7.59a2.41 2.41 0 0 0 0-3.41l-7.59-7.59a2.41 2.41 0 0 0-3.41 0Z"
                />
              </svg>
            </div>
            <div
              class="plan-details"
            >
              <h3>
                $100 LIFETIME
              </h3>
              <p>
                All-Access Pass, One-Time Fee
              </p>
            </div>
            <button
              class="plan-button current"
            >
              Current Plan
            </button>
          </div>
          <div
            class="plan-card "
          >
            <div
              class="plan-icon"
            >
              <svg
                aria-hidden="true"
                class="lucide lucide-shield-check"
                fill="none"
                height="24"
                stroke="currentColor"
                stroke-linecap="round"
                stroke-linejoin="round"
                stroke-width="2"
                viewBox="0 0 24 24"
                width="24"
                xmlns="http://www.w3.org/2000/svg"
              >
                <path
                  d="M20 13c0 5-3.5 7.5-7.66 8.95a1 1 0 0 1-.67-.01C7.5 20.5 4 18 4 13V6a1 1 0 0 1 1-1c2 0 4.5-1.2 6.24-2.72a1.17 1.17 0 0 1 1.52 0C14.51 3.81 17 5 19 5a1 1 0 0 1 1 1z"
                />
                <path
                  d="m9 12 2 2 4-4"
                />
              </svg>
            </div>
            <div
              class="plan-details"
            >
              <h3>
                FREE - SPONSORED
              </h3>
              <p>
                Full Access ΓÇó Community Support
              </p>
            </div>
            <button
              class="plan-button "
            >
              Upgrade Now
            </button>
          </div>
          <div
            class="plan-card "
          >
            <div
              class="plan-icon"
            >
              <svg
                aria-hidden="true"
                class="lucide lucide-zap"
                fill="none"
                height="24"
                stroke="currentColor"
                stroke-linecap="round"
                stroke-linejoin="round"
                stroke-width="2"
                viewBox="0 0 24 24"
                width="24"
                xmlns="http://www.w3.org/2000/svg"
              >
                <path
                  d="M4 14a1 1 0 0 1-.78-1.63l9.9-10.2a.5.5 0 0 1 .86.46l-1.92 6.02A1 1 0 0 0 13 10h7a1 1 0 0 1 .78 1.63l-9.9 10.2a.5.5 0 0 1-.86-.46l1.92-6.02A1 1 0 0 0 11 14z"
                />
              </svg>
            </div>
            <div
              class="plan-details"
            >
              <h3>
                FREE (INCOME BASED)
              </h3>
              <p>
                Full Access, Based on Eligibility
              </p>
            </div>
            <button
              class="plan-button "
            >
              Upgrade Now
            </button>
          </div>
          <div
            class="plan-card "
          >
            <div
              class="plan-icon"
            >
              <svg
                aria-hidden="true"
                class="lucide lucide-key"
                fill="none"
                height="24"
                stroke="currentColor"
                stroke-linecap="round"
                stroke-linejoin="round"
                stroke-width="2"
                viewBox="0 0 24 24"
                width="24"
                xmlns="http://www.w3.org/2000/svg"
              >
                <path
                  d="m15.5 7.5 2.3 2.3a1 1 0 0 0 1.4 0l2.1-2.1a1 1 0 0 0 0-1.4L19 4"
                />
                <path
                  d="m21 2-9.6 9.6"
                />
                <circle
                  cx="7.5"
                  cy="15.5"
                  r="5.5"
                />
              </svg>
            </div>
            <div
              class="plan-details"
            >
              <h3>
                FREE (90 DAYS)
              </h3>
              <p>
                Full Access, Limited Time
              </p>
            </div>
            <button
              class="plan-button "
            >
              Upgrade Now
            </button>
          </div>
          <div
            class="plan-card "
          >
            <div
              class="plan-icon"
            >
              <svg
                aria-hidden="true"
                class="lucide lucide-dollar-sign"
                fill="none"
                height="24"
                stroke="currentColor"
                stroke-linecap="round"
                stroke-linejoin="round"
                stroke-width="2"
                viewBox="0 0 24 24"
                width="24"
                xmlns="http://www.w3.org/2000/svg"
              >
                <line
                  x1="12"
                  x2="12"
                  y1="2"
                  y2="22"
                />
                <path
                  d="M17 5H9.5a3.5 3.5 0 0 0 0 7h5a3.5 3.5 0 0 1 0 7H6"
                />
              </svg>
            </div>
            <div
              class="plan-details"
            >
              <h3>
                $10 / MONTH
              </h3>
              <p>
                Full Access + Bonus Content
              </p>
            </div>
            <button
              class="plan-button "
            >
              Upgrade Now
            </button>
          </div>
          <div
            class="plan-card "
          >
            <div
              class="plan-icon"
            >
              <svg
                aria-hidden="true"
                class="lucide lucide-clipboard-list"
                fill="none"
                height="24"
                stroke="currentColor"
                stroke-linecap="round"
                stroke-linejoin="round"
                stroke-width="2"
                viewBox="0 0 24 24"
                width="24"
                xmlns="http://www.w3.org/2000/svg"
              >
                <rect
                  height="4"
                  rx="1"
                  ry="1"
                  width="8"
                  x="8"
                  y="2"
                />
                <path
                  d="M16 4h2a2 2 0 0 1 2 2v14a2 2 0 0 1-2 2H6a2 2 0 0 1-2-2V6a2 2 0 0 1 2-2h2"
                />
                <path
                  d="M12 11h4"
                />
                <path
                  d="M12 16h4"
                />
                <path
                  d="M8 11h.01"
                />
                <path
                  d="M8 16h.01"
                />
              </svg>
            </div>
            <div
              class="plan-details"
            >
              <h3>
                $100 / MONTH
              </h3>
              <p>
                1-on-1 Training + Full Access
              </p>
            </div>
            <button
              class="plan-button "
            >
              Upgrade Now
            </button>
          </div>
        </div>
        <p
          class="footer-blurb"
        >
          Every plan is built to support your comeback. Choose what fuels you.
        </p>
        <button
          class="settings-button"
        >
          <svg
            aria-hidden="true"
            class="lucide lucide-settings"
            fill="none"
            height="24"
            stroke="currentColor"
            stroke-linecap="round"
            stroke-linejoin="round"
            stroke-width="2"
            viewBox="0 0 24 24"
            width="24"
            xmlns="http://www.w3.org/2000/svg"
          >
            <path
              d="M9.671 4.136a2.34 2.34 0 0 1 4.659 0 2.34 2.34 0 0 0 3.319 1.915 2.34 2.34 0 0 1 2.33 4.033 2.34 2.34 0 0 0 0 3.831 2.34 2.34 0 0 1-2.33 4.033 2.34 2.34 0 0 0-3.319 1.915 2.34 2.34 0 0 1-4.659 0 2.34 2.34 0 0 0-3.32-1.915 2.34 2.34 0 0 1-2.33-4.033 2.34 2.34 0 0 0 0-3.831A2.34 2.34 0 0 1 6.35 6.051a2.34 2.34 0 0 0 3.319-1.915"
            />
            <circle
              cx="12"
              cy="12"
              r="3"
            />
          </svg>
        </button>
      </div>
    </div>
  </body>
</html>
 Γ¥» Proxy.waitForWrapper node_modules/@testing-library/dom/dist/wait-for.js:163:27
 Γ¥» tests/pages/MyPlanPage.test.jsx:798:13
    796|       );
    797| 
    798|       await waitFor(() => {
       |             ^
    799|         const settingsButton = screen.getByRole('button', { name: /setΓÇª
    800|         expect(settingsButton).toBeInTheDocument();

ΓÄ»ΓÄ»ΓÄ»ΓÄ»ΓÄ»ΓÄ»ΓÄ»ΓÄ»ΓÄ»ΓÄ»ΓÄ»ΓÄ»ΓÄ»ΓÄ»ΓÄ»ΓÄ»ΓÄ»ΓÄ»ΓÄ»ΓÄ»ΓÄ»ΓÄ»[12/14]ΓÄ»

 FAIL  tests/pages/MyPlanPage.test.jsx > MyPlanPage Component > Performance and Optimization > does not reload data when user object reference changes but ID stays same
AssertionError: expected 3 to be 2 // Object.is equality

- Expected
+ Received

- 2
+ 3

 Γ¥» tests/pages/MyPlanPage.test.jsx:845:44
    843| 
    844|       // Should not trigger additional calls since user ID hasn't chanΓÇª
    845|       expect(mockSelect.mock.calls.length).toBe(initialCallCount);
       |                                            ^
    846|     });
    847| 

ΓÄ»ΓÄ»ΓÄ»ΓÄ»ΓÄ»ΓÄ»ΓÄ»ΓÄ»ΓÄ»ΓÄ»ΓÄ»ΓÄ»ΓÄ»ΓÄ»ΓÄ»ΓÄ»ΓÄ»ΓÄ»ΓÄ»ΓÄ»ΓÄ»ΓÄ»[13/14]ΓÄ»

 FAIL  tests/pages/MyPlanPage.test.jsx > MyPlanPage Integration Tests > completes full user workflow: view plans -> toggle ID -> change theme
TypeError: [AsyncFunction writeText] is not a spy or a call to a spy!
 Γ¥» tests/pages/MyPlanPage.test.jsx:917:43
    915|     // 3. Copy user ID
    916|     await user.click(screen.getByTitle('Copy User ID'));
    917|     expect(navigator.clipboard.writeText).toHaveBeenCalledWith('13564eΓÇª
       |                                           ^
    918| 
    919|     // 4. Open settings and change theme

ΓÄ»ΓÄ»ΓÄ»ΓÄ»ΓÄ»ΓÄ»ΓÄ»ΓÄ»ΓÄ»ΓÄ»ΓÄ»ΓÄ»ΓÄ»ΓÄ»ΓÄ»ΓÄ»ΓÄ»ΓÄ»ΓÄ»ΓÄ»ΓÄ»ΓÄ»[14/14]ΓÄ»


[2m Test Files [22m [1m[31m2 failed[39m[22m[90m (2)[39m
[2m      Tests [22m [1m[31m13 failed[39m[22m[2m | [22m[1m[32m20 passed[39m[22m[90m (33)[39m
[2m   Start at [22m 07:03:54
[2m   Duration [22m 36.97s[2m (transform 1.10s, setup 1.58s, collect 825ms, tests 24.07s, environment 3.40s, prepare 104ms)[22m

JSON report written to C:/Users/david/felony-fitness-app/tests/reports/test-results.json
